[0.057s] Invoking command in '/home/yangxuan/agt_navigation_runtime/build/bunker_msgs': CMAKE_PREFIX_PATH=/opt/ros/humble /usr/bin/cmake /home/yangxuan/agt_navigation_runtime/third_party/bunker_ros2/bunker_msgs -DAMENT_CMAKE_SYMLINK_INSTALL=1 -DCMAKE_INSTALL_PREFIX=/home/yangxuan/agt_navigation_runtime/install/bunker_msgs
[0.351s] -- The C compiler identification is GNU 11.4.0
[0.441s] -- The CXX compiler identification is GNU 11.4.0
[0.452s] -- Detecting C compiler ABI info
[0.571s] -- Detecting C compiler ABI info - done
[0.587s] -- Check for working C compiler: /usr/bin/cc - skipped
[0.588s] -- Detecting C compile features
[0.588s] -- Detecting C compile features - done
[0.594s] -- Detecting CXX compiler ABI info
[0.730s] -- Detecting CXX compiler ABI info - done
[0.748s] -- Check for working CXX compiler: /usr/bin/c++ - skipped
[0.749s] -- Detecting CXX compile features
[0.750s] -- Detecting CXX compile features - done
[0.756s] -- Found ament_cmake: 1.3.14 (/opt/ros/humble/share/ament_cmake/cmake)
[1.016s] -- Found Python3: /usr/bin/python3 (found version "3.10.12") found components: Interpreter 
[1.253s] -- Override CMake install command with custom implementation using symlinks instead of copying resources
[1.368s] -- Found builtin_interfaces: 1.2.2 (/opt/ros/humble/share/builtin_interfaces/cmake)
[1.533s] -- Found rosidl_generator_c: 3.1.8 (/opt/ros/humble/share/rosidl_generator_c/cmake)
[1.542s] -- Found rosidl_adapter: 3.1.8 (/opt/ros/humble/share/rosidl_adapter/cmake)
[1.568s] -- Found rosidl_generator_cpp: 3.1.8 (/opt/ros/humble/share/rosidl_generator_cpp/cmake)
[1.595s] -- Using all available rosidl_typesupport_c: rosidl_typesupport_fastrtps_c;rosidl_typesupport_introspection_c
[1.623s] -- Using all available rosidl_typesupport_cpp: rosidl_typesupport_fastrtps_cpp;rosidl_typesupport_introspection_cpp
[1.654s] -- Found rosidl_default_generators: 1.2.1 (/opt/ros/humble/share/rosidl_default_generators/cmake)
[1.684s] -- Found std_msgs: 4.9.1 (/opt/ros/humble/share/std_msgs/cmake)
[2.895s] -- Found ament_cmake_ros: 0.10.0 (/opt/ros/humble/share/ament_cmake_ros/cmake)
[4.301s] -- Using all available rosidl_typesupport_c: rosidl_typesupport_fastrtps_c;rosidl_typesupport_introspection_c
[4.644s] -- Using all available rosidl_typesupport_cpp: rosidl_typesupport_fastrtps_cpp;rosidl_typesupport_introspection_cpp
[4.707s] -- Found PythonInterp: /usr/bin/python3 (found suitable version "3.10.12", minimum required is "3.6") 
[4.712s] -- Found python_cmake_module: 0.10.0 (/opt/ros/humble/share/python_cmake_module/cmake)
[4.797s] -- Found PythonLibs: /usr/lib/x86_64-linux-gnu/libpython3.10.so (found suitable version "3.10.12", minimum required is "3.5") 
[4.797s] -- Using PYTHON_EXECUTABLE: /usr/bin/python3
[4.797s] -- Using PYTHON_INCLUDE_DIRS: /usr/include/python3.10
[4.797s] -- Using PYTHON_LIBRARIES: /usr/lib/x86_64-linux-gnu/libpython3.10.so
[4.827s] -- Found PythonExtra: .so  
[5.074s] -- Found ament_lint_auto: 0.12.15 (/opt/ros/humble/share/ament_lint_auto/cmake)
[6.328s] -- Added test 'copyright' to check source files copyright and LICENSE
[6.330s] -- Added test 'lint_cmake' to check CMake code style
[6.332s] -- Added test 'xmllint' to check XML markup files
[6.335s] -- Configuring done
[6.468s] -- Generating done
[6.496s] -- Build files have been written to: /home/yangxuan/agt_navigation_runtime/build/bunker_msgs
[6.521s] Invoked command in '/home/yangxuan/agt_navigation_runtime/build/bunker_msgs' returned '0': CMAKE_PREFIX_PATH=/opt/ros/humble /usr/bin/cmake /home/yangxuan/agt_navigation_runtime/third_party/bunker_ros2/bunker_msgs -DAMENT_CMAKE_SYMLINK_INSTALL=1 -DCMAKE_INSTALL_PREFIX=/home/yangxuan/agt_navigation_runtime/install/bunker_msgs
[6.529s] Invoking command in '/home/yangxuan/agt_navigation_runtime/build/bunker_msgs': CMAKE_PREFIX_PATH=/opt/ros/humble /usr/bin/cmake --build /home/yangxuan/agt_navigation_runtime/build/bunker_msgs -- -j32 -l32
[6.644s] [  2%] [34m[1mGenerating C code for ROS interfaces[0m
[6.692s] [  4%] [34m[1mGenerating C++ code for ROS interfaces[0m
[6.699s] [  6%] [34m[1mGenerating Rust code for ROS interfaces[0m
[6.713s] [  6%] Built target ament_cmake_python_symlink_bunker_msgs
[7.545s] running egg_info
[7.547s] creating bunker_msgs.egg-info
[7.549s] writing bunker_msgs.egg-info/PKG-INFO
[7.551s] writing dependency_links to bunker_msgs.egg-info/dependency_links.txt
[7.552s] writing top-level names to bunker_msgs.egg-info/top_level.txt
[7.552s] writing manifest file 'bunker_msgs.egg-info/SOURCES.txt'
[7.556s] reading manifest file 'bunker_msgs.egg-info/SOURCES.txt'
[7.557s] writing manifest file 'bunker_msgs.egg-info/SOURCES.txt'
[7.626s] [  6%] Built target ament_cmake_python_build_bunker_msgs_egg
[7.977s] [  6%] Built target bunker_msgs__rs
[8.238s] [  8%] [32mBuilding C object CMakeFiles/bunker_msgs__rosidl_generator_c.dir/rosidl_generator_c/bunker_msgs/msg/detail/bunker_actuator_state__functions.c.o[0m
[8.239s] [  8%] Built target bunker_msgs__cpp
[8.242s] [ 10%] [32mBuilding C object CMakeFiles/bunker_msgs__rosidl_generator_c.dir/rosidl_generator_c/bunker_msgs/msg/detail/bunker_rc_state__functions.c.o[0m
[8.247s] [ 12%] [32mBuilding C object CMakeFiles/bunker_msgs__rosidl_generator_c.dir/rosidl_generator_c/bunker_msgs/msg/detail/bunker_status__functions.c.o[0m
[8.272s] [ 14%] [34m[1mGenerating C++ type support dispatch for ROS interfaces[0m
[8.273s] [ 16%] [34m[1mGenerating C++ introspection for ROS interfaces[0m
[8.276s] [ 18%] [34m[1mGenerating C++ type support for eProsima Fast-RTPS[0m
[8.400s] [ 20%] [32m[1mLinking C shared library libbunker_msgs__rosidl_generator_c.so[0m
[8.494s] [ 20%] Built target bunker_msgs__rosidl_generator_c
[8.519s] [ 22%] [34m[1mGenerating C type support for eProsima Fast-RTPS[0m
[8.519s] [ 27%] [34m[1mGenerating C type support dispatch for ROS interfaces[0m
[8.521s] [ 27%] [34m[1mGenerating C introspection for ROS interfaces[0m
[9.200s] [ 29%] [32mBuilding CXX object CMakeFiles/bunker_msgs__rosidl_typesupport_cpp.dir/rosidl_typesupport_cpp/bunker_msgs/msg/bunker_status__type_support.cpp.o[0m
[9.203s] [ 31%] [32mBuilding CXX object CMakeFiles/bunker_msgs__rosidl_typesupport_cpp.dir/rosidl_typesupport_cpp/bunker_msgs/msg/bunker_rc_state__type_support.cpp.o[0m
[9.203s] [ 33%] [32mBuilding CXX object CMakeFiles/bunker_msgs__rosidl_typesupport_cpp.dir/rosidl_typesupport_cpp/bunker_msgs/msg/bunker_actuator_state__type_support.cpp.o[0m
[9.309s] [ 35%] [32mBuilding CXX object CMakeFiles/bunker_msgs__rosidl_typesupport_introspection_cpp.dir/rosidl_typesupport_introspection_cpp/bunker_msgs/msg/detail/bunker_actuator_state__type_support.cpp.o[0m
[9.309s] [ 37%] [32mBuilding CXX object CMakeFiles/bunker_msgs__rosidl_typesupport_introspection_cpp.dir/rosidl_typesupport_introspection_cpp/bunker_msgs/msg/detail/bunker_status__type_support.cpp.o[0m
[9.310s] [ 39%] [32mBuilding CXX object CMakeFiles/bunker_msgs__rosidl_typesupport_introspection_cpp.dir/rosidl_typesupport_introspection_cpp/bunker_msgs/msg/detail/bunker_rc_state__type_support.cpp.o[0m
[9.476s] [ 41%] [32mBuilding CXX object CMakeFiles/bunker_msgs__rosidl_typesupport_fastrtps_cpp.dir/rosidl_typesupport_fastrtps_cpp/bunker_msgs/msg/detail/dds_fastrtps/bunker_actuator_state__type_support.cpp.o[0m
[9.480s] [ 43%] [32mBuilding CXX object CMakeFiles/bunker_msgs__rosidl_typesupport_fastrtps_cpp.dir/rosidl_typesupport_fastrtps_cpp/bunker_msgs/msg/detail/dds_fastrtps/bunker_rc_state__type_support.cpp.o[0m
[9.489s] [ 45%] [32mBuilding CXX object CMakeFiles/bunker_msgs__rosidl_typesupport_fastrtps_cpp.dir/rosidl_typesupport_fastrtps_cpp/bunker_msgs/msg/detail/dds_fastrtps/bunker_status__type_support.cpp.o[0m
[9.567s] [ 47%] [32mBuilding CXX object CMakeFiles/bunker_msgs__rosidl_typesupport_c.dir/rosidl_typesupport_c/bunker_msgs/msg/bunker_rc_state__type_support.cpp.o[0m
[9.568s] [ 50%] [32mBuilding CXX object CMakeFiles/bunker_msgs__rosidl_typesupport_c.dir/rosidl_typesupport_c/bunker_msgs/msg/bunker_actuator_state__type_support.cpp.o[0m
[9.569s] [ 52%] [32mBuilding CXX object CMakeFiles/bunker_msgs__rosidl_typesupport_c.dir/rosidl_typesupport_c/bunker_msgs/msg/bunker_status__type_support.cpp.o[0m
[9.701s] [ 54%] [32m[1mLinking CXX shared library libbunker_msgs__rosidl_typesupport_c.so[0m
[9.710s] [ 56%] [32mBuilding CXX object CMakeFiles/bunker_msgs__rosidl_typesupport_fastrtps_c.dir/rosidl_typesupport_fastrtps_c/bunker_msgs/msg/detail/bunker_rc_state__type_support_c.cpp.o[0m
[9.718s] [ 58%] [32mBuilding CXX object CMakeFiles/bunker_msgs__rosidl_typesupport_fastrtps_c.dir/rosidl_typesupport_fastrtps_c/bunker_msgs/msg/detail/bunker_status__type_support_c.cpp.o[0m
[9.729s] [ 60%] [32mBuilding CXX object CMakeFiles/bunker_msgs__rosidl_typesupport_fastrtps_c.dir/rosidl_typesupport_fastrtps_c/bunker_msgs/msg/detail/bunker_actuator_state__type_support_c.cpp.o[0m
[9.796s] [ 62%] [32mBuilding C object CMakeFiles/bunker_msgs__rosidl_typesupport_introspection_c.dir/rosidl_typesupport_introspection_c/bunker_msgs/msg/detail/bunker_rc_state__type_support.c.o[0m
[9.802s] [ 64%] [32mBuilding C object CMakeFiles/bunker_msgs__rosidl_typesupport_introspection_c.dir/rosidl_typesupport_introspection_c/bunker_msgs/msg/detail/bunker_actuator_state__type_support.c.o[0m
[9.806s] [ 66%] [32mBuilding C object CMakeFiles/bunker_msgs__rosidl_typesupport_introspection_c.dir/rosidl_typesupport_introspection_c/bunker_msgs/msg/detail/bunker_status__type_support.c.o[0m
[9.838s] [ 66%] Built target bunker_msgs__rosidl_typesupport_c
[9.949s] [ 68%] [32m[1mLinking C shared library libbunker_msgs__rosidl_typesupport_introspection_c.so[0m
[10.044s] [ 68%] Built target bunker_msgs__rosidl_typesupport_introspection_c
[10.110s] [ 70%] [32m[1mLinking CXX shared library libbunker_msgs__rosidl_typesupport_cpp.so[0m
[10.213s] [ 70%] Built target bunker_msgs__rosidl_typesupport_cpp
[10.435s] [ 72%] [32m[1mLinking CXX shared library libbunker_msgs__rosidl_typesupport_introspection_cpp.so[0m
[10.554s] [ 75%] [32m[1mLinking CXX shared library libbunker_msgs__rosidl_typesupport_fastrtps_cpp.so[0m
[10.601s] [ 77%] [32m[1mLinking CXX shared library libbunker_msgs__rosidl_typesupport_fastrtps_c.so[0m
[10.622s] [ 77%] Built target bunker_msgs__rosidl_typesupport_introspection_cpp
[10.708s] [ 77%] Built target bunker_msgs__rosidl_typesupport_fastrtps_cpp
[10.744s] [ 77%] Built target bunker_msgs__rosidl_typesupport_fastrtps_c
[10.780s] [ 77%] Built target bunker_msgs
[10.817s] [ 79%] [34m[1mGenerating Python code for ROS interfaces[0m
[11.917s] [ 79%] Built target bunker_msgs__py
[11.945s] [ 81%] [32mBuilding C object CMakeFiles/bunker_msgs__rosidl_generator_py.dir/rosidl_generator_py/bunker_msgs/msg/_bunker_actuator_state_s.c.o[0m
[11.946s] [ 83%] [32mBuilding C object CMakeFiles/bunker_msgs__rosidl_generator_py.dir/rosidl_generator_py/bunker_msgs/msg/_bunker_status_s.c.o[0m
[11.949s] [ 85%] [32mBuilding C object CMakeFiles/bunker_msgs__rosidl_generator_py.dir/rosidl_generator_py/bunker_msgs/msg/_bunker_rc_state_s.c.o[0m
[12.165s] [ 87%] [32m[1mLinking C shared library rosidl_generator_py/bunker_msgs/libbunker_msgs__rosidl_generator_py.so[0m
[12.232s] [ 87%] Built target bunker_msgs__rosidl_generator_py
[12.262s] [ 89%] [32mBuilding C object CMakeFiles/bunker_msgs__rosidl_typesupport_fastrtps_c__pyext.dir/rosidl_generator_py/bunker_msgs/_bunker_msgs_s.ep.rosidl_typesupport_fastrtps_c.c.o[0m
[12.267s] [ 91%] [32mBuilding C object CMakeFiles/bunker_msgs__rosidl_typesupport_c__pyext.dir/rosidl_generator_py/bunker_msgs/_bunker_msgs_s.ep.rosidl_typesupport_c.c.o[0m
[12.268s] [ 93%] [32mBuilding C object CMakeFiles/bunker_msgs__rosidl_typesupport_introspection_c__pyext.dir/rosidl_generator_py/bunker_msgs/_bunker_msgs_s.ep.rosidl_typesupport_introspection_c.c.o[0m
[12.427s] [ 95%] [32m[1mLinking C shared library rosidl_generator_py/bunker_msgs/bunker_msgs_s__rosidl_typesupport_introspection_c.cpython-310-x86_64-linux-gnu.so[0m
[12.431s] [ 97%] [32m[1mLinking C shared library rosidl_generator_py/bunker_msgs/bunker_msgs_s__rosidl_typesupport_fastrtps_c.cpython-310-x86_64-linux-gnu.so[0m
[12.468s] [100%] [32m[1mLinking C shared library rosidl_generator_py/bunker_msgs/bunker_msgs_s__rosidl_typesupport_c.cpython-310-x86_64-linux-gnu.so[0m
[12.490s] [100%] Built target bunker_msgs__rosidl_typesupport_introspection_c__pyext
[12.495s] [100%] Built target bunker_msgs__rosidl_typesupport_fastrtps_c__pyext
[12.537s] [100%] Built target bunker_msgs__rosidl_typesupport_c__pyext
[12.558s] Invoked command in '/home/yangxuan/agt_navigation_runtime/build/bunker_msgs' returned '0': CMAKE_PREFIX_PATH=/opt/ros/humble /usr/bin/cmake --build /home/yangxuan/agt_navigation_runtime/build/bunker_msgs -- -j32 -l32
[12.562s] Invoking command in '/home/yangxuan/agt_navigation_runtime/build/bunker_msgs': CMAKE_PREFIX_PATH=/opt/ros/humble /usr/bin/cmake --install /home/yangxuan/agt_navigation_runtime/build/bunker_msgs
[12.573s] -- Install configuration: ""
[12.574s] -- Execute custom install script
[12.575s] -- Symlinking: /home/yangxuan/agt_navigation_runtime/install/bunker_msgs/share/ament_index/resource_index/rosidl_interfaces/bunker_msgs
[12.590s] -- Symlinking: /home/yangxuan/agt_navigation_runtime/install/bunker_msgs/include/bunker_msgs/bunker_msgs/msg/bunker_actuator_state.h
[12.603s] -- Symlinking: /home/yangxuan/agt_navigation_runtime/install/bunker_msgs/include/bunker_msgs/bunker_msgs/msg/bunker_rc_state.h
[12.623s] -- Symlinking: /home/yangxuan/agt_navigation_runtime/install/bunker_msgs/include/bunker_msgs/bunker_msgs/msg/bunker_status.h
[12.638s] -- Symlinking: /home/yangxuan/agt_navigation_runtime/install/bunker_msgs/include/bunker_msgs/bunker_msgs/msg/detail/bunker_actuator_state__functions.h
[12.651s] -- Symlinking: /home/yangxuan/agt_navigation_runtime/install/bunker_msgs/include/bunker_msgs/bunker_msgs/msg/detail/bunker_actuator_state__struct.h
[12.663s] -- Symlinking: /home/yangxuan/agt_navigation_runtime/install/bunker_msgs/include/bunker_msgs/bunker_msgs/msg/detail/bunker_actuator_state__type_support.h
[12.679s] -- Symlinking: /home/yangxuan/agt_navigation_runtime/install/bunker_msgs/include/bunker_msgs/bunker_msgs/msg/detail/bunker_rc_state__functions.h
[12.694s] -- Symlinking: /home/yangxuan/agt_navigation_runtime/install/bunker_msgs/include/bunker_msgs/bunker_msgs/msg/detail/bunker_rc_state__struct.h
[12.708s] -- Symlinking: /home/yangxuan/agt_navigation_runtime/install/bunker_msgs/include/bunker_msgs/bunker_msgs/msg/detail/bunker_rc_state__type_support.h
[12.721s] -- Symlinking: /home/yangxuan/agt_navigation_runtime/install/bunker_msgs/include/bunker_msgs/bunker_msgs/msg/detail/bunker_status__functions.h
[12.733s] -- Symlinking: /home/yangxuan/agt_navigation_runtime/install/bunker_msgs/include/bunker_msgs/bunker_msgs/msg/detail/bunker_status__struct.h
[12.747s] -- Symlinking: /home/yangxuan/agt_navigation_runtime/install/bunker_msgs/include/bunker_msgs/bunker_msgs/msg/detail/bunker_status__type_support.h
[12.759s] -- Symlinking: /home/yangxuan/agt_navigation_runtime/install/bunker_msgs/include/bunker_msgs/bunker_msgs/msg/rosidl_generator_c__visibility_control.h
[12.771s] -- Symlinking: /home/yangxuan/agt_navigation_runtime/install/bunker_msgs/share/bunker_msgs/environment/library_path.sh
[12.789s] -- Symlinking: /home/yangxuan/agt_navigation_runtime/install/bunker_msgs/share/bunker_msgs/environment/library_path.dsv
[12.805s] -- Symlinking: /home/yangxuan/agt_navigation_runtime/install/bunker_msgs/include/bunker_msgs/bunker_msgs/msg/detail/bunker_actuator_state__rosidl_typesupport_fastrtps_c.h
[12.817s] -- Symlinking: /home/yangxuan/agt_navigation_runtime/install/bunker_msgs/include/bunker_msgs/bunker_msgs/msg/detail/bunker_rc_state__rosidl_typesupport_fastrtps_c.h
[12.835s] -- Symlinking: /home/yangxuan/agt_navigation_runtime/install/bunker_msgs/include/bunker_msgs/bunker_msgs/msg/detail/bunker_status__rosidl_typesupport_fastrtps_c.h
[12.850s] -- Symlinking: /home/yangxuan/agt_navigation_runtime/install/bunker_msgs/include/bunker_msgs/bunker_msgs/msg/rosidl_typesupport_fastrtps_c__visibility_control.h
[12.865s] -- Symlinking: /home/yangxuan/agt_navigation_runtime/install/bunker_msgs/include/bunker_msgs/bunker_msgs/msg/bunker_actuator_state.hpp
[12.879s] -- Symlinking: /home/yangxuan/agt_navigation_runtime/install/bunker_msgs/include/bunker_msgs/bunker_msgs/msg/bunker_rc_state.hpp
[12.897s] -- Symlinking: /home/yangxuan/agt_navigation_runtime/install/bunker_msgs/include/bunker_msgs/bunker_msgs/msg/bunker_status.hpp
[12.909s] -- Symlinking: /home/yangxuan/agt_navigation_runtime/install/bunker_msgs/include/bunker_msgs/bunker_msgs/msg/detail/bunker_actuator_state__builder.hpp
[12.926s] -- Symlinking: /home/yangxuan/agt_navigation_runtime/install/bunker_msgs/include/bunker_msgs/bunker_msgs/msg/detail/bunker_actuator_state__struct.hpp
[12.945s] -- Symlinking: /home/yangxuan/agt_navigation_runtime/install/bunker_msgs/include/bunker_msgs/bunker_msgs/msg/detail/bunker_actuator_state__traits.hpp
[12.961s] -- Symlinking: /home/yangxuan/agt_navigation_runtime/install/bunker_msgs/include/bunker_msgs/bunker_msgs/msg/detail/bunker_actuator_state__type_support.hpp
[12.974s] -- Symlinking: /home/yangxuan/agt_navigation_runtime/install/bunker_msgs/include/bunker_msgs/bunker_msgs/msg/detail/bunker_rc_state__builder.hpp
[12.986s] -- Symlinking: /home/yangxuan/agt_navigation_runtime/install/bunker_msgs/include/bunker_msgs/bunker_msgs/msg/detail/bunker_rc_state__struct.hpp
[13.003s] -- Symlinking: /home/yangxuan/agt_navigation_runtime/install/bunker_msgs/include/bunker_msgs/bunker_msgs/msg/detail/bunker_rc_state__traits.hpp
[13.018s] -- Symlinking: /home/yangxuan/agt_navigation_runtime/install/bunker_msgs/include/bunker_msgs/bunker_msgs/msg/detail/bunker_rc_state__type_support.hpp
[13.037s] -- Symlinking: /home/yangxuan/agt_navigation_runtime/install/bunker_msgs/include/bunker_msgs/bunker_msgs/msg/detail/bunker_status__builder.hpp
[13.047s] -- Symlinking: /home/yangxuan/agt_navigation_runtime/install/bunker_msgs/include/bunker_msgs/bunker_msgs/msg/detail/bunker_status__struct.hpp
[13.064s] -- Symlinking: /home/yangxuan/agt_navigation_runtime/install/bunker_msgs/include/bunker_msgs/bunker_msgs/msg/detail/bunker_status__traits.hpp
[13.082s] -- Symlinking: /home/yangxuan/agt_navigation_runtime/install/bunker_msgs/include/bunker_msgs/bunker_msgs/msg/detail/bunker_status__type_support.hpp
[13.095s] -- Symlinking: /home/yangxuan/agt_navigation_runtime/install/bunker_msgs/include/bunker_msgs/bunker_msgs/msg/rosidl_generator_cpp__visibility_control.hpp
[13.110s] -- Symlinking: /home/yangxuan/agt_navigation_runtime/install/bunker_msgs/include/bunker_msgs/bunker_msgs/msg/detail/bunker_actuator_state__rosidl_typesupport_fastrtps_cpp.hpp
[13.127s] -- Symlinking: /home/yangxuan/agt_navigation_runtime/install/bunker_msgs/include/bunker_msgs/bunker_msgs/msg/detail/bunker_rc_state__rosidl_typesupport_fastrtps_cpp.hpp
[13.147s] -- Symlinking: /home/yangxuan/agt_navigation_runtime/install/bunker_msgs/include/bunker_msgs/bunker_msgs/msg/detail/bunker_status__rosidl_typesupport_fastrtps_cpp.hpp
[13.167s] -- Symlinking: /home/yangxuan/agt_navigation_runtime/install/bunker_msgs/include/bunker_msgs/bunker_msgs/msg/rosidl_typesupport_fastrtps_cpp__visibility_control.h
[13.191s] -- Symlinking: /home/yangxuan/agt_navigation_runtime/install/bunker_msgs/include/bunker_msgs/bunker_msgs/msg/detail/bunker_actuator_state__rosidl_typesupport_introspection_c.h
[13.211s] -- Symlinking: /home/yangxuan/agt_navigation_runtime/install/bunker_msgs/include/bunker_msgs/bunker_msgs/msg/detail/bunker_rc_state__rosidl_typesupport_introspection_c.h
[13.233s] -- Symlinking: /home/yangxuan/agt_navigation_runtime/install/bunker_msgs/include/bunker_msgs/bunker_msgs/msg/detail/bunker_status__rosidl_typesupport_introspection_c.h
[13.254s] -- Symlinking: /home/yangxuan/agt_navigation_runtime/install/bunker_msgs/include/bunker_msgs/bunker_msgs/msg/rosidl_typesupport_introspection_c__visibility_control.h
[13.275s] -- Symlinking: /home/yangxuan/agt_navigation_runtime/install/bunker_msgs/include/bunker_msgs/bunker_msgs/msg/detail/bunker_actuator_state__rosidl_typesupport_introspection_cpp.hpp
[13.296s] -- Symlinking: /home/yangxuan/agt_navigation_runtime/install/bunker_msgs/include/bunker_msgs/bunker_msgs/msg/detail/bunker_rc_state__rosidl_typesupport_introspection_cpp.hpp
[13.317s] -- Symlinking: /home/yangxuan/agt_navigation_runtime/install/bunker_msgs/include/bunker_msgs/bunker_msgs/msg/detail/bunker_status__rosidl_typesupport_introspection_cpp.hpp
[13.339s] -- Symlinking: /home/yangxuan/agt_navigation_runtime/install/bunker_msgs/share/bunker_msgs/environment/pythonpath.sh
[13.360s] -- Symlinking: /home/yangxuan/agt_navigation_runtime/install/bunker_msgs/share/bunker_msgs/environment/pythonpath.dsv
[13.382s] -- Symlinking: /home/yangxuan/agt_navigation_runtime/install/bunker_msgs/local/lib/python3.10/dist-packages/bunker_msgs-0.1.0-py3.10.egg-info/PKG-INFO
[13.397s] -- Symlinking: /home/yangxuan/agt_navigation_runtime/install/bunker_msgs/local/lib/python3.10/dist-packages/bunker_msgs-0.1.0-py3.10.egg-info/SOURCES.txt
[13.418s] -- Symlinking: /home/yangxuan/agt_navigation_runtime/install/bunker_msgs/local/lib/python3.10/dist-packages/bunker_msgs-0.1.0-py3.10.egg-info/dependency_links.txt
[13.434s] -- Symlinking: /home/yangxuan/agt_navigation_runtime/install/bunker_msgs/local/lib/python3.10/dist-packages/bunker_msgs-0.1.0-py3.10.egg-info/top_level.txt
[13.449s] -- Symlinking: /home/yangxuan/agt_navigation_runtime/install/bunker_msgs/local/lib/python3.10/dist-packages/bunker_msgs/__init__.py
[13.466s] -- Symlinking: /home/yangxuan/agt_navigation_runtime/install/bunker_msgs/local/lib/python3.10/dist-packages/bunker_msgs/_bunker_msgs_s.ep.rosidl_typesupport_c.c
[13.486s] -- Symlinking: /home/yangxuan/agt_navigation_runtime/install/bunker_msgs/local/lib/python3.10/dist-packages/bunker_msgs/_bunker_msgs_s.ep.rosidl_typesupport_fastrtps_c.c
[13.500s] -- Symlinking: /home/yangxuan/agt_navigation_runtime/install/bunker_msgs/local/lib/python3.10/dist-packages/bunker_msgs/_bunker_msgs_s.ep.rosidl_typesupport_introspection_c.c
[13.521s] -- Symlinking: /home/yangxuan/agt_navigation_runtime/install/bunker_msgs/local/lib/python3.10/dist-packages/bunker_msgs/bunker_msgs_s__rosidl_typesupport_c.cpython-310-x86_64-linux-gnu.so
[13.542s] -- Symlinking: /home/yangxuan/agt_navigation_runtime/install/bunker_msgs/local/lib/python3.10/dist-packages/bunker_msgs/bunker_msgs_s__rosidl_typesupport_fastrtps_c.cpython-310-x86_64-linux-gnu.so
[13.561s] -- Symlinking: /home/yangxuan/agt_navigation_runtime/install/bunker_msgs/local/lib/python3.10/dist-packages/bunker_msgs/bunker_msgs_s__rosidl_typesupport_introspection_c.cpython-310-x86_64-linux-gnu.so
[13.577s] -- Symlinking: /home/yangxuan/agt_navigation_runtime/install/bunker_msgs/local/lib/python3.10/dist-packages/bunker_msgs/libbunker_msgs__rosidl_generator_py.so
[13.599s] -- Symlinking: /home/yangxuan/agt_navigation_runtime/install/bunker_msgs/local/lib/python3.10/dist-packages/bunker_msgs/msg/__init__.py
[13.618s] -- Symlinking: /home/yangxuan/agt_navigation_runtime/install/bunker_msgs/local/lib/python3.10/dist-packages/bunker_msgs/msg/_bunker_actuator_state.py
[13.640s] -- Symlinking: /home/yangxuan/agt_navigation_runtime/install/bunker_msgs/local/lib/python3.10/dist-packages/bunker_msgs/msg/_bunker_actuator_state_s.c
[13.661s] -- Symlinking: /home/yangxuan/agt_navigation_runtime/install/bunker_msgs/local/lib/python3.10/dist-packages/bunker_msgs/msg/_bunker_rc_state.py
[13.681s] -- Symlinking: /home/yangxuan/agt_navigation_runtime/install/bunker_msgs/local/lib/python3.10/dist-packages/bunker_msgs/msg/_bunker_rc_state_s.c
[13.700s] -- Symlinking: /home/yangxuan/agt_navigation_runtime/install/bunker_msgs/local/lib/python3.10/dist-packages/bunker_msgs/msg/_bunker_status.py
[13.717s] -- Symlinking: /home/yangxuan/agt_navigation_runtime/install/bunker_msgs/local/lib/python3.10/dist-packages/bunker_msgs/msg/_bunker_status_s.c
[13.735s] -- Up-to-date symlink: /home/yangxuan/agt_navigation_runtime/install/bunker_msgs/local/lib/python3.10/dist-packages/bunker_msgs/bunker_msgs_s__rosidl_typesupport_fastrtps_c.cpython-310-x86_64-linux-gnu.so
[13.736s] -- Up-to-date symlink: /home/yangxuan/agt_navigation_runtime/install/bunker_msgs/local/lib/python3.10/dist-packages/bunker_msgs/bunker_msgs_s__rosidl_typesupport_introspection_c.cpython-310-x86_64-linux-gnu.so
[13.736s] -- Up-to-date symlink: /home/yangxuan/agt_navigation_runtime/install/bunker_msgs/local/lib/python3.10/dist-packages/bunker_msgs/bunker_msgs_s__rosidl_typesupport_c.cpython-310-x86_64-linux-gnu.so
[13.737s] -- Symlinking: /home/yangxuan/agt_navigation_runtime/install/bunker_msgs/share/ament_index/resource_index/rust_packages/bunker_msgs
[13.755s] -- Symlinking: /home/yangxuan/agt_navigation_runtime/install/bunker_msgs/share/bunker_msgs/rust/Cargo.toml
[13.775s] -- Symlinking: /home/yangxuan/agt_navigation_runtime/install/bunker_msgs/share/bunker_msgs/rust/build.rs
[13.793s] -- Symlinking: /home/yangxuan/agt_navigation_runtime/install/bunker_msgs/share/bunker_msgs/rust/src/lib.rs
[13.809s] -- Symlinking: /home/yangxuan/agt_navigation_runtime/install/bunker_msgs/share/bunker_msgs/rust/src/msg.rs
[13.824s] -- Symlinking: /home/yangxuan/agt_navigation_runtime/install/bunker_msgs/share/bunker_msgs/rust/src/msg/rmw.rs
[13.844s] -- Symlinking: /home/yangxuan/agt_navigation_runtime/install/bunker_msgs/share/bunker_msgs/msg/BunkerActuatorState.idl
[13.864s] -- Symlinking: /home/yangxuan/agt_navigation_runtime/install/bunker_msgs/share/bunker_msgs/msg/BunkerRCState.idl
[13.881s] -- Symlinking: /home/yangxuan/agt_navigation_runtime/install/bunker_msgs/share/bunker_msgs/msg/BunkerStatus.idl
[13.901s] -- Symlinking: /home/yangxuan/agt_navigation_runtime/install/bunker_msgs/share/bunker_msgs/msg/BunkerActuatorState.msg
[13.916s] -- Symlinking: /home/yangxuan/agt_navigation_runtime/install/bunker_msgs/share/bunker_msgs/msg/BunkerRCState.msg
[13.934s] -- Symlinking: /home/yangxuan/agt_navigation_runtime/install/bunker_msgs/share/bunker_msgs/msg/BunkerStatus.msg
[13.951s] -- Symlinking: /home/yangxuan/agt_navigation_runtime/install/bunker_msgs/share/ament_index/resource_index/package_run_dependencies/bunker_msgs
[13.964s] -- Symlinking: /home/yangxuan/agt_navigation_runtime/install/bunker_msgs/share/ament_index/resource_index/parent_prefix_path/bunker_msgs
[13.980s] -- Symlinking: /home/yangxuan/agt_navigation_runtime/install/bunker_msgs/share/bunker_msgs/environment/ament_prefix_path.sh
[14.000s] -- Symlinking: /home/yangxuan/agt_navigation_runtime/install/bunker_msgs/share/bunker_msgs/environment/ament_prefix_path.dsv
[14.015s] -- Symlinking: /home/yangxuan/agt_navigation_runtime/install/bunker_msgs/share/bunker_msgs/environment/path.sh
[14.031s] -- Symlinking: /home/yangxuan/agt_navigation_runtime/install/bunker_msgs/share/bunker_msgs/environment/path.dsv
[14.045s] -- Symlinking: /home/yangxuan/agt_navigation_runtime/install/bunker_msgs/share/bunker_msgs/local_setup.bash
[14.061s] -- Symlinking: /home/yangxuan/agt_navigation_runtime/install/bunker_msgs/share/bunker_msgs/local_setup.sh
[14.076s] -- Symlinking: /home/yangxuan/agt_navigation_runtime/install/bunker_msgs/share/bunker_msgs/local_setup.zsh
[14.090s] -- Symlinking: /home/yangxuan/agt_navigation_runtime/install/bunker_msgs/share/bunker_msgs/local_setup.dsv
[14.107s] -- Symlinking: /home/yangxuan/agt_navigation_runtime/install/bunker_msgs/share/bunker_msgs/package.dsv
[14.123s] -- Symlinking: /home/yangxuan/agt_navigation_runtime/install/bunker_msgs/share/ament_index/resource_index/packages/bunker_msgs
[14.137s] -- Symlinking: /home/yangxuan/agt_navigation_runtime/install/bunker_msgs/share/bunker_msgs/cmake/rosidl_cmake-extras.cmake
[14.153s] -- Symlinking: /home/yangxuan/agt_navigation_runtime/install/bunker_msgs/share/bunker_msgs/cmake/ament_cmake_export_dependencies-extras.cmake
[14.174s] -- Symlinking: /home/yangxuan/agt_navigation_runtime/install/bunker_msgs/share/bunker_msgs/cmake/ament_cmake_export_include_directories-extras.cmake
[14.188s] -- Symlinking: /home/yangxuan/agt_navigation_runtime/install/bunker_msgs/share/bunker_msgs/cmake/ament_cmake_export_libraries-extras.cmake
[14.202s] -- Symlinking: /home/yangxuan/agt_navigation_runtime/install/bunker_msgs/share/bunker_msgs/cmake/ament_cmake_export_targets-extras.cmake
[14.216s] -- Symlinking: /home/yangxuan/agt_navigation_runtime/install/bunker_msgs/share/bunker_msgs/cmake/rosidl_cmake_export_typesupport_targets-extras.cmake
[14.233s] -- Symlinking: /home/yangxuan/agt_navigation_runtime/install/bunker_msgs/share/bunker_msgs/cmake/rosidl_cmake_export_typesupport_libraries-extras.cmake
[14.250s] -- Symlinking: /home/yangxuan/agt_navigation_runtime/install/bunker_msgs/share/bunker_msgs/cmake/bunker_msgsConfig.cmake
[14.266s] -- Symlinking: /home/yangxuan/agt_navigation_runtime/install/bunker_msgs/share/bunker_msgs/cmake/bunker_msgsConfig-version.cmake
[14.284s] -- Symlinking: /home/yangxuan/agt_navigation_runtime/install/bunker_msgs/share/bunker_msgs/package.xml
[14.301s] -- Installing: /home/yangxuan/agt_navigation_runtime/install/bunker_msgs/lib/libbunker_msgs__rosidl_generator_c.so
[14.302s] -- Set runtime path of "/home/yangxuan/agt_navigation_runtime/install/bunker_msgs/lib/libbunker_msgs__rosidl_generator_c.so" to ""
[14.302s] -- Installing: /home/yangxuan/agt_navigation_runtime/install/bunker_msgs/lib/libbunker_msgs__rosidl_typesupport_fastrtps_c.so
[14.303s] -- Set runtime path of "/home/yangxuan/agt_navigation_runtime/install/bunker_msgs/lib/libbunker_msgs__rosidl_typesupport_fastrtps_c.so" to ""
[14.303s] -- Installing: /home/yangxuan/agt_navigation_runtime/install/bunker_msgs/lib/libbunker_msgs__rosidl_typesupport_fastrtps_cpp.so
[14.304s] -- Set runtime path of "/home/yangxuan/agt_navigation_runtime/install/bunker_msgs/lib/libbunker_msgs__rosidl_typesupport_fastrtps_cpp.so" to ""
[14.304s] -- Installing: /home/yangxuan/agt_navigation_runtime/install/bunker_msgs/lib/libbunker_msgs__rosidl_typesupport_introspection_c.so
[14.305s] -- Set runtime path of "/home/yangxuan/agt_navigation_runtime/install/bunker_msgs/lib/libbunker_msgs__rosidl_typesupport_introspection_c.so" to ""
[14.305s] -- Installing: /home/yangxuan/agt_navigation_runtime/install/bunker_msgs/lib/libbunker_msgs__rosidl_typesupport_c.so
[14.305s] -- Set runtime path of "/home/yangxuan/agt_navigation_runtime/install/bunker_msgs/lib/libbunker_msgs__rosidl_typesupport_c.so" to ""
[14.306s] -- Installing: /home/yangxuan/agt_navigation_runtime/install/bunker_msgs/lib/libbunker_msgs__rosidl_typesupport_introspection_cpp.so
[14.306s] -- Set runtime path of "/home/yangxuan/agt_navigation_runtime/install/bunker_msgs/lib/libbunker_msgs__rosidl_typesupport_introspection_cpp.so" to ""
[14.307s] -- Installing: /home/yangxuan/agt_navigation_runtime/install/bunker_msgs/lib/libbunker_msgs__rosidl_typesupport_cpp.so
[14.308s] -- Set runtime path of "/home/yangxuan/agt_navigation_runtime/install/bunker_msgs/lib/libbunker_msgs__rosidl_typesupport_cpp.so" to ""
[14.385s] Listing '/home/yangxuan/agt_navigation_runtime/install/bunker_msgs/local/lib/python3.10/dist-packages/bunker_msgs'...
[14.386s] Compiling '/home/yangxuan/agt_navigation_runtime/install/bunker_msgs/local/lib/python3.10/dist-packages/bunker_msgs/__init__.py'...
[14.386s] Listing '/home/yangxuan/agt_navigation_runtime/install/bunker_msgs/local/lib/python3.10/dist-packages/bunker_msgs/msg'...
[14.386s] Compiling '/home/yangxuan/agt_navigation_runtime/install/bunker_msgs/local/lib/python3.10/dist-packages/bunker_msgs/msg/__init__.py'...
[14.386s] Compiling '/home/yangxuan/agt_navigation_runtime/install/bunker_msgs/local/lib/python3.10/dist-packages/bunker_msgs/msg/_bunker_actuator_state.py'...
[14.386s] Compiling '/home/yangxuan/agt_navigation_runtime/install/bunker_msgs/local/lib/python3.10/dist-packages/bunker_msgs/msg/_bunker_rc_state.py'...
[14.386s] Compiling '/home/yangxuan/agt_navigation_runtime/install/bunker_msgs/local/lib/python3.10/dist-packages/bunker_msgs/msg/_bunker_status.py'...
[14.394s] -- Installing: /home/yangxuan/agt_navigation_runtime/install/bunker_msgs/lib/libbunker_msgs__rosidl_generator_py.so
[14.395s] -- Set runtime path of "/home/yangxuan/agt_navigation_runtime/install/bunker_msgs/lib/libbunker_msgs__rosidl_generator_py.so" to ""
[14.395s] -- Installing: /home/yangxuan/agt_navigation_runtime/install/bunker_msgs/share/bunker_msgs/cmake/export_bunker_msgs__rosidl_generator_cExport.cmake
[14.395s] -- Installing: /home/yangxuan/agt_navigation_runtime/install/bunker_msgs/share/bunker_msgs/cmake/export_bunker_msgs__rosidl_generator_cExport-noconfig.cmake
[14.395s] -- Installing: /home/yangxuan/agt_navigation_runtime/install/bunker_msgs/share/bunker_msgs/cmake/export_bunker_msgs__rosidl_typesupport_fastrtps_cExport.cmake
[14.396s] -- Installing: /home/yangxuan/agt_navigation_runtime/install/bunker_msgs/share/bunker_msgs/cmake/export_bunker_msgs__rosidl_typesupport_fastrtps_cExport-noconfig.cmake
[14.396s] -- Installing: /home/yangxuan/agt_navigation_runtime/install/bunker_msgs/share/bunker_msgs/cmake/export_bunker_msgs__rosidl_generator_cppExport.cmake
[14.396s] -- Installing: /home/yangxuan/agt_navigation_runtime/install/bunker_msgs/share/bunker_msgs/cmake/export_bunker_msgs__rosidl_typesupport_fastrtps_cppExport.cmake
[14.396s] -- Installing: /home/yangxuan/agt_navigation_runtime/install/bunker_msgs/share/bunker_msgs/cmake/export_bunker_msgs__rosidl_typesupport_fastrtps_cppExport-noconfig.cmake
[14.397s] -- Installing: /home/yangxuan/agt_navigation_runtime/install/bunker_msgs/share/bunker_msgs/cmake/bunker_msgs__rosidl_typesupport_introspection_cExport.cmake
[14.399s] -- Installing: /home/yangxuan/agt_navigation_runtime/install/bunker_msgs/share/bunker_msgs/cmake/bunker_msgs__rosidl_typesupport_introspection_cExport-noconfig.cmake
[14.399s] -- Installing: /home/yangxuan/agt_navigation_runtime/install/bunker_msgs/share/bunker_msgs/cmake/bunker_msgs__rosidl_typesupport_cExport.cmake
[14.399s] -- Installing: /home/yangxuan/agt_navigation_runtime/install/bunker_msgs/share/bunker_msgs/cmake/bunker_msgs__rosidl_typesupport_cExport-noconfig.cmake
[14.399s] -- Installing: /home/yangxuan/agt_navigation_runtime/install/bunker_msgs/share/bunker_msgs/cmake/bunker_msgs__rosidl_typesupport_introspection_cppExport.cmake
[14.399s] -- Installing: /home/yangxuan/agt_navigation_runtime/install/bunker_msgs/share/bunker_msgs/cmake/bunker_msgs__rosidl_typesupport_introspection_cppExport-noconfig.cmake
[14.400s] -- Installing: /home/yangxuan/agt_navigation_runtime/install/bunker_msgs/share/bunker_msgs/cmake/bunker_msgs__rosidl_typesupport_cppExport.cmake
[14.400s] -- Installing: /home/yangxuan/agt_navigation_runtime/install/bunker_msgs/share/bunker_msgs/cmake/bunker_msgs__rosidl_typesupport_cppExport-noconfig.cmake
[14.400s] -- Installing: /home/yangxuan/agt_navigation_runtime/install/bunker_msgs/share/bunker_msgs/cmake/export_bunker_msgs__rosidl_generator_pyExport.cmake
[14.400s] -- Installing: /home/yangxuan/agt_navigation_runtime/install/bunker_msgs/share/bunker_msgs/cmake/export_bunker_msgs__rosidl_generator_pyExport-noconfig.cmake
[14.406s] Invoked command in '/home/yangxuan/agt_navigation_runtime/build/bunker_msgs' returned '0': CMAKE_PREFIX_PATH=/opt/ros/humble /usr/bin/cmake --install /home/yangxuan/agt_navigation_runtime/build/bunker_msgs
