-- The C compiler identification is GNU 11.4.0
-- The CXX compiler identification is GNU 11.4.0
-- Detecting C compiler ABI info
-- Detecting C compiler ABI info - done
-- Check for working C compiler: /usr/bin/cc - skipped
-- Detecting C compile features
-- Detecting C compile features - done
-- Detecting CXX compiler ABI info
-- Detecting CXX compiler ABI info - done
-- Check for working CXX compiler: /usr/bin/c++ - skipped
-- Detecting CXX compile features
-- Detecting CXX compile features - done
-- Found ament_cmake: 1.3.14 (/opt/ros/humble/share/ament_cmake/cmake)
-- Found Python3: /usr/bin/python3 (found version "3.10.12") found components: Interpreter 
-- Override CMake install command with custom implementation using symlinks instead of copying resources
-- Found agt_interfaces: 0.1.0 (/home/yangxuan/agt_navigation_runtime/install/agt_interfaces/share/agt_interfaces/cmake)
-- Found rosidl_generator_c: 3.1.8 (/opt/ros/humble/share/rosidl_generator_c/cmake)
-- Found rosidl_adapter: 3.1.8 (/opt/ros/humble/share/rosidl_adapter/cmake)
-- Found rosidl_generator_cpp: 3.1.8 (/opt/ros/humble/share/rosidl_generator_cpp/cmake)
-- Using all available rosidl_typesupport_c: rosidl_typesupport_fastrtps_c;rosidl_typesupport_introspection_c
-- Using all available rosidl_typesupport_cpp: rosidl_typesupport_fastrtps_cpp;rosidl_typesupport_introspection_cpp
-- Found OpenSSL: /usr/lib/x86_64-linux-gnu/libcrypto.so (found version "3.0.2")  
-- Checking for module 'eigen3'
--   Found eigen3, version 3.4.0
-- Found Eigen: /usr/include/eigen3 (Required is at least version "3.1") 
-- Eigen found (include: /usr/include/eigen3, version: 3.4.0)
-- Found Boost: /usr/lib/x86_64-linux-gnu/cmake/Boost-1.74.0/BoostConfig.cmake (found suitable version "1.74.0", minimum required is "1.65.0") found components: system filesystem date_time iostreams serialization 
-- looking for PCL_COMMON
-- Found PCL_COMMON: /usr/lib/x86_64-linux-gnu/libpcl_common.so  
-- Found PCL: pcl_common;Boost::system;Boost::filesystem;Boost::date_time;Boost::iostreams;Boost::serialization  
-- Found pcl_conversions: 2.4.5 (/opt/ros/humble/share/pcl_conversions/cmake)
-- Found rmw_implementation_cmake: 6.1.2 (/opt/ros/humble/share/rmw_implementation_cmake/cmake)
-- Found rmw_fastrtps_cpp: 6.2.10 (/opt/ros/humble/share/rmw_fastrtps_cpp/cmake)
-- Found FastRTPS: /opt/ros/humble/include  
-- Using RMW implementation 'rmw_fastrtps_cpp' as default
-- Looking for pthread.h
-- Looking for pthread.h - found
-- Performing Test CMAKE_HAVE_LIBC_PTHREAD
-- Performing Test CMAKE_HAVE_LIBC_PTHREAD - Success
-- Found Threads: TRUE  
-- Found rclcpp_action: 16.0.19 (/opt/ros/humble/share/rclcpp_action/cmake)
-- Found relocalization_core: 0.1.0 (/home/yangxuan/agt_navigation_runtime/install/relocalization_core/share/relocalization_core/cmake)
-- Found tf2: 0.25.20 (/opt/ros/humble/share/tf2/cmake)
-- Found tf2_ros: 0.25.20 (/opt/ros/humble/share/tf2_ros/cmake)
-- Found ament_cmake_gtest: 1.3.14 (/opt/ros/humble/share/ament_cmake_gtest/cmake)
-- Found ament_cmake_pytest: 1.3.14 (/opt/ros/humble/share/ament_cmake_pytest/cmake)
-- Found gtest sources under '/opt/ros/humble/src/gtest_vendor': C++ tests using 'Google Test' will be built
-- Configuring done
-- Generating done
-- Build files have been written to: /home/yangxuan/agt_navigation_runtime/build/agt_localization
[  2%] [32mBuilding CXX object gtest/CMakeFiles/gtest_main.dir/src/gtest_main.cc.o[0m
[  5%] [32mBuilding CXX object CMakeFiles/agt_localization_supervisor.dir/src/localization_supervisor.cpp.o[0m
[ 10%] [32mBuilding CXX object CMakeFiles/agt_localization_global_correction.dir/src/global_correction_core.cpp.o[0m
[ 10%] [32mBuilding CXX object CMakeFiles/agt_localization_map_readiness.dir/src/map_readiness.cpp.o[0m
[ 15%] [32mBuilding CXX object CMakeFiles/agt_localization_recovery_trigger.dir/src/recovery_trigger_policy.cpp.o[0m
[ 15%] [32mBuilding CXX object gtest/CMakeFiles/gtest.dir/src/gtest-all.cc.o[0m
[ 18%] [32mBuilding CXX object CMakeFiles/agt_localization_candidates.dir/src/candidate_provider.cpp.o[0m
[ 21%] [32mBuilding CXX object CMakeFiles/agt_localization_quality.dir/src/quality_validator.cpp.o[0m
[ 23%] [32m[1mLinking CXX static library libagt_localization_supervisor.a[0m
[ 23%] Built target agt_localization_supervisor
[ 26%] [32m[1mLinking CXX static library libagt_localization_recovery_trigger.a[0m
[ 26%] Built target agt_localization_recovery_trigger
[ 28%] [32mBuilding CXX object CMakeFiles/recovery_trigger_manager.dir/src/recovery_trigger_manager.cpp.o[0m
[ 31%] [32m[1mLinking CXX static library libagt_localization_quality.a[0m
[ 31%] Built target agt_localization_quality
[ 34%] [32m[1mLinking CXX static library libgtest_main.a[0m
[ 34%] Built target gtest_main
[ 36%] [32m[1mLinking CXX static library libagt_localization_map_readiness.a[0m
[ 36%] Built target agt_localization_map_readiness
[ 39%] [32m[1mLinking CXX static library libagt_localization_candidates.a[0m
[ 42%] [32m[1mLinking CXX static library libagt_localization_global_correction.a[0m
[ 42%] Built target agt_localization_candidates
[ 44%] [32mBuilding CXX object CMakeFiles/relocalization_node.dir/src/relocalization_node.cpp.o[0m
[ 44%] Built target agt_localization_global_correction
[ 47%] [32mBuilding CXX object CMakeFiles/global_correction_manager.dir/src/global_correction_manager.cpp.o[0m
[ 50%] [32m[1mLinking CXX static library libgtest.a[0m
[ 50%] Built target gtest
[ 52%] [32mBuilding CXX object CMakeFiles/test_tracking_validation.dir/test/test_tracking_validation.cpp.o[0m
[ 57%] [32mBuilding CXX object CMakeFiles/test_localization_timing.dir/test/test_localization_timing.cpp.o[0m
[ 57%] [32mBuilding CXX object CMakeFiles/test_candidate_provider.dir/test/test_candidate_provider.cpp.o[0m
[ 60%] [32mBuilding CXX object CMakeFiles/test_map_readiness.dir/test/test_map_readiness.cpp.o[0m
[ 71%] [32mBuilding CXX object CMakeFiles/test_localization_supervisor.dir/test/test_localization_supervisor.cpp.o[0m
[ 71%] [32mBuilding CXX object CMakeFiles/test_recovery_trigger_policy.dir/test/test_recovery_trigger_policy.cpp.o[0m
[ 71%] [32mBuilding CXX object CMakeFiles/test_quality_validator.dir/test/test_quality_validator.cpp.o[0m
[ 71%] [32mBuilding CXX object CMakeFiles/test_global_correction_core.dir/test/test_global_correction_core.cpp.o[0m
[ 73%] [32m[1mLinking CXX executable test_recovery_trigger_policy[0m
[ 76%] [32m[1mLinking CXX executable test_quality_validator[0m
[ 78%] [32m[1mLinking CXX executable test_localization_supervisor[0m
[ 78%] Built target test_quality_validator
[ 78%] Built target test_recovery_trigger_policy
[ 78%] Built target test_localization_supervisor
[ 81%] [32m[1mLinking CXX executable test_map_readiness[0m
[ 84%] [32m[1mLinking CXX executable test_candidate_provider[0m
[ 84%] Built target test_candidate_provider
[ 84%] Built target test_map_readiness
[ 86%] [32m[1mLinking CXX executable test_global_correction_core[0m
[ 89%] [32m[1mLinking CXX executable test_tracking_validation[0m
[ 92%] [32m[1mLinking CXX executable test_localization_timing[0m
[ 92%] Built target test_global_correction_core
[ 92%] Built target test_tracking_validation
[ 92%] Built target test_localization_timing
[ 94%] [32m[1mLinking CXX executable recovery_trigger_manager[0m
[ 94%] Built target recovery_trigger_manager
[ 97%] [32m[1mLinking CXX executable global_correction_manager[0m
[ 97%] Built target global_correction_manager
[100%] [32m[1mLinking CXX executable relocalization_node[0m
[100%] Built target relocalization_node
-- Install configuration: ""
-- Execute custom install script
-- Symlinking: /home/yangxuan/agt_navigation_runtime/install/agt_localization/lib/libagt_localization_candidates.a
-- Symlinking: /home/yangxuan/agt_navigation_runtime/install/agt_localization/lib/libagt_localization_quality.a
-- Symlinking: /home/yangxuan/agt_navigation_runtime/install/agt_localization/lib/libagt_localization_supervisor.a
-- Symlinking: /home/yangxuan/agt_navigation_runtime/install/agt_localization/lib/libagt_localization_map_readiness.a
-- Symlinking: /home/yangxuan/agt_navigation_runtime/install/agt_localization/lib/libagt_localization_global_correction.a
-- Symlinking: /home/yangxuan/agt_navigation_runtime/install/agt_localization/lib/libagt_localization_recovery_trigger.a
-- Symlinking: /home/yangxuan/agt_navigation_runtime/install/agt_localization/lib/agt_localization/reference_map_publisher.py
-- Symlinking: /home/yangxuan/agt_navigation_runtime/install/agt_localization/lib/agt_localization/v25_10_realbag_validation.py
-- Symlinking: /home/yangxuan/agt_navigation_runtime/install/agt_localization/include/agt_localization/candidate_provider.hpp
-- Symlinking: /home/yangxuan/agt_navigation_runtime/install/agt_localization/include/agt_localization/global_correction_core.hpp
-- Symlinking: /home/yangxuan/agt_navigation_runtime/install/agt_localization/include/agt_localization/localization_supervisor.hpp
-- Symlinking: /home/yangxuan/agt_navigation_runtime/install/agt_localization/include/agt_localization/localization_timing.hpp
-- Symlinking: /home/yangxuan/agt_navigation_runtime/install/agt_localization/include/agt_localization/map_readiness.hpp
-- Symlinking: /home/yangxuan/agt_navigation_runtime/install/agt_localization/include/agt_localization/quality_validator.hpp
-- Symlinking: /home/yangxuan/agt_navigation_runtime/install/agt_localization/include/agt_localization/recovery_trigger_policy.hpp
-- Symlinking: /home/yangxuan/agt_navigation_runtime/install/agt_localization/include/agt_localization/ros_conversions.hpp
-- Symlinking: /home/yangxuan/agt_navigation_runtime/install/agt_localization/include/agt_localization/tracking_validation.hpp
-- Symlinking: /home/yangxuan/agt_navigation_runtime/install/agt_localization/lib/agt_localization/relocalization_node
-- Symlinking: /home/yangxuan/agt_navigation_runtime/install/agt_localization/lib/agt_localization/global_correction_manager
-- Symlinking: /home/yangxuan/agt_navigation_runtime/install/agt_localization/lib/agt_localization/recovery_trigger_manager
-- Symlinking: /home/yangxuan/agt_navigation_runtime/install/agt_localization/share/agt_localization/launch/README.md
-- Symlinking: /home/yangxuan/agt_navigation_runtime/install/agt_localization/share/agt_localization/launch/relocalization.launch.py
-- Symlinking: /home/yangxuan/agt_navigation_runtime/install/agt_localization/share/agt_localization/launch/v25_10_realbag_validation.launch.py
-- Symlinking: /home/yangxuan/agt_navigation_runtime/install/agt_localization/share/agt_localization/config/README.md
-- Symlinking: /home/yangxuan/agt_navigation_runtime/install/agt_localization/share/agt_localization/config/candidates.example.yaml
-- Symlinking: /home/yangxuan/agt_navigation_runtime/install/agt_localization/share/agt_localization/config/global_correction.yaml
-- Symlinking: /home/yangxuan/agt_navigation_runtime/install/agt_localization/share/agt_localization/config/global_correction_handheld_validation.yaml
-- Symlinking: /home/yangxuan/agt_navigation_runtime/install/agt_localization/share/agt_localization/config/recovery_trigger.yaml
-- Symlinking: /home/yangxuan/agt_navigation_runtime/install/agt_localization/share/agt_localization/config/relocalization.yaml
-- Symlinking: /home/yangxuan/agt_navigation_runtime/install/agt_localization/share/agt_localization/config/relocalization_handheld_validation.yaml
-- Symlinking: /home/yangxuan/agt_navigation_runtime/install/agt_localization/share/agt_localization/rviz/v25_10_realbag_validation.rviz
-- Symlinking: /home/yangxuan/agt_navigation_runtime/install/agt_localization/share/ament_index/resource_index/package_run_dependencies/agt_localization
-- Symlinking: /home/yangxuan/agt_navigation_runtime/install/agt_localization/share/ament_index/resource_index/parent_prefix_path/agt_localization
-- Symlinking: /home/yangxuan/agt_navigation_runtime/install/agt_localization/share/agt_localization/environment/ament_prefix_path.sh
-- Symlinking: /home/yangxuan/agt_navigation_runtime/install/agt_localization/share/agt_localization/environment/ament_prefix_path.dsv
-- Symlinking: /home/yangxuan/agt_navigation_runtime/install/agt_localization/share/agt_localization/environment/path.sh
-- Symlinking: /home/yangxuan/agt_navigation_runtime/install/agt_localization/share/agt_localization/environment/path.dsv
-- Symlinking: /home/yangxuan/agt_navigation_runtime/install/agt_localization/share/agt_localization/local_setup.bash
-- Symlinking: /home/yangxuan/agt_navigation_runtime/install/agt_localization/share/agt_localization/local_setup.sh
-- Symlinking: /home/yangxuan/agt_navigation_runtime/install/agt_localization/share/agt_localization/local_setup.zsh
-- Symlinking: /home/yangxuan/agt_navigation_runtime/install/agt_localization/share/agt_localization/local_setup.dsv
-- Symlinking: /home/yangxuan/agt_navigation_runtime/install/agt_localization/share/agt_localization/package.dsv
-- Symlinking: /home/yangxuan/agt_navigation_runtime/install/agt_localization/share/ament_index/resource_index/packages/agt_localization
-- Symlinking: /home/yangxuan/agt_navigation_runtime/install/agt_localization/share/agt_localization/cmake/agt_localizationConfig.cmake
-- Symlinking: /home/yangxuan/agt_navigation_runtime/install/agt_localization/share/agt_localization/cmake/agt_localizationConfig-version.cmake
-- Symlinking: /home/yangxuan/agt_navigation_runtime/install/agt_localization/share/agt_localization/package.xml
