-- The C compiler identification is GNU 11.4.0
-- The CXX compiler identification is GNU 11.4.0
-- Detecting C compiler ABI info
-- Detecting C compiler ABI info - done
-- Check for working C compiler: /usr/bin/cc - skipped
-- Detecting C compile features
-- Detecting C compile features - done
-- Detecting CXX compiler ABI info
-- Detecting CXX compiler ABI info - done
-- Check for working CXX compiler: /usr/bin/c++ - skipped
-- Detecting CXX compile features
-- Detecting CXX compile features - done
-- Found ament_cmake: 1.3.14 (/opt/ros/humble/share/ament_cmake/cmake)
-- Found Python3: /usr/bin/python3 (found version "3.10.12") found components: Interpreter 
-- Override CMake install command with custom implementation using symlinks instead of copying resources
-- Found ament_cmake_pytest: 1.3.14 (/opt/ros/humble/share/ament_cmake_pytest/cmake)
-- Configuring done
-- Generating done
-- Build files have been written to: /home/yangxuan/agt_navigation_runtime/build/agt_safety
-- Install configuration: ""
-- Execute custom install script
-- Symlinking: /home/yangxuan/agt_navigation_runtime/install/agt_safety/lib/agt_safety/tracked_safety_controller.py
-- Symlinking: /home/yangxuan/agt_navigation_runtime/install/agt_safety/share/agt_safety/launch/bunker_safety.launch.py
-- Symlinking: /home/yangxuan/agt_navigation_runtime/install/agt_safety/share/agt_safety/config/bunker_safety.yaml
-- Symlinking: /home/yangxuan/agt_navigation_runtime/install/agt_safety/share/ament_index/resource_index/package_run_dependencies/agt_safety
-- Symlinking: /home/yangxuan/agt_navigation_runtime/install/agt_safety/share/ament_index/resource_index/parent_prefix_path/agt_safety
-- Symlinking: /home/yangxuan/agt_navigation_runtime/install/agt_safety/share/agt_safety/environment/ament_prefix_path.sh
-- Symlinking: /home/yangxuan/agt_navigation_runtime/install/agt_safety/share/agt_safety/environment/ament_prefix_path.dsv
-- Symlinking: /home/yangxuan/agt_navigation_runtime/install/agt_safety/share/agt_safety/environment/path.sh
-- Symlinking: /home/yangxuan/agt_navigation_runtime/install/agt_safety/share/agt_safety/environment/path.dsv
-- Symlinking: /home/yangxuan/agt_navigation_runtime/install/agt_safety/share/agt_safety/local_setup.bash
-- Symlinking: /home/yangxuan/agt_navigation_runtime/install/agt_safety/share/agt_safety/local_setup.sh
-- Symlinking: /home/yangxuan/agt_navigation_runtime/install/agt_safety/share/agt_safety/local_setup.zsh
-- Symlinking: /home/yangxuan/agt_navigation_runtime/install/agt_safety/share/agt_safety/local_setup.dsv
-- Symlinking: /home/yangxuan/agt_navigation_runtime/install/agt_safety/share/agt_safety/package.dsv
-- Symlinking: /home/yangxuan/agt_navigation_runtime/install/agt_safety/share/ament_index/resource_index/packages/agt_safety
-- Symlinking: /home/yangxuan/agt_navigation_runtime/install/agt_safety/share/agt_safety/cmake/agt_safetyConfig.cmake
-- Symlinking: /home/yangxuan/agt_navigation_runtime/install/agt_safety/share/agt_safety/cmake/agt_safetyConfig-version.cmake
-- Symlinking: /home/yangxuan/agt_navigation_runtime/install/agt_safety/share/agt_safety/package.xml
