-- The C compiler identification is GNU 11.4.0
-- The CXX compiler identification is GNU 11.4.0
-- Detecting C compiler ABI info
-- Detecting C compiler ABI info - done
-- Check for working C compiler: /usr/bin/cc - skipped
-- Detecting C compile features
-- Detecting C compile features - done
-- Detecting CXX compiler ABI info
-- Detecting CXX compiler ABI info - done
-- Check for working CXX compiler: /usr/bin/c++ - skipped
-- Detecting CXX compile features
-- Detecting CXX compile features - done
-- Found ament_cmake: 1.3.14 (/opt/ros/humble/share/ament_cmake/cmake)
-- Found Python3: /usr/bin/python3 (found version "3.10.12") found components: Interpreter 
-- Override CMake install command with custom implementation using symlinks instead of copying resources
-- Build package with cmake
-- Setting build type to 'Release' as none was specified.
-- Tests will not be built
-- Looking for pthread.h
-- Looking for pthread.h - found
-- Performing Test CMAKE_HAVE_LIBC_PTHREAD
-- Performing Test CMAKE_HAVE_LIBC_PTHREAD - Success
-- Found Threads: TRUE  
-- Project will be installed to /home/yangxuan/agt_navigation_runtime/install/ugv_sdk with 'make install'
--  - To install LIB components to /home/yangxuan/agt_navigation_runtime/install/ugv_sdk/lib
--  - To install BIN components to /home/yangxuan/agt_navigation_runtime/install/ugv_sdk/bin
--  - To install INCLUDE components to /home/yangxuan/agt_navigation_runtime/install/ugv_sdk/include
--  - To install CMAKE components to /home/yangxuan/agt_navigation_runtime/install/ugv_sdk/share/cmake/ugv_sdk
-- Configuring done
-- Generating done
-- Build files have been written to: /home/yangxuan/agt_navigation_runtime/build/ugv_sdk
[ 23%] [32mBuilding CXX object CMakeFiles/ugv_sdk.dir/src/utilities/protocol_detector.cpp.o[0m
[ 23%] [32mBuilding CXX object CMakeFiles/ugv_sdk.dir/src/mobile_robot/bunker_robot.cpp.o[0m
[ 23%] [32mBuilding CXX object CMakeFiles/ugv_sdk.dir/src/async_port/async_serial.cpp.o[0m
[ 30%] [32mBuilding CXX object CMakeFiles/ugv_sdk.dir/src/mobile_robot/ranger_robot.cpp.o[0m
[ 38%] [32mBuilding CXX object CMakeFiles/ugv_sdk.dir/src/mobile_robot/scout_robot.cpp.o[0m
[ 46%] [32mBuilding CXX object CMakeFiles/ugv_sdk.dir/src/mobile_robot/tracer_robot.cpp.o[0m
[ 53%] [32mBuilding C object CMakeFiles/ugv_sdk.dir/src/protocol_v2/agilex_msg_parser_v2.c.o[0m
[ 61%] [32mBuilding C object CMakeFiles/ugv_sdk.dir/src/protocol_v1/agilex_msg_parser_v1.c.o[0m
[ 69%] [32mBuilding CXX object CMakeFiles/ugv_sdk.dir/src/protocol_v2/protocol_v2_parser.cpp.o[0m
[ 76%] [32mBuilding CXX object CMakeFiles/ugv_sdk.dir/src/mobile_robot/titan_robot.cpp.o[0m
[ 84%] [32mBuilding CXX object CMakeFiles/ugv_sdk.dir/src/mobile_robot/hunter_robot.cpp.o[0m
[ 92%] [32mBuilding CXX object CMakeFiles/ugv_sdk.dir/src/async_port/async_can.cpp.o[0m
[100%] [32m[1mLinking CXX static library lib/libugv_sdk.a[0m
[100%] Built target ugv_sdk
-- Install configuration: "Release"
-- Execute custom install script
-- Symlinking: /home/yangxuan/agt_navigation_runtime/install/ugv_sdk/include/ugv_sdk/details/async_port/async_can.hpp
-- Symlinking: /home/yangxuan/agt_navigation_runtime/install/ugv_sdk/include/ugv_sdk/details/async_port/async_serial.hpp
-- Symlinking: /home/yangxuan/agt_navigation_runtime/install/ugv_sdk/include/ugv_sdk/details/async_port/ring_buffer.hpp
-- Symlinking: /home/yangxuan/agt_navigation_runtime/install/ugv_sdk/include/ugv_sdk/details/interface/agilex_message.h
-- Symlinking: /home/yangxuan/agt_navigation_runtime/install/ugv_sdk/include/ugv_sdk/details/interface/agilex_types.h
-- Symlinking: /home/yangxuan/agt_navigation_runtime/install/ugv_sdk/include/ugv_sdk/details/interface/bunker_interface.hpp
-- Symlinking: /home/yangxuan/agt_navigation_runtime/install/ugv_sdk/include/ugv_sdk/details/interface/hunter_interface.hpp
-- Symlinking: /home/yangxuan/agt_navigation_runtime/install/ugv_sdk/include/ugv_sdk/details/interface/ranger_interface.hpp
-- Symlinking: /home/yangxuan/agt_navigation_runtime/install/ugv_sdk/include/ugv_sdk/details/interface/robot_common_interface.hpp
-- Symlinking: /home/yangxuan/agt_navigation_runtime/install/ugv_sdk/include/ugv_sdk/details/interface/scout_interface.hpp
-- Symlinking: /home/yangxuan/agt_navigation_runtime/install/ugv_sdk/include/ugv_sdk/details/interface/titan_interface.hpp
-- Symlinking: /home/yangxuan/agt_navigation_runtime/install/ugv_sdk/include/ugv_sdk/details/interface/tracer_interface.hpp
-- Symlinking: /home/yangxuan/agt_navigation_runtime/install/ugv_sdk/include/ugv_sdk/details/parser_base.hpp
-- Symlinking: /home/yangxuan/agt_navigation_runtime/install/ugv_sdk/include/ugv_sdk/details/protocol_v1/agilex_msg_parser_v1.h
-- Symlinking: /home/yangxuan/agt_navigation_runtime/install/ugv_sdk/include/ugv_sdk/details/protocol_v1/protocol_v1_parser.hpp
-- Symlinking: /home/yangxuan/agt_navigation_runtime/install/ugv_sdk/include/ugv_sdk/details/protocol_v1/robot_limits.hpp
-- Symlinking: /home/yangxuan/agt_navigation_runtime/install/ugv_sdk/include/ugv_sdk/details/protocol_v2/protocol_v2_parser.hpp
-- Symlinking: /home/yangxuan/agt_navigation_runtime/install/ugv_sdk/include/ugv_sdk/details/robot_base/agilex_base.hpp
-- Symlinking: /home/yangxuan/agt_navigation_runtime/install/ugv_sdk/include/ugv_sdk/details/robot_base/bunker_base.hpp
-- Symlinking: /home/yangxuan/agt_navigation_runtime/install/ugv_sdk/include/ugv_sdk/details/robot_base/hunter_base.hpp
-- Symlinking: /home/yangxuan/agt_navigation_runtime/install/ugv_sdk/include/ugv_sdk/details/robot_base/ranger_base.hpp
-- Symlinking: /home/yangxuan/agt_navigation_runtime/install/ugv_sdk/include/ugv_sdk/details/robot_base/scout_base.hpp
-- Symlinking: /home/yangxuan/agt_navigation_runtime/install/ugv_sdk/include/ugv_sdk/details/robot_base/titan_base.hpp
-- Symlinking: /home/yangxuan/agt_navigation_runtime/install/ugv_sdk/include/ugv_sdk/details/robot_base/tracer_base.hpp
-- Symlinking: /home/yangxuan/agt_navigation_runtime/install/ugv_sdk/include/ugv_sdk/mobile_robot/bunker_robot.hpp
-- Symlinking: /home/yangxuan/agt_navigation_runtime/install/ugv_sdk/include/ugv_sdk/mobile_robot/hunter_robot.hpp
-- Symlinking: /home/yangxuan/agt_navigation_runtime/install/ugv_sdk/include/ugv_sdk/mobile_robot/ranger_robot.hpp
-- Symlinking: /home/yangxuan/agt_navigation_runtime/install/ugv_sdk/include/ugv_sdk/mobile_robot/scout_robot.hpp
-- Symlinking: /home/yangxuan/agt_navigation_runtime/install/ugv_sdk/include/ugv_sdk/mobile_robot/titan_robot.hpp
-- Symlinking: /home/yangxuan/agt_navigation_runtime/install/ugv_sdk/include/ugv_sdk/mobile_robot/tracer_robot.hpp
-- Symlinking: /home/yangxuan/agt_navigation_runtime/install/ugv_sdk/include/ugv_sdk/utilities/protocol_detector.hpp
-- Symlinking: /home/yangxuan/agt_navigation_runtime/install/ugv_sdk/lib/cmake/ugv_sdk/ugv_sdkConfig.cmake
-- Symlinking: /home/yangxuan/agt_navigation_runtime/install/ugv_sdk/lib/cmake/ugv_sdk/ugv_sdkConfigVersion.cmake
-- Symlinking: /home/yangxuan/agt_navigation_runtime/install/ugv_sdk/share/ugv_sdk/environment/library_path.sh
-- Symlinking: /home/yangxuan/agt_navigation_runtime/install/ugv_sdk/share/ugv_sdk/environment/library_path.dsv
-- Symlinking: /home/yangxuan/agt_navigation_runtime/install/ugv_sdk/share/ament_index/resource_index/package_run_dependencies/ugv_sdk
-- Symlinking: /home/yangxuan/agt_navigation_runtime/install/ugv_sdk/share/ament_index/resource_index/parent_prefix_path/ugv_sdk
-- Symlinking: /home/yangxuan/agt_navigation_runtime/install/ugv_sdk/share/ugv_sdk/environment/ament_prefix_path.sh
-- Symlinking: /home/yangxuan/agt_navigation_runtime/install/ugv_sdk/share/ugv_sdk/environment/ament_prefix_path.dsv
-- Symlinking: /home/yangxuan/agt_navigation_runtime/install/ugv_sdk/share/ugv_sdk/environment/path.sh
-- Symlinking: /home/yangxuan/agt_navigation_runtime/install/ugv_sdk/share/ugv_sdk/environment/path.dsv
-- Symlinking: /home/yangxuan/agt_navigation_runtime/install/ugv_sdk/share/ugv_sdk/local_setup.bash
-- Symlinking: /home/yangxuan/agt_navigation_runtime/install/ugv_sdk/share/ugv_sdk/local_setup.sh
-- Symlinking: /home/yangxuan/agt_navigation_runtime/install/ugv_sdk/share/ugv_sdk/local_setup.zsh
-- Symlinking: /home/yangxuan/agt_navigation_runtime/install/ugv_sdk/share/ugv_sdk/local_setup.dsv
-- Symlinking: /home/yangxuan/agt_navigation_runtime/install/ugv_sdk/share/ugv_sdk/package.dsv
-- Symlinking: /home/yangxuan/agt_navigation_runtime/install/ugv_sdk/share/ament_index/resource_index/packages/ugv_sdk
-- Symlinking: /home/yangxuan/agt_navigation_runtime/install/ugv_sdk/share/ugv_sdk/cmake/ament_cmake_export_targets-extras.cmake
-- Symlinking: /home/yangxuan/agt_navigation_runtime/install/ugv_sdk/share/ugv_sdk/cmake/ament_cmake_export_include_directories-extras.cmake
-- Symlinking: /home/yangxuan/agt_navigation_runtime/install/ugv_sdk/share/ugv_sdk/cmake/ament_cmake_export_libraries-extras.cmake
-- Symlinking: /home/yangxuan/agt_navigation_runtime/install/ugv_sdk/share/ugv_sdk/cmake/ugv_sdkConfig.cmake
-- Symlinking: /home/yangxuan/agt_navigation_runtime/install/ugv_sdk/share/ugv_sdk/cmake/ugv_sdkConfig-version.cmake
-- Symlinking: /home/yangxuan/agt_navigation_runtime/install/ugv_sdk/share/ugv_sdk/package.xml
-- Installing: /home/yangxuan/agt_navigation_runtime/install/ugv_sdk/lib/libugv_sdk.a
-- Installing: /home/yangxuan/agt_navigation_runtime/install/ugv_sdk/lib/cmake/ugv_sdk/ugv_sdkTargets.cmake
-- Installing: /home/yangxuan/agt_navigation_runtime/install/ugv_sdk/lib/cmake/ugv_sdk/ugv_sdkTargets-release.cmake
-- Installing: /home/yangxuan/agt_navigation_runtime/install/ugv_sdk/share/ugv_sdk/cmake/ugv_sdkTargetsExport.cmake
-- Installing: /home/yangxuan/agt_navigation_runtime/install/ugv_sdk/share/ugv_sdk/cmake/ugv_sdkTargetsExport-release.cmake
