[0.051s] Invoking command in '/home/yangxuan/agt_navigation_runtime/build/ugv_sdk': CMAKE_PREFIX_PATH=/opt/ros/humble /usr/bin/cmake /home/yangxuan/agt_navigation_runtime/third_party/ugv_sdk -DAMENT_CMAKE_SYMLINK_INSTALL=1 -DCMAKE_INSTALL_PREFIX=/home/yangxuan/agt_navigation_runtime/install/ugv_sdk
[0.338s] -- The C compiler identification is GNU 11.4.0
[0.420s] -- The CXX compiler identification is GNU 11.4.0
[0.436s] -- Detecting C compiler ABI info
[0.559s] -- Detecting C compiler ABI info - done
[0.574s] -- Check for working C compiler: /usr/bin/cc - skipped
[0.575s] -- Detecting C compile features
[0.575s] -- Detecting C compile features - done
[0.581s] -- Detecting CXX compiler ABI info
[0.698s] -- Detecting CXX compiler ABI info - done
[0.712s] -- Check for working CXX compiler: /usr/bin/c++ - skipped
[0.712s] -- Detecting CXX compile features
[0.713s] -- Detecting CXX compile features - done
[0.719s] -- Found ament_cmake: 1.3.14 (/opt/ros/humble/share/ament_cmake/cmake)
[1.000s] -- Found Python3: /usr/bin/python3 (found version "3.10.12") found components: Interpreter 
[1.242s] -- Override CMake install command with custom implementation using symlinks instead of copying resources
[1.350s] -- Build package with cmake
[1.350s] -- Setting build type to 'Release' as none was specified.
[1.350s] -- Tests will not be built
[1.364s] -- Looking for pthread.h
[1.532s] -- Looking for pthread.h - found
[1.532s] -- Performing Test CMAKE_HAVE_LIBC_PTHREAD
[1.656s] -- Performing Test CMAKE_HAVE_LIBC_PTHREAD - Success
[1.658s] -- Found Threads: TRUE  
[1.659s] -- Project will be installed to /home/yangxuan/agt_navigation_runtime/install/ugv_sdk with 'make install'
[1.659s] --  - To install LIB components to /home/yangxuan/agt_navigation_runtime/install/ugv_sdk/lib
[1.659s] --  - To install BIN components to /home/yangxuan/agt_navigation_runtime/install/ugv_sdk/bin
[1.659s] --  - To install INCLUDE components to /home/yangxuan/agt_navigation_runtime/install/ugv_sdk/include
[1.660s] --  - To install CMAKE components to /home/yangxuan/agt_navigation_runtime/install/ugv_sdk/share/cmake/ugv_sdk
[1.849s] -- Configuring done
[1.864s] -- Generating done
[2.154s] -- Build files have been written to: /home/yangxuan/agt_navigation_runtime/build/ugv_sdk
[2.162s] Invoked command in '/home/yangxuan/agt_navigation_runtime/build/ugv_sdk' returned '0': CMAKE_PREFIX_PATH=/opt/ros/humble /usr/bin/cmake /home/yangxuan/agt_navigation_runtime/third_party/ugv_sdk -DAMENT_CMAKE_SYMLINK_INSTALL=1 -DCMAKE_INSTALL_PREFIX=/home/yangxuan/agt_navigation_runtime/install/ugv_sdk
[2.163s] Invoking command in '/home/yangxuan/agt_navigation_runtime/build/ugv_sdk': CMAKE_PREFIX_PATH=/opt/ros/humble /usr/bin/cmake --build /home/yangxuan/agt_navigation_runtime/build/ugv_sdk -- -j32 -l32
[2.233s] [ 23%] [32mBuilding CXX object CMakeFiles/ugv_sdk.dir/src/utilities/protocol_detector.cpp.o[0m
[2.234s] [ 23%] [32mBuilding CXX object CMakeFiles/ugv_sdk.dir/src/mobile_robot/bunker_robot.cpp.o[0m
[2.234s] [ 23%] [32mBuilding CXX object CMakeFiles/ugv_sdk.dir/src/async_port/async_serial.cpp.o[0m
[2.234s] [ 30%] [32mBuilding CXX object CMakeFiles/ugv_sdk.dir/src/mobile_robot/ranger_robot.cpp.o[0m
[2.234s] [ 38%] [32mBuilding CXX object CMakeFiles/ugv_sdk.dir/src/mobile_robot/scout_robot.cpp.o[0m
[2.236s] [ 46%] [32mBuilding CXX object CMakeFiles/ugv_sdk.dir/src/mobile_robot/tracer_robot.cpp.o[0m
[2.237s] [ 53%] [32mBuilding C object CMakeFiles/ugv_sdk.dir/src/protocol_v2/agilex_msg_parser_v2.c.o[0m
[2.238s] [ 61%] [32mBuilding C object CMakeFiles/ugv_sdk.dir/src/protocol_v1/agilex_msg_parser_v1.c.o[0m
[2.238s] [ 69%] [32mBuilding CXX object CMakeFiles/ugv_sdk.dir/src/protocol_v2/protocol_v2_parser.cpp.o[0m
[2.241s] [ 76%] [32mBuilding CXX object CMakeFiles/ugv_sdk.dir/src/mobile_robot/titan_robot.cpp.o[0m
[2.246s] [ 84%] [32mBuilding CXX object CMakeFiles/ugv_sdk.dir/src/mobile_robot/hunter_robot.cpp.o[0m
[2.274s] [ 92%] [32mBuilding CXX object CMakeFiles/ugv_sdk.dir/src/async_port/async_can.cpp.o[0m
[11.548s] [100%] [32m[1mLinking CXX static library lib/libugv_sdk.a[0m
[11.625s] [100%] Built target ugv_sdk
[11.641s] Invoked command in '/home/yangxuan/agt_navigation_runtime/build/ugv_sdk' returned '0': CMAKE_PREFIX_PATH=/opt/ros/humble /usr/bin/cmake --build /home/yangxuan/agt_navigation_runtime/build/ugv_sdk -- -j32 -l32
[11.643s] Invoking command in '/home/yangxuan/agt_navigation_runtime/build/ugv_sdk': CMAKE_PREFIX_PATH=/opt/ros/humble /usr/bin/cmake --install /home/yangxuan/agt_navigation_runtime/build/ugv_sdk
[11.656s] -- Install configuration: "Release"
[11.656s] -- Execute custom install script
[11.657s] -- Symlinking: /home/yangxuan/agt_navigation_runtime/install/ugv_sdk/include/ugv_sdk/details/async_port/async_can.hpp
[11.672s] -- Symlinking: /home/yangxuan/agt_navigation_runtime/install/ugv_sdk/include/ugv_sdk/details/async_port/async_serial.hpp
[11.689s] -- Symlinking: /home/yangxuan/agt_navigation_runtime/install/ugv_sdk/include/ugv_sdk/details/async_port/ring_buffer.hpp
[11.703s] -- Symlinking: /home/yangxuan/agt_navigation_runtime/install/ugv_sdk/include/ugv_sdk/details/interface/agilex_message.h
[11.714s] -- Symlinking: /home/yangxuan/agt_navigation_runtime/install/ugv_sdk/include/ugv_sdk/details/interface/agilex_types.h
[11.727s] -- Symlinking: /home/yangxuan/agt_navigation_runtime/install/ugv_sdk/include/ugv_sdk/details/interface/bunker_interface.hpp
[11.744s] -- Symlinking: /home/yangxuan/agt_navigation_runtime/install/ugv_sdk/include/ugv_sdk/details/interface/hunter_interface.hpp
[11.755s] -- Symlinking: /home/yangxuan/agt_navigation_runtime/install/ugv_sdk/include/ugv_sdk/details/interface/ranger_interface.hpp
[11.766s] -- Symlinking: /home/yangxuan/agt_navigation_runtime/install/ugv_sdk/include/ugv_sdk/details/interface/robot_common_interface.hpp
[11.781s] -- Symlinking: /home/yangxuan/agt_navigation_runtime/install/ugv_sdk/include/ugv_sdk/details/interface/scout_interface.hpp
[11.793s] -- Symlinking: /home/yangxuan/agt_navigation_runtime/install/ugv_sdk/include/ugv_sdk/details/interface/titan_interface.hpp
[11.804s] -- Symlinking: /home/yangxuan/agt_navigation_runtime/install/ugv_sdk/include/ugv_sdk/details/interface/tracer_interface.hpp
[11.815s] -- Symlinking: /home/yangxuan/agt_navigation_runtime/install/ugv_sdk/include/ugv_sdk/details/parser_base.hpp
[11.827s] -- Symlinking: /home/yangxuan/agt_navigation_runtime/install/ugv_sdk/include/ugv_sdk/details/protocol_v1/agilex_msg_parser_v1.h
[11.838s] -- Symlinking: /home/yangxuan/agt_navigation_runtime/install/ugv_sdk/include/ugv_sdk/details/protocol_v1/protocol_v1_parser.hpp
[11.853s] -- Symlinking: /home/yangxuan/agt_navigation_runtime/install/ugv_sdk/include/ugv_sdk/details/protocol_v1/robot_limits.hpp
[11.869s] -- Symlinking: /home/yangxuan/agt_navigation_runtime/install/ugv_sdk/include/ugv_sdk/details/protocol_v2/protocol_v2_parser.hpp
[11.884s] -- Symlinking: /home/yangxuan/agt_navigation_runtime/install/ugv_sdk/include/ugv_sdk/details/robot_base/agilex_base.hpp
[11.895s] -- Symlinking: /home/yangxuan/agt_navigation_runtime/install/ugv_sdk/include/ugv_sdk/details/robot_base/bunker_base.hpp
[11.909s] -- Symlinking: /home/yangxuan/agt_navigation_runtime/install/ugv_sdk/include/ugv_sdk/details/robot_base/hunter_base.hpp
[11.922s] -- Symlinking: /home/yangxuan/agt_navigation_runtime/install/ugv_sdk/include/ugv_sdk/details/robot_base/ranger_base.hpp
[11.933s] -- Symlinking: /home/yangxuan/agt_navigation_runtime/install/ugv_sdk/include/ugv_sdk/details/robot_base/scout_base.hpp
[11.947s] -- Symlinking: /home/yangxuan/agt_navigation_runtime/install/ugv_sdk/include/ugv_sdk/details/robot_base/titan_base.hpp
[11.964s] -- Symlinking: /home/yangxuan/agt_navigation_runtime/install/ugv_sdk/include/ugv_sdk/details/robot_base/tracer_base.hpp
[11.979s] -- Symlinking: /home/yangxuan/agt_navigation_runtime/install/ugv_sdk/include/ugv_sdk/mobile_robot/bunker_robot.hpp
[11.993s] -- Symlinking: /home/yangxuan/agt_navigation_runtime/install/ugv_sdk/include/ugv_sdk/mobile_robot/hunter_robot.hpp
[12.005s] -- Symlinking: /home/yangxuan/agt_navigation_runtime/install/ugv_sdk/include/ugv_sdk/mobile_robot/ranger_robot.hpp
[12.019s] -- Symlinking: /home/yangxuan/agt_navigation_runtime/install/ugv_sdk/include/ugv_sdk/mobile_robot/scout_robot.hpp
[12.034s] -- Symlinking: /home/yangxuan/agt_navigation_runtime/install/ugv_sdk/include/ugv_sdk/mobile_robot/titan_robot.hpp
[12.050s] -- Symlinking: /home/yangxuan/agt_navigation_runtime/install/ugv_sdk/include/ugv_sdk/mobile_robot/tracer_robot.hpp
[12.064s] -- Symlinking: /home/yangxuan/agt_navigation_runtime/install/ugv_sdk/include/ugv_sdk/utilities/protocol_detector.hpp
[12.080s] -- Symlinking: /home/yangxuan/agt_navigation_runtime/install/ugv_sdk/lib/cmake/ugv_sdk/ugv_sdkConfig.cmake
[12.094s] -- Symlinking: /home/yangxuan/agt_navigation_runtime/install/ugv_sdk/lib/cmake/ugv_sdk/ugv_sdkConfigVersion.cmake
[12.112s] -- Symlinking: /home/yangxuan/agt_navigation_runtime/install/ugv_sdk/share/ugv_sdk/environment/library_path.sh
[12.124s] -- Symlinking: /home/yangxuan/agt_navigation_runtime/install/ugv_sdk/share/ugv_sdk/environment/library_path.dsv
[12.142s] -- Symlinking: /home/yangxuan/agt_navigation_runtime/install/ugv_sdk/share/ament_index/resource_index/package_run_dependencies/ugv_sdk
[12.159s] -- Symlinking: /home/yangxuan/agt_navigation_runtime/install/ugv_sdk/share/ament_index/resource_index/parent_prefix_path/ugv_sdk
[12.175s] -- Symlinking: /home/yangxuan/agt_navigation_runtime/install/ugv_sdk/share/ugv_sdk/environment/ament_prefix_path.sh
[12.196s] -- Symlinking: /home/yangxuan/agt_navigation_runtime/install/ugv_sdk/share/ugv_sdk/environment/ament_prefix_path.dsv
[12.209s] -- Symlinking: /home/yangxuan/agt_navigation_runtime/install/ugv_sdk/share/ugv_sdk/environment/path.sh
[12.221s] -- Symlinking: /home/yangxuan/agt_navigation_runtime/install/ugv_sdk/share/ugv_sdk/environment/path.dsv
[12.235s] -- Symlinking: /home/yangxuan/agt_navigation_runtime/install/ugv_sdk/share/ugv_sdk/local_setup.bash
[12.248s] -- Symlinking: /home/yangxuan/agt_navigation_runtime/install/ugv_sdk/share/ugv_sdk/local_setup.sh
[12.264s] -- Symlinking: /home/yangxuan/agt_navigation_runtime/install/ugv_sdk/share/ugv_sdk/local_setup.zsh
[12.276s] -- Symlinking: /home/yangxuan/agt_navigation_runtime/install/ugv_sdk/share/ugv_sdk/local_setup.dsv
[12.289s] -- Symlinking: /home/yangxuan/agt_navigation_runtime/install/ugv_sdk/share/ugv_sdk/package.dsv
[12.303s] -- Symlinking: /home/yangxuan/agt_navigation_runtime/install/ugv_sdk/share/ament_index/resource_index/packages/ugv_sdk
[12.319s] -- Symlinking: /home/yangxuan/agt_navigation_runtime/install/ugv_sdk/share/ugv_sdk/cmake/ament_cmake_export_targets-extras.cmake
[12.334s] -- Symlinking: /home/yangxuan/agt_navigation_runtime/install/ugv_sdk/share/ugv_sdk/cmake/ament_cmake_export_include_directories-extras.cmake
[12.352s] -- Symlinking: /home/yangxuan/agt_navigation_runtime/install/ugv_sdk/share/ugv_sdk/cmake/ament_cmake_export_libraries-extras.cmake
[12.366s] -- Symlinking: /home/yangxuan/agt_navigation_runtime/install/ugv_sdk/share/ugv_sdk/cmake/ugv_sdkConfig.cmake
[12.382s] -- Symlinking: /home/yangxuan/agt_navigation_runtime/install/ugv_sdk/share/ugv_sdk/cmake/ugv_sdkConfig-version.cmake
[12.395s] -- Symlinking: /home/yangxuan/agt_navigation_runtime/install/ugv_sdk/share/ugv_sdk/package.xml
[12.409s] -- Installing: /home/yangxuan/agt_navigation_runtime/install/ugv_sdk/lib/libugv_sdk.a
[12.411s] -- Installing: /home/yangxuan/agt_navigation_runtime/install/ugv_sdk/lib/cmake/ugv_sdk/ugv_sdkTargets.cmake
[12.412s] -- Installing: /home/yangxuan/agt_navigation_runtime/install/ugv_sdk/lib/cmake/ugv_sdk/ugv_sdkTargets-release.cmake
[12.412s] -- Installing: /home/yangxuan/agt_navigation_runtime/install/ugv_sdk/share/ugv_sdk/cmake/ugv_sdkTargetsExport.cmake
[12.412s] -- Installing: /home/yangxuan/agt_navigation_runtime/install/ugv_sdk/share/ugv_sdk/cmake/ugv_sdkTargetsExport-release.cmake
[12.415s] Invoked command in '/home/yangxuan/agt_navigation_runtime/build/ugv_sdk' returned '0': CMAKE_PREFIX_PATH=/opt/ros/humble /usr/bin/cmake --install /home/yangxuan/agt_navigation_runtime/build/ugv_sdk
