-- The C compiler identification is GNU 11.4.0
-- The CXX compiler identification is GNU 11.4.0
-- Detecting C compiler ABI info
-- Detecting C compiler ABI info - done
-- Check for working C compiler: /usr/bin/cc - skipped
-- Detecting C compile features
-- Detecting C compile features - done
-- Detecting CXX compiler ABI info
-- Detecting CXX compiler ABI info - done
-- Check for working CXX compiler: /usr/bin/c++ - skipped
-- Detecting CXX compile features
-- Detecting CXX compile features - done
-- Found ament_cmake: 1.3.14 (/opt/ros/humble/share/ament_cmake/cmake)
-- Found Python3: /usr/bin/python3 (found version "3.10.12") found components: Interpreter 
-- Override CMake install command with custom implementation using symlinks instead of copying resources
-- Found geometry_msgs: 4.9.1 (/opt/ros/humble/share/geometry_msgs/cmake)
-- Found rosidl_generator_c: 3.1.8 (/opt/ros/humble/share/rosidl_generator_c/cmake)
-- Found rosidl_adapter: 3.1.8 (/opt/ros/humble/share/rosidl_adapter/cmake)
-- Found rosidl_generator_cpp: 3.1.8 (/opt/ros/humble/share/rosidl_generator_cpp/cmake)
-- Using all available rosidl_typesupport_c: rosidl_typesupport_fastrtps_c;rosidl_typesupport_introspection_c
-- Using all available rosidl_typesupport_cpp: rosidl_typesupport_fastrtps_cpp;rosidl_typesupport_introspection_cpp
-- Found rclcpp: 16.0.19 (/opt/ros/humble/share/rclcpp/cmake)
-- Found rmw_implementation_cmake: 6.1.2 (/opt/ros/humble/share/rmw_implementation_cmake/cmake)
-- Found rmw_fastrtps_cpp: 6.2.10 (/opt/ros/humble/share/rmw_fastrtps_cpp/cmake)
-- Found OpenSSL: /usr/lib/x86_64-linux-gnu/libcrypto.so (found version "3.0.2")  
-- Found FastRTPS: /opt/ros/humble/include  
-- Using RMW implementation 'rmw_fastrtps_cpp' as default
-- Looking for pthread.h
-- Looking for pthread.h - found
-- Performing Test CMAKE_HAVE_LIBC_PTHREAD
-- Performing Test CMAKE_HAVE_LIBC_PTHREAD - Success
-- Found Threads: TRUE  
-- Found sensor_msgs: 4.9.1 (/opt/ros/humble/share/sensor_msgs/cmake)
-- Found tf2: 0.25.20 (/opt/ros/humble/share/tf2/cmake)
-- Found tf2_ros: 0.25.20 (/opt/ros/humble/share/tf2_ros/cmake)
-- Configuring done
-- Generating done
-- Build files have been written to: /home/yangxuan/agt_navigation_runtime/build/agt_perception
[ 50%] [32mBuilding CXX object CMakeFiles/local_obstacle_filter.dir/src/local_obstacle_filter.cpp.o[0m
[100%] [32m[1mLinking CXX executable local_obstacle_filter[0m
[100%] Built target local_obstacle_filter
-- Install configuration: ""
-- Execute custom install script
-- Symlinking: /home/yangxuan/agt_navigation_runtime/install/agt_perception/lib/agt_perception/local_obstacle_filter
-- Symlinking: /home/yangxuan/agt_navigation_runtime/install/agt_perception/share/agt_perception/launch/local_obstacles.launch.py
-- Symlinking: /home/yangxuan/agt_navigation_runtime/install/agt_perception/share/agt_perception/config/local_obstacle_filter.yaml
-- Symlinking: /home/yangxuan/agt_navigation_runtime/install/agt_perception/share/ament_index/resource_index/package_run_dependencies/agt_perception
-- Symlinking: /home/yangxuan/agt_navigation_runtime/install/agt_perception/share/ament_index/resource_index/parent_prefix_path/agt_perception
-- Symlinking: /home/yangxuan/agt_navigation_runtime/install/agt_perception/share/agt_perception/environment/ament_prefix_path.sh
-- Symlinking: /home/yangxuan/agt_navigation_runtime/install/agt_perception/share/agt_perception/environment/ament_prefix_path.dsv
-- Symlinking: /home/yangxuan/agt_navigation_runtime/install/agt_perception/share/agt_perception/environment/path.sh
-- Symlinking: /home/yangxuan/agt_navigation_runtime/install/agt_perception/share/agt_perception/environment/path.dsv
-- Symlinking: /home/yangxuan/agt_navigation_runtime/install/agt_perception/share/agt_perception/local_setup.bash
-- Symlinking: /home/yangxuan/agt_navigation_runtime/install/agt_perception/share/agt_perception/local_setup.sh
-- Symlinking: /home/yangxuan/agt_navigation_runtime/install/agt_perception/share/agt_perception/local_setup.zsh
-- Symlinking: /home/yangxuan/agt_navigation_runtime/install/agt_perception/share/agt_perception/local_setup.dsv
-- Symlinking: /home/yangxuan/agt_navigation_runtime/install/agt_perception/share/agt_perception/package.dsv
-- Symlinking: /home/yangxuan/agt_navigation_runtime/install/agt_perception/share/ament_index/resource_index/packages/agt_perception
-- Symlinking: /home/yangxuan/agt_navigation_runtime/install/agt_perception/share/agt_perception/cmake/agt_perceptionConfig.cmake
-- Symlinking: /home/yangxuan/agt_navigation_runtime/install/agt_perception/share/agt_perception/cmake/agt_perceptionConfig-version.cmake
-- Symlinking: /home/yangxuan/agt_navigation_runtime/install/agt_perception/share/agt_perception/package.xml
