[0.021s] Invoking command in '/home/yangxuan/agt_navigation_runtime/build/fast_livo': AMENT_PREFIX_PATH=/home/yangxuan/agt_navigation_runtime/install/vikit_ros:/home/yangxuan/agt_navigation_runtime/install/vikit_common:/home/yangxuan/agt_navigation_runtime/install/livox_ros_driver2:${AMENT_PREFIX_PATH} CMAKE_PREFIX_PATH=/home/yangxuan/agt_navigation_runtime/install/vikit_ros:/home/yangxuan/agt_navigation_runtime/install/vikit_common:/home/yangxuan/agt_navigation_runtime/install/livox_ros_driver2:/opt/ros/humble LD_LIBRARY_PATH=/home/yangxuan/agt_navigation_runtime/install/vikit_ros/lib:/home/yangxuan/agt_navigation_runtime/install/vikit_common/lib:/home/yangxuan/agt_navigation_runtime/install/livox_ros_driver2/lib:/usr/lib/x86_64-linux-gnu/gazebo-11/plugins:/opt/ros/humble/opt/rviz_ogre_vendor/lib:/opt/ros/humble/lib/x86_64-linux-gnu:/opt/ros/humble/opt/ortools_vendor/lib:/opt/ros/humble/opt/openvdb_vendor/lib:/opt/ros/humble/lib PYTHONPATH=/home/yangxuan/agt_navigation_runtime/install/livox_ros_driver2/local/lib/python3.10/dist-packages:${PYTHONPATH} /usr/bin/cmake /home/yangxuan/agt_navigation_runtime/third_party/fast_livo2_ros2 -DAMENT_CMAKE_SYMLINK_INSTALL=1 -DCMAKE_INSTALL_PREFIX=/home/yangxuan/agt_navigation_runtime/install/fast_livo
[0.092s] -- The C compiler identification is GNU 11.4.0
[0.158s] -- The CXX compiler identification is GNU 11.4.0
[0.167s] -- Detecting C compiler ABI info
[0.266s] -- Detecting C compiler ABI info - done
[0.276s] -- Check for working C compiler: /usr/bin/cc - skipped
[0.276s] -- Detecting C compile features
[0.276s] -- Detecting C compile features - done
[0.279s] -- Detecting CXX compiler ABI info
[0.386s] -- Detecting CXX compiler ABI info - done
[0.395s] -- Check for working CXX compiler: /usr/bin/c++ - skipped
[0.395s] -- Detecting CXX compile features
[0.396s] -- Detecting CXX compile features - done
[0.396s] -- Build Type: Release
[0.396s] -- Current CPU architecture: x86_64
[0.396s] -- Using ABI-safe x86 optimizations: -O3 -march=x86-64 -mtune=native -funroll-loops
[0.405s] -- Processor count: 32
[0.405s] -- Multithreading enabled. Cores: 4
[0.819s] -- OpenMP found
[0.840s] -- mimalloc not found, proceeding without it
[0.844s] -- Found ament_cmake: 1.3.14 (/opt/ros/humble/share/ament_cmake/cmake)
[1.022s] -- Found Python3: /usr/bin/python3 (found version "3.10.12") found components: Interpreter 
[1.085s] -- Override CMake install command with custom implementation using symlinks instead of copying resources
[1.122s] -- Found rclcpp: 16.0.19 (/opt/ros/humble/share/rclcpp/cmake)
[1.182s] -- Found rosidl_generator_c: 3.1.8 (/opt/ros/humble/share/rosidl_generator_c/cmake)
[1.187s] -- Found rosidl_adapter: 3.1.8 (/opt/ros/humble/share/rosidl_adapter/cmake)
[1.196s] -- Found rosidl_generator_cpp: 3.1.8 (/opt/ros/humble/share/rosidl_generator_cpp/cmake)
[1.207s] -- Using all available rosidl_typesupport_c: rosidl_typesupport_fastrtps_c;rosidl_typesupport_introspection_c
[1.222s] -- Using all available rosidl_typesupport_cpp: rosidl_typesupport_fastrtps_cpp;rosidl_typesupport_introspection_cpp
[1.264s] -- Found rmw_implementation_cmake: 6.1.2 (/opt/ros/humble/share/rmw_implementation_cmake/cmake)
[1.267s] -- Found rmw_fastrtps_cpp: 6.2.10 (/opt/ros/humble/share/rmw_fastrtps_cpp/cmake)
[1.371s] -- Found OpenSSL: /usr/lib/x86_64-linux-gnu/libcrypto.so (found version "3.0.2")  
[1.415s] -- Found FastRTPS: /opt/ros/humble/include  
[1.481s] -- Using RMW implementation 'rmw_fastrtps_cpp' as default
[1.493s] -- Looking for pthread.h
[1.597s] -- Looking for pthread.h - found
[1.598s] -- Performing Test CMAKE_HAVE_LIBC_PTHREAD
[1.693s] -- Performing Test CMAKE_HAVE_LIBC_PTHREAD - Success
[1.695s] -- Found Threads: TRUE  
[1.759s] -- Found rclpy: 3.3.21 (/opt/ros/humble/share/rclpy/cmake)
[1.761s] -- Found geometry_msgs: 4.9.1 (/opt/ros/humble/share/geometry_msgs/cmake)
[1.777s] -- Found nav_msgs: 4.9.1 (/opt/ros/humble/share/nav_msgs/cmake)
[1.800s] -- Found sensor_msgs: 4.9.1 (/opt/ros/humble/share/sensor_msgs/cmake)
[1.822s] -- Found visualization_msgs: 4.9.1 (/opt/ros/humble/share/visualization_msgs/cmake)
[1.852s] -- Found pcl_ros: 2.4.5 (/opt/ros/humble/share/pcl_ros/cmake)
[1.913s] -- Checking for module 'eigen3'
[1.934s] --   Found eigen3, version 3.4.0
[1.986s] -- Found Eigen: /usr/include/eigen3 (Required is at least version "3.1") 
[1.986s] -- Eigen found (include: /usr/include/eigen3, version: 3.4.0)
[2.038s] -- Checking for module 'flann'
[2.059s] --   Found flann, version 1.9.1
[2.115s] -- Found FLANN: /usr/lib/x86_64-linux-gnu/libflann_cpp.so  
[2.115s] -- FLANN found (include: /usr/include, lib: /usr/lib/x86_64-linux-gnu/libflann_cpp.so)
[3.222s] -- Checking for module 'libusb-1.0'
[3.240s] --   Found libusb-1.0, version 1.0.25
[3.284s] -- Found libusb: /usr/lib/x86_64-linux-gnu/libusb-1.0.so  
[3.285s] -- OpenNI found (version: 1.5.4.0, include: /usr/include/ni, lib: /usr/lib/libOpenNI.so;libusb::libusb)
[3.352s] -- OpenNI2 found (version: 2.2.0.33, include: /usr/include/openni2, lib: /usr/lib/x86_64-linux-gnu/libOpenNI2.so;libusb::libusb)
[3.539s] -- Eigen found (include: /usr/include/eigen3, version: 3.4.0)
[3.546s] -- OpenNI found (version: 1.5.4.0, include: /usr/include/ni, lib: /usr/lib/libOpenNI.so;libusb::libusb)
[3.554s] -- OpenNI2 found (version: 2.2.0.33, include: /usr/include/openni2, lib: /usr/lib/x86_64-linux-gnu/libOpenNI2.so;libusb::libusb)
[3.714s] -- Found Qhull version 8.0.2
[3.901s] -- OpenNI found (version: 1.5.4.0, include: /usr/include/ni, lib: /usr/lib/libOpenNI.so;libusb::libusb)
[4.104s] -- Found PCL_COMMON: /usr/lib/x86_64-linux-gnu/libpcl_common.so  
[4.105s] -- Found PCL_KDTREE: /usr/lib/x86_64-linux-gnu/libpcl_kdtree.so  
[4.106s] -- Found PCL_OCTREE: /usr/lib/x86_64-linux-gnu/libpcl_octree.so  
[4.107s] -- Found PCL_SEARCH: /usr/lib/x86_64-linux-gnu/libpcl_search.so  
[4.108s] -- Found PCL_SAMPLE_CONSENSUS: /usr/lib/x86_64-linux-gnu/libpcl_sample_consensus.so  
[4.109s] -- Found PCL_FILTERS: /usr/lib/x86_64-linux-gnu/libpcl_filters.so  
[4.109s] -- Found PCL_2D: /usr/include/pcl-1.12  
[4.110s] -- Found PCL_GEOMETRY: /usr/include/pcl-1.12  
[4.111s] -- Found PCL_IO: /usr/lib/x86_64-linux-gnu/libpcl_io.so  
[4.112s] -- Found PCL_FEATURES: /usr/lib/x86_64-linux-gnu/libpcl_features.so  
[4.113s] -- Found PCL_ML: /usr/lib/x86_64-linux-gnu/libpcl_ml.so  
[4.114s] -- Found PCL_SEGMENTATION: /usr/lib/x86_64-linux-gnu/libpcl_segmentation.so  
[4.115s] -- Found PCL_VISUALIZATION: /usr/lib/x86_64-linux-gnu/libpcl_visualization.so  
[4.116s] -- Found PCL_SURFACE: /usr/lib/x86_64-linux-gnu/libpcl_surface.so  
[4.117s] -- Found PCL_REGISTRATION: /usr/lib/x86_64-linux-gnu/libpcl_registration.so  
[4.119s] -- Found PCL_KEYPOINTS: /usr/lib/x86_64-linux-gnu/libpcl_keypoints.so  
[4.120s] -- Found PCL_TRACKING: /usr/lib/x86_64-linux-gnu/libpcl_tracking.so  
[4.121s] -- Found PCL_RECOGNITION: /usr/lib/x86_64-linux-gnu/libpcl_recognition.so  
[4.122s] -- Found PCL_STEREO: /usr/lib/x86_64-linux-gnu/libpcl_stereo.so  
[4.123s] -- Found PCL_APPS: /usr/lib/x86_64-linux-gnu/libpcl_apps.so  
[4.124s] -- Found PCL_IN_HAND_SCANNER: /usr/include/pcl-1.12  
[4.124s] -- Found PCL_MODELER: /usr/include/pcl-1.12  
[4.124s] -- Found PCL_POINT_CLOUD_EDITOR: /usr/include/pcl-1.12  
[4.126s] -- Found PCL_OUTOFCORE: /usr/lib/x86_64-linux-gnu/libpcl_outofcore.so  
[4.126s] -- Found PCL_PEOPLE: /usr/lib/x86_64-linux-gnu/libpcl_people.so  
[4.162s] -- Found eigen3_cmake_module: 0.1.1 (/opt/ros/humble/share/eigen3_cmake_module/cmake)
[4.163s] -- Found Eigen3: TRUE (found version "3.4.0") 
[4.163s] -- Ensuring Eigen3 include directory is part of orocos-kdl CMake target
[4.265s] -- Found livox_ros_driver2: 1.0.0 (/home/yangxuan/agt_navigation_runtime/install/livox_ros_driver2/share/livox_ros_driver2/cmake)
[4.286s] -- Found vikit_common: 0.0.0 (/home/yangxuan/agt_navigation_runtime/install/vikit_common/share/vikit_common/cmake)
[4.304s] -- Found vikit_ros: 0.0.0 (/home/yangxuan/agt_navigation_runtime/install/vikit_ros/share/vikit_ros/cmake)
[4.357s] -- Found cv_bridge: 3.2.1 (/opt/ros/humble/share/cv_bridge/cmake)
[4.366s] -- Found image_transport: 3.1.12 (/opt/ros/humble/share/image_transport/cmake)
[4.392s] [33mCMake Warning (dev) at CMakeLists.txt:103 (find_package):
[4.392s]   Policy CMP0074 is not set: find_package uses <PackageName>_ROOT variables.
[4.393s]   Run "cmake --help-policy CMP0074" for policy details.  Use the cmake_policy
[4.393s]   command to set the policy and suppress this warning.
[4.393s] 
[4.393s]   CMake variable PCL_ROOT is set to:
[4.393s] 
[4.393s]     /usr
[4.393s] 
[4.393s]   For compatibility, CMake is ignoring the variable.
[4.393s] This warning is for project developers.  Use -Wno-dev to suppress it.
[4.393s] [0m
[4.405s] -- Found OpenCV: /usr (found version "4.5.4") 
[4.407s] -- Found Eigen3: TRUE (found suitable version "3.4.0", minimum required is "3.4.0") 
[4.429s] -- Found Boost: /usr/lib/x86_64-linux-gnu/cmake/Boost-1.74.0/BoostConfig.cmake (found version "1.74.0") found components: thread 
[4.509s] -- Found ament_cmake_gtest: 1.3.14 (/opt/ros/humble/share/ament_cmake_gtest/cmake)
[4.511s] -- Found gtest sources under '/opt/ros/humble/src/gtest_vendor': C++ tests using 'Google Test' will be built
[4.594s] -- Configuring done
[4.821s] -- Generating done
[4.873s] -- Build files have been written to: /home/yangxuan/agt_navigation_runtime/build/fast_livo
[4.897s] Invoked command in '/home/yangxuan/agt_navigation_runtime/build/fast_livo' returned '0': AMENT_PREFIX_PATH=/home/yangxuan/agt_navigation_runtime/install/vikit_ros:/home/yangxuan/agt_navigation_runtime/install/vikit_common:/home/yangxuan/agt_navigation_runtime/install/livox_ros_driver2:${AMENT_PREFIX_PATH} CMAKE_PREFIX_PATH=/home/yangxuan/agt_navigation_runtime/install/vikit_ros:/home/yangxuan/agt_navigation_runtime/install/vikit_common:/home/yangxuan/agt_navigation_runtime/install/livox_ros_driver2:/opt/ros/humble LD_LIBRARY_PATH=/home/yangxuan/agt_navigation_runtime/install/vikit_ros/lib:/home/yangxuan/agt_navigation_runtime/install/vikit_common/lib:/home/yangxuan/agt_navigation_runtime/install/livox_ros_driver2/lib:/usr/lib/x86_64-linux-gnu/gazebo-11/plugins:/opt/ros/humble/opt/rviz_ogre_vendor/lib:/opt/ros/humble/lib/x86_64-linux-gnu:/opt/ros/humble/opt/ortools_vendor/lib:/opt/ros/humble/opt/openvdb_vendor/lib:/opt/ros/humble/lib PYTHONPATH=/home/yangxuan/agt_navigation_runtime/install/livox_ros_driver2/local/lib/python3.10/dist-packages:${PYTHONPATH} /usr/bin/cmake /home/yangxuan/agt_navigation_runtime/third_party/fast_livo2_ros2 -DAMENT_CMAKE_SYMLINK_INSTALL=1 -DCMAKE_INSTALL_PREFIX=/home/yangxuan/agt_navigation_runtime/install/fast_livo
[4.900s] Invoking command in '/home/yangxuan/agt_navigation_runtime/build/fast_livo': AMENT_PREFIX_PATH=/home/yangxuan/agt_navigation_runtime/install/vikit_ros:/home/yangxuan/agt_navigation_runtime/install/vikit_common:/home/yangxuan/agt_navigation_runtime/install/livox_ros_driver2:${AMENT_PREFIX_PATH} CMAKE_PREFIX_PATH=/home/yangxuan/agt_navigation_runtime/install/vikit_ros:/home/yangxuan/agt_navigation_runtime/install/vikit_common:/home/yangxuan/agt_navigation_runtime/install/livox_ros_driver2:/opt/ros/humble LD_LIBRARY_PATH=/home/yangxuan/agt_navigation_runtime/install/vikit_ros/lib:/home/yangxuan/agt_navigation_runtime/install/vikit_common/lib:/home/yangxuan/agt_navigation_runtime/install/livox_ros_driver2/lib:/usr/lib/x86_64-linux-gnu/gazebo-11/plugins:/opt/ros/humble/opt/rviz_ogre_vendor/lib:/opt/ros/humble/lib/x86_64-linux-gnu:/opt/ros/humble/opt/ortools_vendor/lib:/opt/ros/humble/opt/openvdb_vendor/lib:/opt/ros/humble/lib PYTHONPATH=/home/yangxuan/agt_navigation_runtime/install/livox_ros_driver2/local/lib/python3.10/dist-packages:${PYTHONPATH} /usr/bin/cmake --build /home/yangxuan/agt_navigation_runtime/build/fast_livo -- -j32 -l32
[4.979s] [ 16%] [32mBuilding CXX object gtest/CMakeFiles/gtest_main.dir/src/gtest_main.cc.o[0m
[4.979s] [ 16%] [32mBuilding CXX object CMakeFiles/utils.dir/src/utils.cpp.o[0m
[4.979s] [ 16%] [32mBuilding CXX object CMakeFiles/incremental_voxel_map.dir/src/incremental_voxel_map.cpp.o[0m
[4.979s] [ 29%] [32mBuilding CXX object CMakeFiles/vio.dir/src/frame.cpp.o[0m
[4.979s] [ 29%] [32mBuilding CXX object CMakeFiles/pre.dir/src/preprocess.cpp.o[0m
[4.979s] [ 29%] [32mBuilding CXX object CMakeFiles/imu_proc.dir/src/IMU_Processing.cpp.o[0m
[4.980s] [ 29%] [32mBuilding CXX object gtest/CMakeFiles/gtest.dir/src/gtest-all.cc.o[0m
[4.982s] [ 33%] [32mBuilding CXX object CMakeFiles/vio.dir/src/visual_point.cpp.o[0m
[4.983s] [ 37%] [32mBuilding CXX object CMakeFiles/vio.dir/src/vio.cpp.o[0m
[5.487s] [ 41%] [32m[1mLinking CXX static library libutils.a[0m
[5.541s] [ 41%] Built target utils
[5.575s] [ 45%] [32mBuilding CXX object CMakeFiles/lio.dir/src/voxel_map.cpp.o[0m
[6.597s] [ 50%] [32m[1mLinking CXX static library libgtest_main.a[0m
[6.669s] [ 50%] Built target gtest_main
[8.429s] [ 54%] [32m[1mLinking CXX static library libincremental_voxel_map.a[0m
[8.571s] [ 54%] Built target incremental_voxel_map
[8.611s] [ 58%] [32mBuilding CXX object CMakeFiles/laser_mapping.dir/src/LIVMapper.cpp.o[0m
[17.915s] [ 62%] [32m[1mLinking CXX static library libgtest.a[0m
[17.967s] [ 62%] Built target gtest
[18.002s] [ 66%] [32mBuilding CXX object CMakeFiles/test_incremental_voxel_map.dir/test/test_incremental_voxel_map.cpp.o[0m
[21.503s] [ 70%] [32m[1mLinking CXX executable test_incremental_voxel_map[0m
[21.786s] [ 75%] [32m[1mLinking CXX static library libimu_proc.a[0m
[21.797s] [ 79%] [32m[1mLinking CXX static library libpre.a[0m
[21.824s] [ 79%] Built target imu_proc
[21.841s] [ 79%] Built target pre
[24.211s] [ 79%] Built target test_incremental_voxel_map
[40.992s] [ 83%] [32m[1mLinking CXX static library libvio.a[0m
[41.043s] [ 83%] Built target vio
[53.383s] [ 87%] [32m[1mLinking CXX static library liblio.a[0m
[53.433s] [ 87%] Built target lio
[66.911s] [ 91%] [32m[1mLinking CXX static library liblaser_mapping.a[0m
[66.994s] [ 91%] Built target laser_mapping
[67.018s] [ 95%] [32mBuilding CXX object CMakeFiles/fastlivo_mapping.dir/src/main.cpp.o[0m
[74.467s] [100%] [32m[1mLinking CXX executable fastlivo_mapping[0m
[75.749s] [100%] Built target fastlivo_mapping
[75.758s] Invoked command in '/home/yangxuan/agt_navigation_runtime/build/fast_livo' returned '0': AMENT_PREFIX_PATH=/home/yangxuan/agt_navigation_runtime/install/vikit_ros:/home/yangxuan/agt_navigation_runtime/install/vikit_common:/home/yangxuan/agt_navigation_runtime/install/livox_ros_driver2:${AMENT_PREFIX_PATH} CMAKE_PREFIX_PATH=/home/yangxuan/agt_navigation_runtime/install/vikit_ros:/home/yangxuan/agt_navigation_runtime/install/vikit_common:/home/yangxuan/agt_navigation_runtime/install/livox_ros_driver2:/opt/ros/humble LD_LIBRARY_PATH=/home/yangxuan/agt_navigation_runtime/install/vikit_ros/lib:/home/yangxuan/agt_navigation_runtime/install/vikit_common/lib:/home/yangxuan/agt_navigation_runtime/install/livox_ros_driver2/lib:/usr/lib/x86_64-linux-gnu/gazebo-11/plugins:/opt/ros/humble/opt/rviz_ogre_vendor/lib:/opt/ros/humble/lib/x86_64-linux-gnu:/opt/ros/humble/opt/ortools_vendor/lib:/opt/ros/humble/opt/openvdb_vendor/lib:/opt/ros/humble/lib PYTHONPATH=/home/yangxuan/agt_navigation_runtime/install/livox_ros_driver2/local/lib/python3.10/dist-packages:${PYTHONPATH} /usr/bin/cmake --build /home/yangxuan/agt_navigation_runtime/build/fast_livo -- -j32 -l32
[75.760s] Invoking command in '/home/yangxuan/agt_navigation_runtime/build/fast_livo': AMENT_PREFIX_PATH=/home/yangxuan/agt_navigation_runtime/install/vikit_ros:/home/yangxuan/agt_navigation_runtime/install/vikit_common:/home/yangxuan/agt_navigation_runtime/install/livox_ros_driver2:${AMENT_PREFIX_PATH} CMAKE_PREFIX_PATH=/home/yangxuan/agt_navigation_runtime/install/vikit_ros:/home/yangxuan/agt_navigation_runtime/install/vikit_common:/home/yangxuan/agt_navigation_runtime/install/livox_ros_driver2:/opt/ros/humble LD_LIBRARY_PATH=/home/yangxuan/agt_navigation_runtime/install/vikit_ros/lib:/home/yangxuan/agt_navigation_runtime/install/vikit_common/lib:/home/yangxuan/agt_navigation_runtime/install/livox_ros_driver2/lib:/usr/lib/x86_64-linux-gnu/gazebo-11/plugins:/opt/ros/humble/opt/rviz_ogre_vendor/lib:/opt/ros/humble/lib/x86_64-linux-gnu:/opt/ros/humble/opt/ortools_vendor/lib:/opt/ros/humble/opt/openvdb_vendor/lib:/opt/ros/humble/lib PYTHONPATH=/home/yangxuan/agt_navigation_runtime/install/livox_ros_driver2/local/lib/python3.10/dist-packages:${PYTHONPATH} /usr/bin/cmake --install /home/yangxuan/agt_navigation_runtime/build/fast_livo
[75.766s] -- Install configuration: "Release"
[75.767s] -- Execute custom install script
[75.767s] -- Symlinking: /home/yangxuan/agt_navigation_runtime/install/fast_livo/lib/fast_livo/fastlivo_mapping
[75.774s] -- Symlinking: /home/yangxuan/agt_navigation_runtime/install/fast_livo/share/fast_livo/config/MARS_LVIG.yaml
[75.782s] -- Symlinking: /home/yangxuan/agt_navigation_runtime/install/fast_livo/share/fast_livo/config/avia.yaml
[75.790s] -- Symlinking: /home/yangxuan/agt_navigation_runtime/install/fast_livo/share/fast_livo/config/camera_MARS_LVIG.yaml
[75.800s] -- Symlinking: /home/yangxuan/agt_navigation_runtime/install/fast_livo/share/fast_livo/config/camera_pinhole.yaml
[75.810s] -- Symlinking: /home/yangxuan/agt_navigation_runtime/install/fast_livo/share/fast_livo/launch/mapping_avia.launch.py
[75.818s] -- Symlinking: /home/yangxuan/agt_navigation_runtime/install/fast_livo/share/fast_livo/launch/mapping_avia_marslvig.launch.py
[75.825s] -- Symlinking: /home/yangxuan/agt_navigation_runtime/install/fast_livo/share/fast_livo/rviz_cfg/M300.rviz
[75.832s] -- Symlinking: /home/yangxuan/agt_navigation_runtime/install/fast_livo/share/fast_livo/rviz_cfg/fast_livo2.rviz
[75.841s] -- Symlinking: /home/yangxuan/agt_navigation_runtime/install/fast_livo/share/ament_index/resource_index/package_run_dependencies/fast_livo
[75.847s] -- Symlinking: /home/yangxuan/agt_navigation_runtime/install/fast_livo/share/ament_index/resource_index/parent_prefix_path/fast_livo
[75.862s] -- Symlinking: /home/yangxuan/agt_navigation_runtime/install/fast_livo/share/fast_livo/environment/ament_prefix_path.sh
[75.874s] -- Symlinking: /home/yangxuan/agt_navigation_runtime/install/fast_livo/share/fast_livo/environment/ament_prefix_path.dsv
[75.881s] -- Symlinking: /home/yangxuan/agt_navigation_runtime/install/fast_livo/share/fast_livo/environment/path.sh
[75.888s] -- Symlinking: /home/yangxuan/agt_navigation_runtime/install/fast_livo/share/fast_livo/environment/path.dsv
[75.894s] -- Symlinking: /home/yangxuan/agt_navigation_runtime/install/fast_livo/share/fast_livo/local_setup.bash
[75.900s] -- Symlinking: /home/yangxuan/agt_navigation_runtime/install/fast_livo/share/fast_livo/local_setup.sh
[75.909s] -- Symlinking: /home/yangxuan/agt_navigation_runtime/install/fast_livo/share/fast_livo/local_setup.zsh
[75.916s] -- Symlinking: /home/yangxuan/agt_navigation_runtime/install/fast_livo/share/fast_livo/local_setup.dsv
[75.929s] -- Symlinking: /home/yangxuan/agt_navigation_runtime/install/fast_livo/share/fast_livo/package.dsv
[75.935s] -- Symlinking: /home/yangxuan/agt_navigation_runtime/install/fast_livo/share/ament_index/resource_index/packages/fast_livo
[75.943s] -- Symlinking: /home/yangxuan/agt_navigation_runtime/install/fast_livo/share/fast_livo/cmake/ament_cmake_export_dependencies-extras.cmake
[75.949s] -- Symlinking: /home/yangxuan/agt_navigation_runtime/install/fast_livo/share/fast_livo/cmake/fast_livoConfig.cmake
[75.959s] -- Symlinking: /home/yangxuan/agt_navigation_runtime/install/fast_livo/share/fast_livo/cmake/fast_livoConfig-version.cmake
[75.968s] -- Symlinking: /home/yangxuan/agt_navigation_runtime/install/fast_livo/share/fast_livo/package.xml
[75.978s] Invoked command in '/home/yangxuan/agt_navigation_runtime/build/fast_livo' returned '0': AMENT_PREFIX_PATH=/home/yangxuan/agt_navigation_runtime/install/vikit_ros:/home/yangxuan/agt_navigation_runtime/install/vikit_common:/home/yangxuan/agt_navigation_runtime/install/livox_ros_driver2:${AMENT_PREFIX_PATH} CMAKE_PREFIX_PATH=/home/yangxuan/agt_navigation_runtime/install/vikit_ros:/home/yangxuan/agt_navigation_runtime/install/vikit_common:/home/yangxuan/agt_navigation_runtime/install/livox_ros_driver2:/opt/ros/humble LD_LIBRARY_PATH=/home/yangxuan/agt_navigation_runtime/install/vikit_ros/lib:/home/yangxuan/agt_navigation_runtime/install/vikit_common/lib:/home/yangxuan/agt_navigation_runtime/install/livox_ros_driver2/lib:/usr/lib/x86_64-linux-gnu/gazebo-11/plugins:/opt/ros/humble/opt/rviz_ogre_vendor/lib:/opt/ros/humble/lib/x86_64-linux-gnu:/opt/ros/humble/opt/ortools_vendor/lib:/opt/ros/humble/opt/openvdb_vendor/lib:/opt/ros/humble/lib PYTHONPATH=/home/yangxuan/agt_navigation_runtime/install/livox_ros_driver2/local/lib/python3.10/dist-packages:${PYTHONPATH} /usr/bin/cmake --install /home/yangxuan/agt_navigation_runtime/build/fast_livo
