[0.046s] Invoking command in '/home/yangxuan/agt_navigation_runtime/build/agt_description': CMAKE_PREFIX_PATH=/opt/ros/humble /usr/bin/cmake /home/yangxuan/agt_navigation_runtime/src/agt_description -DAMENT_CMAKE_SYMLINK_INSTALL=1 -DCMAKE_INSTALL_PREFIX=/home/yangxuan/agt_navigation_runtime/install/agt_description
[0.328s] -- The C compiler identification is GNU 11.4.0
[0.408s] -- The CXX compiler identification is GNU 11.4.0
[0.426s] -- Detecting C compiler ABI info
[0.540s] -- Detecting C compiler ABI info - done
[0.553s] -- Check for working C compiler: /usr/bin/cc - skipped
[0.554s] -- Detecting C compile features
[0.554s] -- Detecting C compile features - done
[0.559s] -- Detecting CXX compiler ABI info
[0.684s] -- Detecting CXX compiler ABI info - done
[0.696s] -- Check for working CXX compiler: /usr/bin/c++ - skipped
[0.696s] -- Detecting CXX compile features
[0.697s] -- Detecting CXX compile features - done
[0.707s] -- Found ament_cmake: 1.3.14 (/opt/ros/humble/share/ament_cmake/cmake)
[0.991s] -- Found Python3: /usr/bin/python3 (found version "3.10.12") found components: Interpreter 
[1.249s] -- Override CMake install command with custom implementation using symlinks instead of copying resources
[1.342s] -- Found ament_cmake_pytest: 1.3.14 (/opt/ros/humble/share/ament_cmake_pytest/cmake)
[6.945s] -- Configuring done
[6.956s] -- Generating done
[6.962s] -- Build files have been written to: /home/yangxuan/agt_navigation_runtime/build/agt_description
[6.991s] Invoked command in '/home/yangxuan/agt_navigation_runtime/build/agt_description' returned '0': CMAKE_PREFIX_PATH=/opt/ros/humble /usr/bin/cmake /home/yangxuan/agt_navigation_runtime/src/agt_description -DAMENT_CMAKE_SYMLINK_INSTALL=1 -DCMAKE_INSTALL_PREFIX=/home/yangxuan/agt_navigation_runtime/install/agt_description
[6.992s] Invoking command in '/home/yangxuan/agt_navigation_runtime/build/agt_description': CMAKE_PREFIX_PATH=/opt/ros/humble /usr/bin/cmake --build /home/yangxuan/agt_navigation_runtime/build/agt_description -- -j32 -l32
[7.108s] Invoked command in '/home/yangxuan/agt_navigation_runtime/build/agt_description' returned '0': CMAKE_PREFIX_PATH=/opt/ros/humble /usr/bin/cmake --build /home/yangxuan/agt_navigation_runtime/build/agt_description -- -j32 -l32
[7.109s] Invoking command in '/home/yangxuan/agt_navigation_runtime/build/agt_description': CMAKE_PREFIX_PATH=/opt/ros/humble /usr/bin/cmake --install /home/yangxuan/agt_navigation_runtime/build/agt_description
[7.148s] -- Install configuration: ""
[7.149s] -- Execute custom install script
[7.154s] -- Symlinking: /home/yangxuan/agt_navigation_runtime/install/agt_description/share/agt_description/urdf/agt_base.urdf.xacro
[7.180s] -- Symlinking: /home/yangxuan/agt_navigation_runtime/install/agt_description/share/agt_description/launch/bunker_description.launch.py
[7.204s] -- Symlinking: /home/yangxuan/agt_navigation_runtime/install/agt_description/share/agt_description/launch/description.launch.py
[7.234s] -- Symlinking: /home/yangxuan/agt_navigation_runtime/install/agt_description/share/agt_description/config/README.md
[7.258s] -- Symlinking: /home/yangxuan/agt_navigation_runtime/install/agt_description/share/agt_description/config/bunker_mid360.yaml
[7.306s] -- Symlinking: /home/yangxuan/agt_navigation_runtime/install/agt_description/share/agt_description/config/mk_mini_mid360.yaml
[7.356s] -- Symlinking: /home/yangxuan/agt_navigation_runtime/install/agt_description/share/ament_index/resource_index/package_run_dependencies/agt_description
[7.383s] -- Symlinking: /home/yangxuan/agt_navigation_runtime/install/agt_description/share/ament_index/resource_index/parent_prefix_path/agt_description
[7.404s] -- Symlinking: /home/yangxuan/agt_navigation_runtime/install/agt_description/share/agt_description/environment/ament_prefix_path.sh
[7.441s] -- Symlinking: /home/yangxuan/agt_navigation_runtime/install/agt_description/share/agt_description/environment/ament_prefix_path.dsv
[7.465s] -- Symlinking: /home/yangxuan/agt_navigation_runtime/install/agt_description/share/agt_description/environment/path.sh
[7.515s] -- Symlinking: /home/yangxuan/agt_navigation_runtime/install/agt_description/share/agt_description/environment/path.dsv
[7.548s] -- Symlinking: /home/yangxuan/agt_navigation_runtime/install/agt_description/share/agt_description/local_setup.bash
[7.572s] -- Symlinking: /home/yangxuan/agt_navigation_runtime/install/agt_description/share/agt_description/local_setup.sh
[7.592s] -- Symlinking: /home/yangxuan/agt_navigation_runtime/install/agt_description/share/agt_description/local_setup.zsh
[7.617s] -- Symlinking: /home/yangxuan/agt_navigation_runtime/install/agt_description/share/agt_description/local_setup.dsv
[7.640s] -- Symlinking: /home/yangxuan/agt_navigation_runtime/install/agt_description/share/agt_description/package.dsv
[7.671s] -- Symlinking: /home/yangxuan/agt_navigation_runtime/install/agt_description/share/ament_index/resource_index/packages/agt_description
[7.699s] -- Symlinking: /home/yangxuan/agt_navigation_runtime/install/agt_description/share/agt_description/cmake/agt_descriptionConfig.cmake
[7.729s] -- Symlinking: /home/yangxuan/agt_navigation_runtime/install/agt_description/share/agt_description/cmake/agt_descriptionConfig-version.cmake
[7.754s] -- Symlinking: /home/yangxuan/agt_navigation_runtime/install/agt_description/share/agt_description/package.xml
[7.786s] Invoked command in '/home/yangxuan/agt_navigation_runtime/build/agt_description' returned '0': CMAKE_PREFIX_PATH=/opt/ros/humble /usr/bin/cmake --install /home/yangxuan/agt_navigation_runtime/build/agt_description
