-- The C compiler identification is GNU 11.4.0
-- The CXX compiler identification is GNU 11.4.0
-- Detecting C compiler ABI info
-- Detecting C compiler ABI info - done
-- Check for working C compiler: /usr/bin/cc - skipped
-- Detecting C compile features
-- Detecting C compile features - done
-- Detecting CXX compiler ABI info
-- Detecting CXX compiler ABI info - done
-- Check for working CXX compiler: /usr/bin/c++ - skipped
-- Detecting CXX compile features
-- Detecting CXX compile features - done
[0mCurrent CPU archtecture: x86_64[0m
-- Found ament_cmake: 1.3.14 (/opt/ros/humble/share/ament_cmake/cmake)
-- Found Python3: /usr/bin/python3 (found version "3.10.12") found components: Interpreter 
-- Override CMake install command with custom implementation using symlinks instead of copying resources
-- Found OpenCV: /usr (found version "4.5.4") found components: core calib3d features2d highgui imgproc 
-- Configuring done
-- Generating done
-- Build files have been written to: /home/yangxuan/agt_navigation_runtime/build/vikit_common
[  5%] [32mBuilding CXX object CMakeFiles/vikit_common.dir/src/robust_cost.cpp.o[0m
[ 10%] [32mBuilding CXX object CMakeFiles/vikit_common.dir/src/atan_camera.cpp.o[0m
[ 15%] [32mBuilding CXX object CMakeFiles/vikit_common.dir/src/user_input_thread.cpp.o[0m
[ 21%] [32mBuilding CXX object CMakeFiles/vikit_common.dir/src/math_utils.cpp.o[0m
[ 26%] [32mBuilding CXX object CMakeFiles/vikit_common.dir/src/omni_camera.cpp.o[0m
[ 36%] [32mBuilding CXX object CMakeFiles/vikit_common.dir/src/performance_monitor.cpp.o[0m
[ 36%] [32mBuilding CXX object CMakeFiles/vikit_common.dir/src/vision.cpp.o[0m
[ 42%] [32mBuilding CXX object CMakeFiles/vikit_common.dir/src/polynomial_camera.cpp.o[0m
[ 47%] [32mBuilding CXX object CMakeFiles/vikit_common.dir/src/equidistant_camera.cpp.o[0m
[ 52%] [32mBuilding CXX object CMakeFiles/vikit_common.dir/src/homography.cpp.o[0m
[ 57%] [32mBuilding CXX object CMakeFiles/vikit_common.dir/src/pinhole_camera.cpp.o[0m
[ 63%] [32mBuilding CXX object CMakeFiles/vikit_common.dir/src/img_align.cpp.o[0m
[ 68%] [32m[1mLinking CXX shared library libvikit_common.so[0m
[ 68%] Built target vikit_common
[ 73%] [32mBuilding CXX object CMakeFiles/test_vk_common_triangulation.dir/test/test_triangulation.cpp.o[0m
[ 78%] [32mBuilding CXX object CMakeFiles/test_vk_common_patch_score.dir/test/test_patch_score.cpp.o[0m
[ 84%] [32mBuilding CXX object CMakeFiles/test_vk_common_camera.dir/test/test_camera.cpp.o[0m
[ 89%] [32m[1mLinking CXX executable test_vk_common_patch_score[0m
[ 89%] Built target test_vk_common_patch_score
[ 94%] [32m[1mLinking CXX executable test_vk_common_camera[0m
[ 94%] Built target test_vk_common_camera
[100%] [32m[1mLinking CXX executable test_vk_common_triangulation[0m
[100%] Built target test_vk_common_triangulation
-- Install configuration: "Release"
-- Execute custom install script
-- Symlinking: /home/yangxuan/agt_navigation_runtime/install/vikit_common/lib/vikit_common/test_vk_common_camera
-- Symlinking: /home/yangxuan/agt_navigation_runtime/install/vikit_common/lib/vikit_common/test_vk_common_triangulation
-- Symlinking: /home/yangxuan/agt_navigation_runtime/install/vikit_common/lib/vikit_common/test_vk_common_patch_score
-- Symlinking: /home/yangxuan/agt_navigation_runtime/install/vikit_common/include/vikit_common/vikit/abstract_camera.h
-- Symlinking: /home/yangxuan/agt_navigation_runtime/install/vikit_common/include/vikit_common/vikit/aligned_mem.h
-- Symlinking: /home/yangxuan/agt_navigation_runtime/install/vikit_common/include/vikit_common/vikit/atan_camera.h
-- Symlinking: /home/yangxuan/agt_navigation_runtime/install/vikit_common/include/vikit_common/vikit/blender_utils.h
-- Symlinking: /home/yangxuan/agt_navigation_runtime/install/vikit_common/include/vikit_common/vikit/equidistant_camera.h
-- Symlinking: /home/yangxuan/agt_navigation_runtime/install/vikit_common/include/vikit_common/vikit/file_reader.h
-- Symlinking: /home/yangxuan/agt_navigation_runtime/install/vikit_common/include/vikit_common/vikit/file_reader_types.h
-- Symlinking: /home/yangxuan/agt_navigation_runtime/install/vikit_common/include/vikit_common/vikit/homography.h
-- Symlinking: /home/yangxuan/agt_navigation_runtime/install/vikit_common/include/vikit_common/vikit/img_align.h
-- Symlinking: /home/yangxuan/agt_navigation_runtime/install/vikit_common/include/vikit_common/vikit/math_utils.h
-- Symlinking: /home/yangxuan/agt_navigation_runtime/install/vikit_common/include/vikit_common/vikit/nlls_solver.h
-- Symlinking: /home/yangxuan/agt_navigation_runtime/install/vikit_common/include/vikit_common/vikit/nlls_solver_impl.hpp
-- Symlinking: /home/yangxuan/agt_navigation_runtime/install/vikit_common/include/vikit_common/vikit/omni_camera.h
-- Symlinking: /home/yangxuan/agt_navigation_runtime/install/vikit_common/include/vikit_common/vikit/patch_score.h
-- Symlinking: /home/yangxuan/agt_navigation_runtime/install/vikit_common/include/vikit_common/vikit/performance_monitor.h
-- Symlinking: /home/yangxuan/agt_navigation_runtime/install/vikit_common/include/vikit_common/vikit/pinhole_camera.h
-- Symlinking: /home/yangxuan/agt_navigation_runtime/install/vikit_common/include/vikit_common/vikit/polynomial_camera.h
-- Symlinking: /home/yangxuan/agt_navigation_runtime/install/vikit_common/include/vikit_common/vikit/ringbuffer.h
-- Symlinking: /home/yangxuan/agt_navigation_runtime/install/vikit_common/include/vikit_common/vikit/robust_cost.h
-- Symlinking: /home/yangxuan/agt_navigation_runtime/install/vikit_common/include/vikit_common/vikit/sample.h
-- Symlinking: /home/yangxuan/agt_navigation_runtime/install/vikit_common/include/vikit_common/vikit/timer.h
-- Symlinking: /home/yangxuan/agt_navigation_runtime/install/vikit_common/include/vikit_common/vikit/user_input_thread.h
-- Symlinking: /home/yangxuan/agt_navigation_runtime/install/vikit_common/include/vikit_common/vikit/vision.h
-- Symlinking: /home/yangxuan/agt_navigation_runtime/install/vikit_common/share/vikit_common/environment/library_path.sh
-- Symlinking: /home/yangxuan/agt_navigation_runtime/install/vikit_common/share/vikit_common/environment/library_path.dsv
-- Symlinking: /home/yangxuan/agt_navigation_runtime/install/vikit_common/share/ament_index/resource_index/package_run_dependencies/vikit_common
-- Symlinking: /home/yangxuan/agt_navigation_runtime/install/vikit_common/share/ament_index/resource_index/parent_prefix_path/vikit_common
-- Symlinking: /home/yangxuan/agt_navigation_runtime/install/vikit_common/share/vikit_common/environment/ament_prefix_path.sh
-- Symlinking: /home/yangxuan/agt_navigation_runtime/install/vikit_common/share/vikit_common/environment/ament_prefix_path.dsv
-- Symlinking: /home/yangxuan/agt_navigation_runtime/install/vikit_common/share/vikit_common/environment/path.sh
-- Symlinking: /home/yangxuan/agt_navigation_runtime/install/vikit_common/share/vikit_common/environment/path.dsv
-- Symlinking: /home/yangxuan/agt_navigation_runtime/install/vikit_common/share/vikit_common/local_setup.bash
-- Symlinking: /home/yangxuan/agt_navigation_runtime/install/vikit_common/share/vikit_common/local_setup.sh
-- Symlinking: /home/yangxuan/agt_navigation_runtime/install/vikit_common/share/vikit_common/local_setup.zsh
-- Symlinking: /home/yangxuan/agt_navigation_runtime/install/vikit_common/share/vikit_common/local_setup.dsv
-- Symlinking: /home/yangxuan/agt_navigation_runtime/install/vikit_common/share/vikit_common/package.dsv
-- Symlinking: /home/yangxuan/agt_navigation_runtime/install/vikit_common/share/ament_index/resource_index/packages/vikit_common
-- Symlinking: /home/yangxuan/agt_navigation_runtime/install/vikit_common/share/vikit_common/cmake/ament_cmake_export_include_directories-extras.cmake
-- Symlinking: /home/yangxuan/agt_navigation_runtime/install/vikit_common/share/vikit_common/cmake/ament_cmake_export_libraries-extras.cmake
-- Symlinking: /home/yangxuan/agt_navigation_runtime/install/vikit_common/share/vikit_common/cmake/ament_cmake_export_dependencies-extras.cmake
-- Symlinking: /home/yangxuan/agt_navigation_runtime/install/vikit_common/share/vikit_common/cmake/ament_cmake_export_targets-extras.cmake
-- Symlinking: /home/yangxuan/agt_navigation_runtime/install/vikit_common/share/vikit_common/cmake/vikit_commonConfig.cmake
-- Symlinking: /home/yangxuan/agt_navigation_runtime/install/vikit_common/share/vikit_common/cmake/vikit_commonConfig-version.cmake
-- Symlinking: /home/yangxuan/agt_navigation_runtime/install/vikit_common/share/vikit_common/package.xml
-- Installing: /home/yangxuan/agt_navigation_runtime/install/vikit_common/lib/libvikit_common.so
-- Installing: /home/yangxuan/agt_navigation_runtime/install/vikit_common/share/vikit_common/cmake/vikit_commonExport.cmake
-- Installing: /home/yangxuan/agt_navigation_runtime/install/vikit_common/share/vikit_common/cmake/vikit_commonExport-release.cmake
