[0.054s] Invoking command in '/home/yangxuan/agt_navigation_runtime/build/ndt_omp_ros2': CMAKE_PREFIX_PATH=/opt/ros/humble /usr/bin/cmake /home/yangxuan/agt_navigation_runtime/third_party/ndt_omp_ros2 -DAMENT_CMAKE_SYMLINK_INSTALL=1 -DCMAKE_INSTALL_PREFIX=/home/yangxuan/agt_navigation_runtime/install/ndt_omp_ros2
[0.344s] -- The C compiler identification is GNU 11.4.0
[0.429s] -- The CXX compiler identification is GNU 11.4.0
[0.443s] -- Detecting C compiler ABI info
[0.563s] -- Detecting C compiler ABI info - done
[0.580s] -- Check for working C compiler: /usr/bin/cc - skipped
[0.580s] -- Detecting C compile features
[0.581s] -- Detecting C compile features - done
[0.587s] -- Detecting CXX compiler ABI info
[0.736s] -- Detecting CXX compiler ABI info - done
[0.749s] -- Check for working CXX compiler: /usr/bin/c++ - skipped
[0.750s] -- Detecting CXX compile features
[0.750s] -- Detecting CXX compile features - done
[0.754s] -- Found ament_cmake: 1.3.14 (/opt/ros/humble/share/ament_cmake/cmake)
[1.045s] -- Found Python3: /usr/bin/python3 (found version "3.10.12") found components: Interpreter 
[1.259s] -- Override CMake install command with custom implementation using symlinks instead of copying resources
[1.363s] -- Found rclcpp: 16.0.19 (/opt/ros/humble/share/rclcpp/cmake)
[1.527s] -- Found rosidl_generator_c: 3.1.8 (/opt/ros/humble/share/rosidl_generator_c/cmake)
[1.535s] -- Found rosidl_adapter: 3.1.8 (/opt/ros/humble/share/rosidl_adapter/cmake)
[1.563s] -- Found rosidl_generator_cpp: 3.1.8 (/opt/ros/humble/share/rosidl_generator_cpp/cmake)
[1.590s] -- Using all available rosidl_typesupport_c: rosidl_typesupport_fastrtps_c;rosidl_typesupport_introspection_c
[1.627s] -- Using all available rosidl_typesupport_cpp: rosidl_typesupport_fastrtps_cpp;rosidl_typesupport_introspection_cpp
[1.762s] -- Found rmw_implementation_cmake: 6.1.2 (/opt/ros/humble/share/rmw_implementation_cmake/cmake)
[1.779s] -- Found rmw_fastrtps_cpp: 6.2.10 (/opt/ros/humble/share/rmw_fastrtps_cpp/cmake)
[2.251s] -- Found OpenSSL: /usr/lib/x86_64-linux-gnu/libcrypto.so (found version "3.0.2")  
[2.328s] -- Found FastRTPS: /opt/ros/humble/include  
[2.628s] -- Using RMW implementation 'rmw_fastrtps_cpp' as default
[2.663s] -- Looking for pthread.h
[2.878s] -- Looking for pthread.h - found
[2.885s] -- Performing Test CMAKE_HAVE_LIBC_PTHREAD
[3.145s] -- Performing Test CMAKE_HAVE_LIBC_PTHREAD - Success
[3.147s] -- Found Threads: TRUE  
[3.392s] -- Checking for module 'eigen3'
[3.435s] --   Found eigen3, version 3.4.0
[3.540s] -- Found Eigen: /usr/include/eigen3 (Required is at least version "3.1") 
[3.540s] -- Eigen found (include: /usr/include/eigen3, version: 3.4.0)
[3.748s] -- Found Boost: /usr/lib/x86_64-linux-gnu/cmake/Boost-1.74.0/BoostConfig.cmake (found suitable version "1.74.0", minimum required is "1.65.0") found components: system filesystem date_time iostreams serialization 
[3.847s] -- Checking for module 'flann'
[3.927s] --   Found flann, version 1.9.1
[4.105s] -- Found FLANN: /usr/lib/x86_64-linux-gnu/libflann_cpp.so  
[4.105s] -- FLANN found (include: /usr/include, lib: /usr/lib/x86_64-linux-gnu/libflann_cpp.so)
[4.364s] -- Found GLEW: /usr/lib/x86_64-linux-gnu/libGLEW.so  
[4.386s] -- Found OpenGL: /usr/lib/x86_64-linux-gnu/libOpenGL.so  found components: OpenGL GLX 
[5.951s] -- Found MPI_C: /usr/lib/x86_64-linux-gnu/libmpi.so (found version "3.1") 
[5.951s] -- Found MPI: TRUE (found version "3.1") found components: C 
[5.953s] -- Found JsonCpp: /usr/lib/x86_64-linux-gnu/libjsoncpp.so (found suitable version "1.9.5", minimum required is "0.7.0") 
[5.962s] -- Found ZLIB: /usr/lib/x86_64-linux-gnu/libz.so (found version "1.2.11") 
[5.979s] -- Found PNG: /usr/lib/x86_64-linux-gnu/libpng.so (found version "1.6.37") 
[6.374s] -- Found Eigen3: /usr/include/eigen3 (found version "3.4.0") 
[6.651s] -- Found X11: /usr/include   
[6.651s] -- Looking for XOpenDisplay in /usr/lib/x86_64-linux-gnu/libX11.so;/usr/lib/x86_64-linux-gnu/libXext.so
[6.868s] -- Looking for XOpenDisplay in /usr/lib/x86_64-linux-gnu/libX11.so;/usr/lib/x86_64-linux-gnu/libXext.so - found
[6.869s] -- Looking for gethostbyname
[7.261s] -- Looking for gethostbyname - found
[7.262s] -- Looking for connect
[7.519s] -- Looking for connect - found
[7.524s] -- Looking for remove
[7.729s] -- Looking for remove - found
[7.729s] -- Looking for shmat
[7.968s] -- Looking for shmat - found
[7.971s] -- Looking for IceConnectionNumber in ICE
[8.240s] -- Looking for IceConnectionNumber in ICE - found
[8.504s] -- Found EXPAT: /usr/lib/x86_64-linux-gnu/libexpat.so (found version "2.4.7") 
[8.511s] -- Found double-conversion: /usr/lib/x86_64-linux-gnu/libdouble-conversion.so  
[8.523s] -- Found LZ4: /usr/lib/x86_64-linux-gnu/liblz4.so (found version "1.9.3") 
[8.526s] -- Found LZMA: /usr/lib/x86_64-linux-gnu/liblzma.so (found version "5.2.5") 
[8.590s] -- Found JPEG: /usr/lib/x86_64-linux-gnu/libjpeg.so (found version "80") 
[8.609s] -- Found TIFF: /usr/lib/x86_64-linux-gnu/libtiff.so (found version "4.3.0")  
[8.619s] -- Found Freetype: /usr/lib/x86_64-linux-gnu/libfreetype.so (found version "2.11.1") 
[8.636s] -- Found utf8cpp: /usr/include/utf8cpp  
[8.850s] -- Checking for module 'libusb-1.0'
[8.886s] --   Found libusb-1.0, version 1.0.25
[8.985s] -- Found libusb: /usr/lib/x86_64-linux-gnu/libusb-1.0.so  
[8.986s] -- Found OpenNI: /usr/lib/libOpenNI.so;libusb::libusb (found version "1.5.4.0") 
[8.986s] -- OpenNI found (version: 1.5.4.0, include: /usr/include/ni, lib: /usr/lib/libOpenNI.so;libusb::libusb)
[9.131s] -- Found OpenNI2: /usr/lib/x86_64-linux-gnu/libOpenNI2.so;libusb::libusb (found version "2.2.0.33") 
[9.131s] -- OpenNI2 found (version: 2.2.0.33, include: /usr/include/openni2, lib: /usr/lib/x86_64-linux-gnu/libOpenNI2.so;libusb::libusb)
[9.132s] [0m** WARNING ** io features related to pcap will be disabled[0m
[9.677s] -- Eigen found (include: /usr/include/eigen3, version: 3.4.0)
[9.714s] -- OpenNI found (version: 1.5.4.0, include: /usr/include/ni, lib: /usr/lib/libOpenNI.so;libusb::libusb)
[9.731s] -- OpenNI2 found (version: 2.2.0.33, include: /usr/include/openni2, lib: /usr/lib/x86_64-linux-gnu/libOpenNI2.so;libusb::libusb)
[10.271s] -- Found Qhull version 8.0.2
[10.650s] -- OpenNI found (version: 1.5.4.0, include: /usr/include/ni, lib: /usr/lib/libOpenNI.so;libusb::libusb)
[11.011s] -- looking for PCL_COMMON
[11.013s] -- Found PCL_COMMON: /usr/lib/x86_64-linux-gnu/libpcl_common.so  
[11.014s] -- looking for PCL_KDTREE
[11.016s] -- Found PCL_KDTREE: /usr/lib/x86_64-linux-gnu/libpcl_kdtree.so  
[11.016s] -- looking for PCL_OCTREE
[11.018s] -- Found PCL_OCTREE: /usr/lib/x86_64-linux-gnu/libpcl_octree.so  
[11.019s] -- looking for PCL_SEARCH
[11.020s] -- Found PCL_SEARCH: /usr/lib/x86_64-linux-gnu/libpcl_search.so  
[11.021s] -- looking for PCL_SAMPLE_CONSENSUS
[11.023s] -- Found PCL_SAMPLE_CONSENSUS: /usr/lib/x86_64-linux-gnu/libpcl_sample_consensus.so  
[11.023s] -- looking for PCL_FILTERS
[11.025s] -- Found PCL_FILTERS: /usr/lib/x86_64-linux-gnu/libpcl_filters.so  
[11.025s] -- looking for PCL_2D
[11.025s] -- Found PCL_2D: /usr/include/pcl-1.12  
[11.026s] -- looking for PCL_GEOMETRY
[11.026s] -- Found PCL_GEOMETRY: /usr/include/pcl-1.12  
[11.026s] -- looking for PCL_IO
[11.029s] -- Found PCL_IO: /usr/lib/x86_64-linux-gnu/libpcl_io.so  
[11.029s] -- looking for PCL_FEATURES
[11.031s] -- Found PCL_FEATURES: /usr/lib/x86_64-linux-gnu/libpcl_features.so  
[11.032s] -- looking for PCL_ML
[11.034s] -- Found PCL_ML: /usr/lib/x86_64-linux-gnu/libpcl_ml.so  
[11.034s] -- looking for PCL_SEGMENTATION
[11.036s] -- Found PCL_SEGMENTATION: /usr/lib/x86_64-linux-gnu/libpcl_segmentation.so  
[11.037s] -- looking for PCL_VISUALIZATION
[11.038s] -- Found PCL_VISUALIZATION: /usr/lib/x86_64-linux-gnu/libpcl_visualization.so  
[11.039s] -- looking for PCL_SURFACE
[11.041s] -- Found PCL_SURFACE: /usr/lib/x86_64-linux-gnu/libpcl_surface.so  
[11.041s] -- looking for PCL_REGISTRATION
[11.043s] -- Found PCL_REGISTRATION: /usr/lib/x86_64-linux-gnu/libpcl_registration.so  
[11.044s] -- looking for PCL_KEYPOINTS
[11.046s] -- Found PCL_KEYPOINTS: /usr/lib/x86_64-linux-gnu/libpcl_keypoints.so  
[11.046s] -- looking for PCL_TRACKING
[11.048s] -- Found PCL_TRACKING: /usr/lib/x86_64-linux-gnu/libpcl_tracking.so  
[11.048s] -- looking for PCL_RECOGNITION
[11.051s] -- Found PCL_RECOGNITION: /usr/lib/x86_64-linux-gnu/libpcl_recognition.so  
[11.051s] -- looking for PCL_STEREO
[11.053s] -- Found PCL_STEREO: /usr/lib/x86_64-linux-gnu/libpcl_stereo.so  
[11.054s] -- looking for PCL_APPS
[11.056s] -- Found PCL_APPS: /usr/lib/x86_64-linux-gnu/libpcl_apps.so  
[11.057s] -- looking for PCL_IN_HAND_SCANNER
[11.058s] -- Found PCL_IN_HAND_SCANNER: /usr/include/pcl-1.12  
[11.058s] -- looking for PCL_MODELER
[11.058s] -- Found PCL_MODELER: /usr/include/pcl-1.12  
[11.059s] -- looking for PCL_POINT_CLOUD_EDITOR
[11.059s] -- Found PCL_POINT_CLOUD_EDITOR: /usr/include/pcl-1.12  
[11.059s] -- looking for PCL_OUTOFCORE
[11.062s] -- Found PCL_OUTOFCORE: /usr/lib/x86_64-linux-gnu/libpcl_outofcore.so  
[11.062s] -- looking for PCL_PEOPLE
[11.064s] -- Found PCL_PEOPLE: /usr/lib/x86_64-linux-gnu/libpcl_people.so  
[11.066s] -- Found PCL: pcl_common;pcl_kdtree;pcl_octree;pcl_search;pcl_sample_consensus;pcl_filters;pcl_io;pcl_features;pcl_ml;pcl_segmentation;pcl_visualization;pcl_surface;pcl_registration;pcl_keypoints;pcl_tracking;pcl_recognition;pcl_stereo;pcl_apps;pcl_outofcore;pcl_people;Boost::system;Boost::filesystem;Boost::date_time;Boost::iostreams;Boost::serialization;/usr/lib/libOpenNI.so;libusb::libusb;/usr/lib/x86_64-linux-gnu/libOpenNI2.so;libusb::libusb;VTK::ChartsCore;VTK::CommonColor;VTK::CommonComputationalGeometry;VTK::CommonCore;VTK::CommonDataModel;VTK::CommonExecutionModel;VTK::CommonMath;VTK::CommonMisc;VTK::CommonTransforms;VTK::FiltersCore;VTK::FiltersExtraction;VTK::FiltersGeneral;VTK::FiltersGeometry;VTK::FiltersModeling;VTK::FiltersSources;VTK::ImagingCore;VTK::ImagingSources;VTK::InteractionImage;VTK::InteractionStyle;VTK::InteractionWidgets;VTK::IOCore;VTK::IOGeometry;VTK::IOImage;VTK::IOLegacy;VTK::IOPLY;VTK::RenderingAnnotation;VTK::RenderingCore;VTK::RenderingContext2D;VTK::RenderingLOD;VTK::RenderingFreeType;VTK::ViewsCore;VTK::ViewsContext2D;VTK::RenderingOpenGL2;VTK::GUISupportQt;FLANN::FLANN;QHULL::QHULL (Required is at least version "1.12") 
[11.067s] -- PCL_INCLUDE_DIRS:/usr/include/pcl-1.12/usr/include/eigen3/usr/include/usr/include/ni/usr/include/openni2
[11.067s] -- PCL_LIBRARY_DIRS:/usr/lib/x86_64-linux-gnu
[11.067s] -- PCL_DEFINITIONS:-DDISABLE_PCAP
[11.527s] -- Found OpenMP_C: -fopenmp (found version "4.5") 
[11.673s] -- Found OpenMP_CXX: -fopenmp (found version "4.5") 
[11.673s] -- Found OpenMP: TRUE (found version "4.5")  
[11.679s] -- Found ament_cmake_gtest: 1.3.14 (/opt/ros/humble/share/ament_cmake_gtest/cmake)
[11.682s] -- Found gtest sources under '/opt/ros/humble/src/gtest_vendor': C++ tests using 'Google Test' will be built
[11.818s] -- Configuring done
[11.907s] -- Generating done
[11.927s] -- Build files have been written to: /home/yangxuan/agt_navigation_runtime/build/ndt_omp_ros2
[11.965s] Invoked command in '/home/yangxuan/agt_navigation_runtime/build/ndt_omp_ros2' returned '0': CMAKE_PREFIX_PATH=/opt/ros/humble /usr/bin/cmake /home/yangxuan/agt_navigation_runtime/third_party/ndt_omp_ros2 -DAMENT_CMAKE_SYMLINK_INSTALL=1 -DCMAKE_INSTALL_PREFIX=/home/yangxuan/agt_navigation_runtime/install/ndt_omp_ros2
[11.969s] Invoking command in '/home/yangxuan/agt_navigation_runtime/build/ndt_omp_ros2': CMAKE_PREFIX_PATH=/opt/ros/humble /usr/bin/cmake --build /home/yangxuan/agt_navigation_runtime/build/ndt_omp_ros2 -- -j32 -l32
[12.041s] [ 10%] [32mBuilding CXX object gtest/CMakeFiles/gtest_main.dir/src/gtest_main.cc.o[0m
[12.045s] [ 20%] [32mBuilding CXX object CMakeFiles/ndt_omp.dir/src/pclomp/ndt_omp.cpp.o[0m
[12.045s] [ 30%] [32mBuilding CXX object CMakeFiles/ndt_omp.dir/src/pclomp/voxel_grid_covariance_omp.cpp.o[0m
[12.046s] [ 40%] [32mBuilding CXX object gtest/CMakeFiles/gtest.dir/src/gtest-all.cc.o[0m
[12.051s] [ 50%] [32mBuilding CXX object CMakeFiles/ndt_omp.dir/src/pclomp/gicp_omp.cpp.o[0m
[13.313s] [ 60%] [32m[1mLinking CXX static library libgtest_main.a[0m
[13.390s] [ 60%] Built target gtest_main
[27.416s] [ 70%] [32m[1mLinking CXX static library libgtest.a[0m
[27.482s] [ 70%] Built target gtest
[44.243s] [ 80%] [32m[1mLinking CXX static library libndt_omp.a[0m
[44.390s] [ 80%] Built target ndt_omp
[44.480s] [ 90%] [32mBuilding CXX object CMakeFiles/test_ndt_thread_count.dir/test/test_ndt_thread_count.cpp.o[0m
[49.742s] [100%] [32m[1mLinking CXX executable test_ndt_thread_count[0m
[51.536s] [100%] Built target test_ndt_thread_count
[51.550s] Invoked command in '/home/yangxuan/agt_navigation_runtime/build/ndt_omp_ros2' returned '0': CMAKE_PREFIX_PATH=/opt/ros/humble /usr/bin/cmake --build /home/yangxuan/agt_navigation_runtime/build/ndt_omp_ros2 -- -j32 -l32
[51.552s] Invoking command in '/home/yangxuan/agt_navigation_runtime/build/ndt_omp_ros2': CMAKE_PREFIX_PATH=/opt/ros/humble /usr/bin/cmake --install /home/yangxuan/agt_navigation_runtime/build/ndt_omp_ros2
[51.562s] -- Install configuration: "RELEASE"
[51.563s] -- Execute custom install script
[51.563s] -- Symlinking: /home/yangxuan/agt_navigation_runtime/install/ndt_omp_ros2/include/pclomp/gicp_omp.h
[51.573s] -- Symlinking: /home/yangxuan/agt_navigation_runtime/install/ndt_omp_ros2/include/pclomp/gicp_omp_impl.hpp
[51.583s] -- Symlinking: /home/yangxuan/agt_navigation_runtime/install/ndt_omp_ros2/include/pclomp/ndt_omp.h
[51.596s] -- Symlinking: /home/yangxuan/agt_navigation_runtime/install/ndt_omp_ros2/include/pclomp/ndt_omp_impl.hpp
[51.604s] -- Symlinking: /home/yangxuan/agt_navigation_runtime/install/ndt_omp_ros2/include/pclomp/voxel_grid_covariance_omp.h
[51.613s] -- Symlinking: /home/yangxuan/agt_navigation_runtime/install/ndt_omp_ros2/include/pclomp/voxel_grid_covariance_omp_impl.hpp
[51.622s] -- Symlinking: /home/yangxuan/agt_navigation_runtime/install/ndt_omp_ros2/share/ndt_omp_ros2/environment/library_path.sh
[51.634s] -- Symlinking: /home/yangxuan/agt_navigation_runtime/install/ndt_omp_ros2/share/ndt_omp_ros2/environment/library_path.dsv
[51.644s] -- Symlinking: /home/yangxuan/agt_navigation_runtime/install/ndt_omp_ros2/share/ament_index/resource_index/package_run_dependencies/ndt_omp_ros2
[51.654s] -- Symlinking: /home/yangxuan/agt_navigation_runtime/install/ndt_omp_ros2/share/ament_index/resource_index/parent_prefix_path/ndt_omp_ros2
[51.667s] -- Symlinking: /home/yangxuan/agt_navigation_runtime/install/ndt_omp_ros2/share/ndt_omp_ros2/environment/ament_prefix_path.sh
[51.675s] -- Symlinking: /home/yangxuan/agt_navigation_runtime/install/ndt_omp_ros2/share/ndt_omp_ros2/environment/ament_prefix_path.dsv
[51.687s] -- Symlinking: /home/yangxuan/agt_navigation_runtime/install/ndt_omp_ros2/share/ndt_omp_ros2/environment/path.sh
[51.697s] -- Symlinking: /home/yangxuan/agt_navigation_runtime/install/ndt_omp_ros2/share/ndt_omp_ros2/environment/path.dsv
[51.708s] -- Symlinking: /home/yangxuan/agt_navigation_runtime/install/ndt_omp_ros2/share/ndt_omp_ros2/local_setup.bash
[51.720s] -- Symlinking: /home/yangxuan/agt_navigation_runtime/install/ndt_omp_ros2/share/ndt_omp_ros2/local_setup.sh
[51.728s] -- Symlinking: /home/yangxuan/agt_navigation_runtime/install/ndt_omp_ros2/share/ndt_omp_ros2/local_setup.zsh
[51.737s] -- Symlinking: /home/yangxuan/agt_navigation_runtime/install/ndt_omp_ros2/share/ndt_omp_ros2/local_setup.dsv
[51.749s] -- Symlinking: /home/yangxuan/agt_navigation_runtime/install/ndt_omp_ros2/share/ndt_omp_ros2/package.dsv
[51.761s] -- Symlinking: /home/yangxuan/agt_navigation_runtime/install/ndt_omp_ros2/share/ament_index/resource_index/packages/ndt_omp_ros2
[51.774s] -- Symlinking: /home/yangxuan/agt_navigation_runtime/install/ndt_omp_ros2/share/ndt_omp_ros2/cmake/ament_cmake_export_dependencies-extras.cmake
[51.784s] -- Symlinking: /home/yangxuan/agt_navigation_runtime/install/ndt_omp_ros2/share/ndt_omp_ros2/cmake/ament_cmake_export_include_directories-extras.cmake
[51.794s] -- Symlinking: /home/yangxuan/agt_navigation_runtime/install/ndt_omp_ros2/share/ndt_omp_ros2/cmake/ament_cmake_export_libraries-extras.cmake
[51.803s] -- Symlinking: /home/yangxuan/agt_navigation_runtime/install/ndt_omp_ros2/share/ndt_omp_ros2/cmake/ament_cmake_export_targets-extras.cmake
[51.814s] -- Symlinking: /home/yangxuan/agt_navigation_runtime/install/ndt_omp_ros2/share/ndt_omp_ros2/cmake/ndt_omp_ros2Config.cmake
[51.826s] -- Symlinking: /home/yangxuan/agt_navigation_runtime/install/ndt_omp_ros2/share/ndt_omp_ros2/cmake/ndt_omp_ros2Config-version.cmake
[51.837s] -- Symlinking: /home/yangxuan/agt_navigation_runtime/install/ndt_omp_ros2/share/ndt_omp_ros2/package.xml
[51.847s] -- Installing: /home/yangxuan/agt_navigation_runtime/install/ndt_omp_ros2/lib/libndt_omp.a
[51.848s] -- Installing: /home/yangxuan/agt_navigation_runtime/install/ndt_omp_ros2/share/ndt_omp_ros2/cmake/export_ndt_omp_ros2Export.cmake
[51.848s] -- Installing: /home/yangxuan/agt_navigation_runtime/install/ndt_omp_ros2/share/ndt_omp_ros2/cmake/export_ndt_omp_ros2Export-release.cmake
[51.851s] Invoked command in '/home/yangxuan/agt_navigation_runtime/build/ndt_omp_ros2' returned '0': CMAKE_PREFIX_PATH=/opt/ros/humble /usr/bin/cmake --install /home/yangxuan/agt_navigation_runtime/build/ndt_omp_ros2
