[0.100s] DEBUG:colcon:Command line arguments: ['/usr/bin/colcon', 'list']
[0.100s] DEBUG:colcon:Parsed command line arguments: Namespace(log_base=None, log_level=None, verb_name='list', build_base='build', ignore_user_meta=False, metas=['./colcon.meta'], base_paths=['.'], packages_ignore=None, packages_ignore_regex=None, paths=None, packages_up_to=None, packages_up_to_regex=None, packages_above=None, packages_above_and_dependencies=None, packages_above_depth=None, packages_select_by_dep=None, packages_skip_by_dep=None, packages_skip_up_to=None, packages_select_build_failed=False, packages_skip_build_finished=False, packages_select_test_failures=False, packages_skip_test_passed=False, packages_select=None, packages_skip=None, packages_select_regex=None, packages_skip_regex=None, packages_start=None, packages_end=None, allow_overriding=[], topological_order=False, names_only=False, paths_only=False, topological_graph=False, topological_graph_dot=False, topological_graph_density=False, topological_graph_legend=False, topological_graph_dot_cluster=False, topological_graph_dot_include_skipped=False, verb_parser=<colcon_defaults.argument_parser.defaults.DefaultArgumentsDecorator object at 0x7c88ec36e860>, verb_extension=<colcon_package_information.verb.list.ListVerb object at 0x7c88ec473370>, main=<bound method ListVerb.main of <colcon_package_information.verb.list.ListVerb object at 0x7c88ec473370>>)
[0.295s] Level 1:colcon.colcon_core.package_discovery:discover_packages(colcon_meta) check parameters
[0.296s] Level 1:colcon.colcon_core.package_discovery:discover_packages(recursive) check parameters
[0.296s] Level 1:colcon.colcon_core.package_discovery:discover_packages(ignore) check parameters
[0.296s] Level 1:colcon.colcon_core.package_discovery:discover_packages(path) check parameters
[0.296s] Level 1:colcon.colcon_core.package_discovery:discover_packages(colcon_meta) discover
[0.296s] Level 1:colcon.colcon_core.package_discovery:discover_packages(recursive) discover
[0.296s] INFO:colcon.colcon_core.package_discovery:Crawling recursively for packages in '/home/yangxuan/agt_navigation_runtime'
[0.296s] Level 1:colcon.colcon_core.package_identification:_identify(.) by extensions ['ignore', 'ignore_ament_install']
[0.296s] Level 1:colcon.colcon_core.package_identification:_identify(.) by extension 'ignore'
[0.296s] Level 1:colcon.colcon_core.package_identification:_identify(.) by extension 'ignore_ament_install'
[0.296s] Level 1:colcon.colcon_core.package_identification:_identify(.) by extensions ['colcon_pkg']
[0.296s] Level 1:colcon.colcon_core.package_identification:_identify(.) by extension 'colcon_pkg'
[0.296s] Level 1:colcon.colcon_core.package_identification:_identify(.) by extensions ['colcon_meta']
[0.296s] Level 1:colcon.colcon_core.package_identification:_identify(.) by extension 'colcon_meta'
[0.296s] Level 1:colcon.colcon_core.package_identification:_identify(.) by extensions ['ros']
[0.296s] Level 1:colcon.colcon_core.package_identification:_identify(.) by extension 'ros'
[0.309s] Level 1:colcon.colcon_core.package_identification:_identify(.) by extensions ['cmake', 'python']
[0.309s] Level 1:colcon.colcon_core.package_identification:_identify(.) by extension 'cmake'
[0.309s] Level 1:colcon.colcon_core.package_identification:_identify(.) by extension 'python'
[0.309s] Level 1:colcon.colcon_core.package_identification:_identify(.) by extensions ['python_setup_py']
[0.309s] Level 1:colcon.colcon_core.package_identification:_identify(.) by extension 'python_setup_py'
[0.309s] Level 1:colcon.colcon_core.package_identification:_identify(log) by extensions ['ignore', 'ignore_ament_install']
[0.310s] Level 1:colcon.colcon_core.package_identification:_identify(log) by extension 'ignore'
[0.310s] Level 1:colcon.colcon_core.package_identification:_identify(log) ignored
[0.310s] Level 1:colcon.colcon_core.package_identification:_identify(profiles) by extensions ['ignore', 'ignore_ament_install']
[0.310s] Level 1:colcon.colcon_core.package_identification:_identify(profiles) by extension 'ignore'
[0.310s] Level 1:colcon.colcon_core.package_identification:_identify(profiles) by extension 'ignore_ament_install'
[0.310s] Level 1:colcon.colcon_core.package_identification:_identify(profiles) by extensions ['colcon_pkg']
[0.310s] Level 1:colcon.colcon_core.package_identification:_identify(profiles) by extension 'colcon_pkg'
[0.310s] Level 1:colcon.colcon_core.package_identification:_identify(profiles) by extensions ['colcon_meta']
[0.310s] Level 1:colcon.colcon_core.package_identification:_identify(profiles) by extension 'colcon_meta'
[0.310s] Level 1:colcon.colcon_core.package_identification:_identify(profiles) by extensions ['ros']
[0.310s] Level 1:colcon.colcon_core.package_identification:_identify(profiles) by extension 'ros'
[0.310s] Level 1:colcon.colcon_core.package_identification:_identify(profiles) by extensions ['cmake', 'python']
[0.310s] Level 1:colcon.colcon_core.package_identification:_identify(profiles) by extension 'cmake'
[0.310s] Level 1:colcon.colcon_core.package_identification:_identify(profiles) by extension 'python'
[0.310s] Level 1:colcon.colcon_core.package_identification:_identify(profiles) by extensions ['python_setup_py']
[0.310s] Level 1:colcon.colcon_core.package_identification:_identify(profiles) by extension 'python_setup_py'
[0.310s] Level 1:colcon.colcon_core.package_identification:_identify(profiles/capture_rigs) by extensions ['ignore', 'ignore_ament_install']
[0.310s] Level 1:colcon.colcon_core.package_identification:_identify(profiles/capture_rigs) by extension 'ignore'
[0.310s] Level 1:colcon.colcon_core.package_identification:_identify(profiles/capture_rigs) by extension 'ignore_ament_install'
[0.311s] Level 1:colcon.colcon_core.package_identification:_identify(profiles/capture_rigs) by extensions ['colcon_pkg']
[0.311s] Level 1:colcon.colcon_core.package_identification:_identify(profiles/capture_rigs) by extension 'colcon_pkg'
[0.311s] Level 1:colcon.colcon_core.package_identification:_identify(profiles/capture_rigs) by extensions ['colcon_meta']
[0.311s] Level 1:colcon.colcon_core.package_identification:_identify(profiles/capture_rigs) by extension 'colcon_meta'
[0.311s] Level 1:colcon.colcon_core.package_identification:_identify(profiles/capture_rigs) by extensions ['ros']
[0.311s] Level 1:colcon.colcon_core.package_identification:_identify(profiles/capture_rigs) by extension 'ros'
[0.311s] Level 1:colcon.colcon_core.package_identification:_identify(profiles/capture_rigs) by extensions ['cmake', 'python']
[0.311s] Level 1:colcon.colcon_core.package_identification:_identify(profiles/capture_rigs) by extension 'cmake'
[0.311s] Level 1:colcon.colcon_core.package_identification:_identify(profiles/capture_rigs) by extension 'python'
[0.311s] Level 1:colcon.colcon_core.package_identification:_identify(profiles/capture_rigs) by extensions ['python_setup_py']
[0.311s] Level 1:colcon.colcon_core.package_identification:_identify(profiles/capture_rigs) by extension 'python_setup_py'
[0.311s] Level 1:colcon.colcon_core.package_identification:_identify(profiles/environments) by extensions ['ignore', 'ignore_ament_install']
[0.311s] Level 1:colcon.colcon_core.package_identification:_identify(profiles/environments) by extension 'ignore'
[0.311s] Level 1:colcon.colcon_core.package_identification:_identify(profiles/environments) by extension 'ignore_ament_install'
[0.311s] Level 1:colcon.colcon_core.package_identification:_identify(profiles/environments) by extensions ['colcon_pkg']
[0.311s] Level 1:colcon.colcon_core.package_identification:_identify(profiles/environments) by extension 'colcon_pkg'
[0.311s] Level 1:colcon.colcon_core.package_identification:_identify(profiles/environments) by extensions ['colcon_meta']
[0.311s] Level 1:colcon.colcon_core.package_identification:_identify(profiles/environments) by extension 'colcon_meta'
[0.311s] Level 1:colcon.colcon_core.package_identification:_identify(profiles/environments) by extensions ['ros']
[0.311s] Level 1:colcon.colcon_core.package_identification:_identify(profiles/environments) by extension 'ros'
[0.311s] Level 1:colcon.colcon_core.package_identification:_identify(profiles/environments) by extensions ['cmake', 'python']
[0.311s] Level 1:colcon.colcon_core.package_identification:_identify(profiles/environments) by extension 'cmake'
[0.311s] Level 1:colcon.colcon_core.package_identification:_identify(profiles/environments) by extension 'python'
[0.311s] Level 1:colcon.colcon_core.package_identification:_identify(profiles/environments) by extensions ['python_setup_py']
[0.311s] Level 1:colcon.colcon_core.package_identification:_identify(profiles/environments) by extension 'python_setup_py'
[0.312s] Level 1:colcon.colcon_core.package_identification:_identify(profiles/experiments) by extensions ['ignore', 'ignore_ament_install']
[0.312s] Level 1:colcon.colcon_core.package_identification:_identify(profiles/experiments) by extension 'ignore'
[0.312s] Level 1:colcon.colcon_core.package_identification:_identify(profiles/experiments) by extension 'ignore_ament_install'
[0.312s] Level 1:colcon.colcon_core.package_identification:_identify(profiles/experiments) by extensions ['colcon_pkg']
[0.312s] Level 1:colcon.colcon_core.package_identification:_identify(profiles/experiments) by extension 'colcon_pkg'
[0.312s] Level 1:colcon.colcon_core.package_identification:_identify(profiles/experiments) by extensions ['colcon_meta']
[0.312s] Level 1:colcon.colcon_core.package_identification:_identify(profiles/experiments) by extension 'colcon_meta'
[0.312s] Level 1:colcon.colcon_core.package_identification:_identify(profiles/experiments) by extensions ['ros']
[0.312s] Level 1:colcon.colcon_core.package_identification:_identify(profiles/experiments) by extension 'ros'
[0.312s] Level 1:colcon.colcon_core.package_identification:_identify(profiles/experiments) by extensions ['cmake', 'python']
[0.312s] Level 1:colcon.colcon_core.package_identification:_identify(profiles/experiments) by extension 'cmake'
[0.312s] Level 1:colcon.colcon_core.package_identification:_identify(profiles/experiments) by extension 'python'
[0.312s] Level 1:colcon.colcon_core.package_identification:_identify(profiles/experiments) by extensions ['python_setup_py']
[0.312s] Level 1:colcon.colcon_core.package_identification:_identify(profiles/experiments) by extension 'python_setup_py'
[0.312s] Level 1:colcon.colcon_core.package_identification:_identify(profiles/platforms) by extensions ['ignore', 'ignore_ament_install']
[0.312s] Level 1:colcon.colcon_core.package_identification:_identify(profiles/platforms) by extension 'ignore'
[0.312s] Level 1:colcon.colcon_core.package_identification:_identify(profiles/platforms) by extension 'ignore_ament_install'
[0.312s] Level 1:colcon.colcon_core.package_identification:_identify(profiles/platforms) by extensions ['colcon_pkg']
[0.312s] Level 1:colcon.colcon_core.package_identification:_identify(profiles/platforms) by extension 'colcon_pkg'
[0.312s] Level 1:colcon.colcon_core.package_identification:_identify(profiles/platforms) by extensions ['colcon_meta']
[0.312s] Level 1:colcon.colcon_core.package_identification:_identify(profiles/platforms) by extension 'colcon_meta'
[0.312s] Level 1:colcon.colcon_core.package_identification:_identify(profiles/platforms) by extensions ['ros']
[0.312s] Level 1:colcon.colcon_core.package_identification:_identify(profiles/platforms) by extension 'ros'
[0.312s] Level 1:colcon.colcon_core.package_identification:_identify(profiles/platforms) by extensions ['cmake', 'python']
[0.312s] Level 1:colcon.colcon_core.package_identification:_identify(profiles/platforms) by extension 'cmake'
[0.313s] Level 1:colcon.colcon_core.package_identification:_identify(profiles/platforms) by extension 'python'
[0.313s] Level 1:colcon.colcon_core.package_identification:_identify(profiles/platforms) by extensions ['python_setup_py']
[0.313s] Level 1:colcon.colcon_core.package_identification:_identify(profiles/platforms) by extension 'python_setup_py'
[0.313s] Level 1:colcon.colcon_core.package_identification:_identify(profiles/sensors) by extensions ['ignore', 'ignore_ament_install']
[0.313s] Level 1:colcon.colcon_core.package_identification:_identify(profiles/sensors) by extension 'ignore'
[0.313s] Level 1:colcon.colcon_core.package_identification:_identify(profiles/sensors) by extension 'ignore_ament_install'
[0.313s] Level 1:colcon.colcon_core.package_identification:_identify(profiles/sensors) by extensions ['colcon_pkg']
[0.313s] Level 1:colcon.colcon_core.package_identification:_identify(profiles/sensors) by extension 'colcon_pkg'
[0.313s] Level 1:colcon.colcon_core.package_identification:_identify(profiles/sensors) by extensions ['colcon_meta']
[0.313s] Level 1:colcon.colcon_core.package_identification:_identify(profiles/sensors) by extension 'colcon_meta'
[0.313s] Level 1:colcon.colcon_core.package_identification:_identify(profiles/sensors) by extensions ['ros']
[0.313s] Level 1:colcon.colcon_core.package_identification:_identify(profiles/sensors) by extension 'ros'
[0.313s] Level 1:colcon.colcon_core.package_identification:_identify(profiles/sensors) by extensions ['cmake', 'python']
[0.313s] Level 1:colcon.colcon_core.package_identification:_identify(profiles/sensors) by extension 'cmake'
[0.313s] Level 1:colcon.colcon_core.package_identification:_identify(profiles/sensors) by extension 'python'
[0.313s] Level 1:colcon.colcon_core.package_identification:_identify(profiles/sensors) by extensions ['python_setup_py']
[0.313s] Level 1:colcon.colcon_core.package_identification:_identify(profiles/sensors) by extension 'python_setup_py'
[0.313s] Level 1:colcon.colcon_core.package_identification:_identify(src) by extensions ['ignore', 'ignore_ament_install']
[0.313s] Level 1:colcon.colcon_core.package_identification:_identify(src) by extension 'ignore'
[0.313s] Level 1:colcon.colcon_core.package_identification:_identify(src) by extension 'ignore_ament_install'
[0.313s] Level 1:colcon.colcon_core.package_identification:_identify(src) by extensions ['colcon_pkg']
[0.313s] Level 1:colcon.colcon_core.package_identification:_identify(src) by extension 'colcon_pkg'
[0.313s] Level 1:colcon.colcon_core.package_identification:_identify(src) by extensions ['colcon_meta']
[0.313s] Level 1:colcon.colcon_core.package_identification:_identify(src) by extension 'colcon_meta'
[0.314s] Level 1:colcon.colcon_core.package_identification:_identify(src) by extensions ['ros']
[0.314s] Level 1:colcon.colcon_core.package_identification:_identify(src) by extension 'ros'
[0.314s] Level 1:colcon.colcon_core.package_identification:_identify(src) by extensions ['cmake', 'python']
[0.314s] Level 1:colcon.colcon_core.package_identification:_identify(src) by extension 'cmake'
[0.314s] Level 1:colcon.colcon_core.package_identification:_identify(src) by extension 'python'
[0.314s] Level 1:colcon.colcon_core.package_identification:_identify(src) by extensions ['python_setup_py']
[0.314s] Level 1:colcon.colcon_core.package_identification:_identify(src) by extension 'python_setup_py'
[0.314s] Level 1:colcon.colcon_core.package_identification:_identify(src/agt_bt_executor) by extensions ['ignore', 'ignore_ament_install']
[0.314s] Level 1:colcon.colcon_core.package_identification:_identify(src/agt_bt_executor) by extension 'ignore'
[0.314s] Level 1:colcon.colcon_core.package_identification:_identify(src/agt_bt_executor) by extension 'ignore_ament_install'
[0.314s] Level 1:colcon.colcon_core.package_identification:_identify(src/agt_bt_executor) by extensions ['colcon_pkg']
[0.314s] Level 1:colcon.colcon_core.package_identification:_identify(src/agt_bt_executor) by extension 'colcon_pkg'
[0.314s] Level 1:colcon.colcon_core.package_identification:_identify(src/agt_bt_executor) by extensions ['colcon_meta']
[0.314s] Level 1:colcon.colcon_core.package_identification:_identify(src/agt_bt_executor) by extension 'colcon_meta'
[0.314s] Level 1:colcon.colcon_core.package_identification:_identify(src/agt_bt_executor) by extensions ['ros']
[0.314s] Level 1:colcon.colcon_core.package_identification:_identify(src/agt_bt_executor) by extension 'ros'
[0.326s] DEBUG:colcon.colcon_core.package_identification:Package 'src/agt_bt_executor' with type 'ros.ament_cmake' and name 'agt_bt_executor'
[0.326s] Level 1:colcon.colcon_core.package_identification:_identify(src/agt_chassis) by extensions ['ignore', 'ignore_ament_install']
[0.326s] Level 1:colcon.colcon_core.package_identification:_identify(src/agt_chassis) by extension 'ignore'
[0.326s] Level 1:colcon.colcon_core.package_identification:_identify(src/agt_chassis) by extension 'ignore_ament_install'
[0.326s] Level 1:colcon.colcon_core.package_identification:_identify(src/agt_chassis) by extensions ['colcon_pkg']
[0.326s] Level 1:colcon.colcon_core.package_identification:_identify(src/agt_chassis) by extension 'colcon_pkg'
[0.327s] Level 1:colcon.colcon_core.package_identification:_identify(src/agt_chassis) by extensions ['colcon_meta']
[0.327s] Level 1:colcon.colcon_core.package_identification:_identify(src/agt_chassis) by extension 'colcon_meta'
[0.327s] Level 1:colcon.colcon_core.package_identification:_identify(src/agt_chassis) by extensions ['ros']
[0.327s] Level 1:colcon.colcon_core.package_identification:_identify(src/agt_chassis) by extension 'ros'
[0.327s] DEBUG:colcon.colcon_core.package_identification:Package 'src/agt_chassis' with type 'ros.ament_cmake' and name 'agt_chassis'
[0.327s] Level 1:colcon.colcon_core.package_identification:_identify(src/agt_description) by extensions ['ignore', 'ignore_ament_install']
[0.328s] Level 1:colcon.colcon_core.package_identification:_identify(src/agt_description) by extension 'ignore'
[0.328s] Level 1:colcon.colcon_core.package_identification:_identify(src/agt_description) by extension 'ignore_ament_install'
[0.328s] Level 1:colcon.colcon_core.package_identification:_identify(src/agt_description) by extensions ['colcon_pkg']
[0.328s] Level 1:colcon.colcon_core.package_identification:_identify(src/agt_description) by extension 'colcon_pkg'
[0.328s] Level 1:colcon.colcon_core.package_identification:_identify(src/agt_description) by extensions ['colcon_meta']
[0.328s] Level 1:colcon.colcon_core.package_identification:_identify(src/agt_description) by extension 'colcon_meta'
[0.328s] Level 1:colcon.colcon_core.package_identification:_identify(src/agt_description) by extensions ['ros']
[0.328s] Level 1:colcon.colcon_core.package_identification:_identify(src/agt_description) by extension 'ros'
[0.328s] DEBUG:colcon.colcon_core.package_identification:Package 'src/agt_description' with type 'ros.ament_cmake' and name 'agt_description'
[0.328s] Level 1:colcon.colcon_core.package_identification:_identify(src/agt_experiment_manager) by extensions ['ignore', 'ignore_ament_install']
[0.329s] Level 1:colcon.colcon_core.package_identification:_identify(src/agt_experiment_manager) by extension 'ignore'
[0.329s] Level 1:colcon.colcon_core.package_identification:_identify(src/agt_experiment_manager) by extension 'ignore_ament_install'
[0.329s] Level 1:colcon.colcon_core.package_identification:_identify(src/agt_experiment_manager) by extensions ['colcon_pkg']
[0.329s] Level 1:colcon.colcon_core.package_identification:_identify(src/agt_experiment_manager) by extension 'colcon_pkg'
[0.329s] Level 1:colcon.colcon_core.package_identification:_identify(src/agt_experiment_manager) by extensions ['colcon_meta']
[0.329s] Level 1:colcon.colcon_core.package_identification:_identify(src/agt_experiment_manager) by extension 'colcon_meta'
[0.329s] Level 1:colcon.colcon_core.package_identification:_identify(src/agt_experiment_manager) by extensions ['ros']
[0.329s] Level 1:colcon.colcon_core.package_identification:_identify(src/agt_experiment_manager) by extension 'ros'
[0.329s] DEBUG:colcon.colcon_core.package_identification:Package 'src/agt_experiment_manager' with type 'ros.ament_cmake' and name 'agt_experiment_manager'
[0.329s] Level 1:colcon.colcon_core.package_identification:_identify(src/agt_interfaces) by extensions ['ignore', 'ignore_ament_install']
[0.330s] Level 1:colcon.colcon_core.package_identification:_identify(src/agt_interfaces) by extension 'ignore'
[0.330s] Level 1:colcon.colcon_core.package_identification:_identify(src/agt_interfaces) by extension 'ignore_ament_install'
[0.330s] Level 1:colcon.colcon_core.package_identification:_identify(src/agt_interfaces) by extensions ['colcon_pkg']
[0.330s] Level 1:colcon.colcon_core.package_identification:_identify(src/agt_interfaces) by extension 'colcon_pkg'
[0.330s] Level 1:colcon.colcon_core.package_identification:_identify(src/agt_interfaces) by extensions ['colcon_meta']
[0.330s] Level 1:colcon.colcon_core.package_identification:_identify(src/agt_interfaces) by extension 'colcon_meta'
[0.330s] Level 1:colcon.colcon_core.package_identification:_identify(src/agt_interfaces) by extensions ['ros']
[0.330s] Level 1:colcon.colcon_core.package_identification:_identify(src/agt_interfaces) by extension 'ros'
[0.331s] DEBUG:colcon.colcon_core.package_identification:Package 'src/agt_interfaces' with type 'ros.ament_cmake' and name 'agt_interfaces'
[0.331s] Level 1:colcon.colcon_core.package_identification:_identify(src/agt_localization) by extensions ['ignore', 'ignore_ament_install']
[0.331s] Level 1:colcon.colcon_core.package_identification:_identify(src/agt_localization) by extension 'ignore'
[0.331s] Level 1:colcon.colcon_core.package_identification:_identify(src/agt_localization) by extension 'ignore_ament_install'
[0.331s] Level 1:colcon.colcon_core.package_identification:_identify(src/agt_localization) by extensions ['colcon_pkg']
[0.331s] Level 1:colcon.colcon_core.package_identification:_identify(src/agt_localization) by extension 'colcon_pkg'
[0.331s] Level 1:colcon.colcon_core.package_identification:_identify(src/agt_localization) by extensions ['colcon_meta']
[0.331s] Level 1:colcon.colcon_core.package_identification:_identify(src/agt_localization) by extension 'colcon_meta'
[0.331s] Level 1:colcon.colcon_core.package_identification:_identify(src/agt_localization) by extensions ['ros']
[0.331s] Level 1:colcon.colcon_core.package_identification:_identify(src/agt_localization) by extension 'ros'
[0.333s] DEBUG:colcon.colcon_core.package_identification:Package 'src/agt_localization' with type 'ros.ament_cmake' and name 'agt_localization'
[0.333s] Level 1:colcon.colcon_core.package_identification:_identify(src/agt_localization_fusion) by extensions ['ignore', 'ignore_ament_install']
[0.333s] Level 1:colcon.colcon_core.package_identification:_identify(src/agt_localization_fusion) by extension 'ignore'
[0.333s] Level 1:colcon.colcon_core.package_identification:_identify(src/agt_localization_fusion) by extension 'ignore_ament_install'
[0.333s] Level 1:colcon.colcon_core.package_identification:_identify(src/agt_localization_fusion) by extensions ['colcon_pkg']
[0.333s] Level 1:colcon.colcon_core.package_identification:_identify(src/agt_localization_fusion) by extension 'colcon_pkg'
[0.333s] Level 1:colcon.colcon_core.package_identification:_identify(src/agt_localization_fusion) by extensions ['colcon_meta']
[0.333s] Level 1:colcon.colcon_core.package_identification:_identify(src/agt_localization_fusion) by extension 'colcon_meta'
[0.333s] Level 1:colcon.colcon_core.package_identification:_identify(src/agt_localization_fusion) by extensions ['ros']
[0.333s] Level 1:colcon.colcon_core.package_identification:_identify(src/agt_localization_fusion) by extension 'ros'
[0.334s] DEBUG:colcon.colcon_core.package_identification:Package 'src/agt_localization_fusion' with type 'ros.ament_cmake' and name 'agt_localization_fusion'
[0.334s] Level 1:colcon.colcon_core.package_identification:_identify(src/agt_mapping) by extensions ['ignore', 'ignore_ament_install']
[0.334s] Level 1:colcon.colcon_core.package_identification:_identify(src/agt_mapping) by extension 'ignore'
[0.334s] Level 1:colcon.colcon_core.package_identification:_identify(src/agt_mapping) by extension 'ignore_ament_install'
[0.334s] Level 1:colcon.colcon_core.package_identification:_identify(src/agt_mapping) by extensions ['colcon_pkg']
[0.334s] Level 1:colcon.colcon_core.package_identification:_identify(src/agt_mapping) by extension 'colcon_pkg'
[0.334s] Level 1:colcon.colcon_core.package_identification:_identify(src/agt_mapping) by extensions ['colcon_meta']
[0.334s] Level 1:colcon.colcon_core.package_identification:_identify(src/agt_mapping) by extension 'colcon_meta'
[0.334s] Level 1:colcon.colcon_core.package_identification:_identify(src/agt_mapping) by extensions ['ros']
[0.334s] Level 1:colcon.colcon_core.package_identification:_identify(src/agt_mapping) by extension 'ros'
[0.335s] DEBUG:colcon.colcon_core.package_identification:Package 'src/agt_mapping' with type 'ros.ament_cmake' and name 'agt_mapping'
[0.335s] Level 1:colcon.colcon_core.package_identification:_identify(src/agt_mission_manager) by extensions ['ignore', 'ignore_ament_install']
[0.335s] Level 1:colcon.colcon_core.package_identification:_identify(src/agt_mission_manager) by extension 'ignore'
[0.335s] Level 1:colcon.colcon_core.package_identification:_identify(src/agt_mission_manager) by extension 'ignore_ament_install'
[0.335s] Level 1:colcon.colcon_core.package_identification:_identify(src/agt_mission_manager) by extensions ['colcon_pkg']
[0.335s] Level 1:colcon.colcon_core.package_identification:_identify(src/agt_mission_manager) by extension 'colcon_pkg'
[0.335s] Level 1:colcon.colcon_core.package_identification:_identify(src/agt_mission_manager) by extensions ['colcon_meta']
[0.335s] Level 1:colcon.colcon_core.package_identification:_identify(src/agt_mission_manager) by extension 'colcon_meta'
[0.335s] Level 1:colcon.colcon_core.package_identification:_identify(src/agt_mission_manager) by extensions ['ros']
[0.335s] Level 1:colcon.colcon_core.package_identification:_identify(src/agt_mission_manager) by extension 'ros'
[0.336s] DEBUG:colcon.colcon_core.package_identification:Package 'src/agt_mission_manager' with type 'ros.ament_cmake' and name 'agt_mission_manager'
[0.336s] Level 1:colcon.colcon_core.package_identification:_identify(src/agt_navigation) by extensions ['ignore', 'ignore_ament_install']
[0.336s] Level 1:colcon.colcon_core.package_identification:_identify(src/agt_navigation) by extension 'ignore'
[0.336s] Level 1:colcon.colcon_core.package_identification:_identify(src/agt_navigation) by extension 'ignore_ament_install'
[0.336s] Level 1:colcon.colcon_core.package_identification:_identify(src/agt_navigation) by extensions ['colcon_pkg']
[0.336s] Level 1:colcon.colcon_core.package_identification:_identify(src/agt_navigation) by extension 'colcon_pkg'
[0.336s] Level 1:colcon.colcon_core.package_identification:_identify(src/agt_navigation) by extensions ['colcon_meta']
[0.336s] Level 1:colcon.colcon_core.package_identification:_identify(src/agt_navigation) by extension 'colcon_meta'
[0.336s] Level 1:colcon.colcon_core.package_identification:_identify(src/agt_navigation) by extensions ['ros']
[0.336s] Level 1:colcon.colcon_core.package_identification:_identify(src/agt_navigation) by extension 'ros'
[0.337s] DEBUG:colcon.colcon_core.package_identification:Package 'src/agt_navigation' with type 'ros.ament_cmake' and name 'agt_navigation'
[0.337s] Level 1:colcon.colcon_core.package_identification:_identify(src/agt_perception) by extensions ['ignore', 'ignore_ament_install']
[0.337s] Level 1:colcon.colcon_core.package_identification:_identify(src/agt_perception) by extension 'ignore'
[0.337s] Level 1:colcon.colcon_core.package_identification:_identify(src/agt_perception) by extension 'ignore_ament_install'
[0.337s] Level 1:colcon.colcon_core.package_identification:_identify(src/agt_perception) by extensions ['colcon_pkg']
[0.337s] Level 1:colcon.colcon_core.package_identification:_identify(src/agt_perception) by extension 'colcon_pkg'
[0.337s] Level 1:colcon.colcon_core.package_identification:_identify(src/agt_perception) by extensions ['colcon_meta']
[0.337s] Level 1:colcon.colcon_core.package_identification:_identify(src/agt_perception) by extension 'colcon_meta'
[0.337s] Level 1:colcon.colcon_core.package_identification:_identify(src/agt_perception) by extensions ['ros']
[0.337s] Level 1:colcon.colcon_core.package_identification:_identify(src/agt_perception) by extension 'ros'
[0.338s] DEBUG:colcon.colcon_core.package_identification:Package 'src/agt_perception' with type 'ros.ament_cmake' and name 'agt_perception'
[0.338s] Level 1:colcon.colcon_core.package_identification:_identify(src/agt_safety) by extensions ['ignore', 'ignore_ament_install']
[0.339s] Level 1:colcon.colcon_core.package_identification:_identify(src/agt_safety) by extension 'ignore'
[0.339s] Level 1:colcon.colcon_core.package_identification:_identify(src/agt_safety) by extension 'ignore_ament_install'
[0.339s] Level 1:colcon.colcon_core.package_identification:_identify(src/agt_safety) by extensions ['colcon_pkg']
[0.339s] Level 1:colcon.colcon_core.package_identification:_identify(src/agt_safety) by extension 'colcon_pkg'
[0.339s] Level 1:colcon.colcon_core.package_identification:_identify(src/agt_safety) by extensions ['colcon_meta']
[0.339s] Level 1:colcon.colcon_core.package_identification:_identify(src/agt_safety) by extension 'colcon_meta'
[0.339s] Level 1:colcon.colcon_core.package_identification:_identify(src/agt_safety) by extensions ['ros']
[0.339s] Level 1:colcon.colcon_core.package_identification:_identify(src/agt_safety) by extension 'ros'
[0.339s] DEBUG:colcon.colcon_core.package_identification:Package 'src/agt_safety' with type 'ros.ament_cmake' and name 'agt_safety'
[0.339s] Level 1:colcon.colcon_core.package_identification:_identify(src/agt_sensor_adapters) by extensions ['ignore', 'ignore_ament_install']
[0.340s] Level 1:colcon.colcon_core.package_identification:_identify(src/agt_sensor_adapters) by extension 'ignore'
[0.340s] Level 1:colcon.colcon_core.package_identification:_identify(src/agt_sensor_adapters) by extension 'ignore_ament_install'
[0.340s] Level 1:colcon.colcon_core.package_identification:_identify(src/agt_sensor_adapters) by extensions ['colcon_pkg']
[0.340s] Level 1:colcon.colcon_core.package_identification:_identify(src/agt_sensor_adapters) by extension 'colcon_pkg'
[0.340s] Level 1:colcon.colcon_core.package_identification:_identify(src/agt_sensor_adapters) by extensions ['colcon_meta']
[0.340s] Level 1:colcon.colcon_core.package_identification:_identify(src/agt_sensor_adapters) by extension 'colcon_meta'
[0.340s] Level 1:colcon.colcon_core.package_identification:_identify(src/agt_sensor_adapters) by extensions ['ros']
[0.340s] Level 1:colcon.colcon_core.package_identification:_identify(src/agt_sensor_adapters) by extension 'ros'
[0.341s] DEBUG:colcon.colcon_core.package_identification:Package 'src/agt_sensor_adapters' with type 'ros.ament_cmake' and name 'agt_sensor_adapters'
[0.341s] Level 1:colcon.colcon_core.package_identification:_identify(src/agt_sensor_monitor) by extensions ['ignore', 'ignore_ament_install']
[0.341s] Level 1:colcon.colcon_core.package_identification:_identify(src/agt_sensor_monitor) by extension 'ignore'
[0.341s] Level 1:colcon.colcon_core.package_identification:_identify(src/agt_sensor_monitor) by extension 'ignore_ament_install'
[0.341s] Level 1:colcon.colcon_core.package_identification:_identify(src/agt_sensor_monitor) by extensions ['colcon_pkg']
[0.341s] Level 1:colcon.colcon_core.package_identification:_identify(src/agt_sensor_monitor) by extension 'colcon_pkg'
[0.341s] Level 1:colcon.colcon_core.package_identification:_identify(src/agt_sensor_monitor) by extensions ['colcon_meta']
[0.341s] Level 1:colcon.colcon_core.package_identification:_identify(src/agt_sensor_monitor) by extension 'colcon_meta'
[0.342s] Level 1:colcon.colcon_core.package_identification:_identify(src/agt_sensor_monitor) by extensions ['ros']
[0.342s] Level 1:colcon.colcon_core.package_identification:_identify(src/agt_sensor_monitor) by extension 'ros'
[0.342s] DEBUG:colcon.colcon_core.package_identification:Package 'src/agt_sensor_monitor' with type 'ros.ament_cmake' and name 'agt_sensor_monitor'
[0.342s] Level 1:colcon.colcon_core.package_identification:_identify(third_party) by extensions ['ignore', 'ignore_ament_install']
[0.342s] Level 1:colcon.colcon_core.package_identification:_identify(third_party) by extension 'ignore'
[0.342s] Level 1:colcon.colcon_core.package_identification:_identify(third_party) by extension 'ignore_ament_install'
[0.343s] Level 1:colcon.colcon_core.package_identification:_identify(third_party) by extensions ['colcon_pkg']
[0.343s] Level 1:colcon.colcon_core.package_identification:_identify(third_party) by extension 'colcon_pkg'
[0.343s] Level 1:colcon.colcon_core.package_identification:_identify(third_party) by extensions ['colcon_meta']
[0.343s] Level 1:colcon.colcon_core.package_identification:_identify(third_party) by extension 'colcon_meta'
[0.343s] Level 1:colcon.colcon_core.package_identification:_identify(third_party) by extensions ['ros']
[0.343s] Level 1:colcon.colcon_core.package_identification:_identify(third_party) by extension 'ros'
[0.343s] Level 1:colcon.colcon_core.package_identification:_identify(third_party) by extensions ['cmake', 'python']
[0.343s] Level 1:colcon.colcon_core.package_identification:_identify(third_party) by extension 'cmake'
[0.343s] Level 1:colcon.colcon_core.package_identification:_identify(third_party) by extension 'python'
[0.343s] Level 1:colcon.colcon_core.package_identification:_identify(third_party) by extensions ['python_setup_py']
[0.343s] Level 1:colcon.colcon_core.package_identification:_identify(third_party) by extension 'python_setup_py'
[0.343s] Level 1:colcon.colcon_core.package_identification:_identify(third_party/bunker_ros2) by extensions ['ignore', 'ignore_ament_install']
[0.343s] Level 1:colcon.colcon_core.package_identification:_identify(third_party/bunker_ros2) by extension 'ignore'
[0.343s] Level 1:colcon.colcon_core.package_identification:_identify(third_party/bunker_ros2) by extension 'ignore_ament_install'
[0.343s] Level 1:colcon.colcon_core.package_identification:_identify(third_party/bunker_ros2) by extensions ['colcon_pkg']
[0.343s] Level 1:colcon.colcon_core.package_identification:_identify(third_party/bunker_ros2) by extension 'colcon_pkg'
[0.343s] Level 1:colcon.colcon_core.package_identification:_identify(third_party/bunker_ros2) by extensions ['colcon_meta']
[0.343s] Level 1:colcon.colcon_core.package_identification:_identify(third_party/bunker_ros2) by extension 'colcon_meta'
[0.343s] Level 1:colcon.colcon_core.package_identification:_identify(third_party/bunker_ros2) by extensions ['ros']
[0.343s] Level 1:colcon.colcon_core.package_identification:_identify(third_party/bunker_ros2) by extension 'ros'
[0.343s] Level 1:colcon.colcon_core.package_identification:_identify(third_party/bunker_ros2) by extensions ['cmake', 'python']
[0.343s] Level 1:colcon.colcon_core.package_identification:_identify(third_party/bunker_ros2) by extension 'cmake'
[0.343s] Level 1:colcon.colcon_core.package_identification:_identify(third_party/bunker_ros2) by extension 'python'
[0.343s] Level 1:colcon.colcon_core.package_identification:_identify(third_party/bunker_ros2) by extensions ['python_setup_py']
[0.343s] Level 1:colcon.colcon_core.package_identification:_identify(third_party/bunker_ros2) by extension 'python_setup_py'
[0.344s] Level 1:colcon.colcon_core.package_identification:_identify(third_party/bunker_ros2/bunker_base) by extensions ['ignore', 'ignore_ament_install']
[0.344s] Level 1:colcon.colcon_core.package_identification:_identify(third_party/bunker_ros2/bunker_base) by extension 'ignore'
[0.344s] Level 1:colcon.colcon_core.package_identification:_identify(third_party/bunker_ros2/bunker_base) by extension 'ignore_ament_install'
[0.344s] Level 1:colcon.colcon_core.package_identification:_identify(third_party/bunker_ros2/bunker_base) by extensions ['colcon_pkg']
[0.344s] Level 1:colcon.colcon_core.package_identification:_identify(third_party/bunker_ros2/bunker_base) by extension 'colcon_pkg'
[0.344s] Level 1:colcon.colcon_core.package_identification:_identify(third_party/bunker_ros2/bunker_base) by extensions ['colcon_meta']
[0.344s] Level 1:colcon.colcon_core.package_identification:_identify(third_party/bunker_ros2/bunker_base) by extension 'colcon_meta'
[0.344s] Level 1:colcon.colcon_core.package_identification:_identify(third_party/bunker_ros2/bunker_base) by extensions ['ros']
[0.344s] Level 1:colcon.colcon_core.package_identification:_identify(third_party/bunker_ros2/bunker_base) by extension 'ros'
[0.345s] DEBUG:colcon.colcon_core.package_identification:Package 'third_party/bunker_ros2/bunker_base' with type 'ros.ament_cmake' and name 'bunker_base'
[0.345s] Level 1:colcon.colcon_core.package_identification:_identify(third_party/bunker_ros2/bunker_msgs) by extensions ['ignore', 'ignore_ament_install']
[0.345s] Level 1:colcon.colcon_core.package_identification:_identify(third_party/bunker_ros2/bunker_msgs) by extension 'ignore'
[0.345s] Level 1:colcon.colcon_core.package_identification:_identify(third_party/bunker_ros2/bunker_msgs) by extension 'ignore_ament_install'
[0.345s] Level 1:colcon.colcon_core.package_identification:_identify(third_party/bunker_ros2/bunker_msgs) by extensions ['colcon_pkg']
[0.345s] Level 1:colcon.colcon_core.package_identification:_identify(third_party/bunker_ros2/bunker_msgs) by extension 'colcon_pkg'
[0.345s] Level 1:colcon.colcon_core.package_identification:_identify(third_party/bunker_ros2/bunker_msgs) by extensions ['colcon_meta']
[0.345s] Level 1:colcon.colcon_core.package_identification:_identify(third_party/bunker_ros2/bunker_msgs) by extension 'colcon_meta'
[0.345s] Level 1:colcon.colcon_core.package_identification:_identify(third_party/bunker_ros2/bunker_msgs) by extensions ['ros']
[0.345s] Level 1:colcon.colcon_core.package_identification:_identify(third_party/bunker_ros2/bunker_msgs) by extension 'ros'
[0.346s] DEBUG:colcon.colcon_core.package_identification:Package 'third_party/bunker_ros2/bunker_msgs' with type 'ros.ament_cmake' and name 'bunker_msgs'
[0.346s] Level 1:colcon.colcon_core.package_identification:_identify(third_party/fast_livo2_ros2) by extensions ['ignore', 'ignore_ament_install']
[0.347s] Level 1:colcon.colcon_core.package_identification:_identify(third_party/fast_livo2_ros2) by extension 'ignore'
[0.347s] Level 1:colcon.colcon_core.package_identification:_identify(third_party/fast_livo2_ros2) by extension 'ignore_ament_install'
[0.347s] Level 1:colcon.colcon_core.package_identification:_identify(third_party/fast_livo2_ros2) by extensions ['colcon_pkg']
[0.347s] Level 1:colcon.colcon_core.package_identification:_identify(third_party/fast_livo2_ros2) by extension 'colcon_pkg'
[0.347s] Level 1:colcon.colcon_core.package_identification:_identify(third_party/fast_livo2_ros2) by extensions ['colcon_meta']
[0.347s] Level 1:colcon.colcon_core.package_identification:_identify(third_party/fast_livo2_ros2) by extension 'colcon_meta'
[0.347s] Level 1:colcon.colcon_core.package_identification:_identify(third_party/fast_livo2_ros2) by extensions ['ros']
[0.347s] Level 1:colcon.colcon_core.package_identification:_identify(third_party/fast_livo2_ros2) by extension 'ros'
[0.348s] DEBUG:colcon.colcon_core.package_identification:Package 'third_party/fast_livo2_ros2' with type 'ros.ament_cmake' and name 'fast_livo'
[0.348s] Level 1:colcon.colcon_core.package_identification:_identify(third_party/livox_ros_driver2) by extensions ['ignore', 'ignore_ament_install']
[0.348s] Level 1:colcon.colcon_core.package_identification:_identify(third_party/livox_ros_driver2) by extension 'ignore'
[0.348s] Level 1:colcon.colcon_core.package_identification:_identify(third_party/livox_ros_driver2) by extension 'ignore_ament_install'
[0.348s] Level 1:colcon.colcon_core.package_identification:_identify(third_party/livox_ros_driver2) by extensions ['colcon_pkg']
[0.348s] Level 1:colcon.colcon_core.package_identification:_identify(third_party/livox_ros_driver2) by extension 'colcon_pkg'
[0.348s] Level 1:colcon.colcon_core.package_identification:_identify(third_party/livox_ros_driver2) by extensions ['colcon_meta']
[0.348s] Level 1:colcon.colcon_core.package_identification:_identify(third_party/livox_ros_driver2) by extension 'colcon_meta'
[0.348s] Level 1:colcon.colcon_core.package_identification:_identify(third_party/livox_ros_driver2) by extensions ['ros']
[0.348s] Level 1:colcon.colcon_core.package_identification:_identify(third_party/livox_ros_driver2) by extension 'ros'
[0.349s] DEBUG:colcon.colcon_core.package_identification:Package 'third_party/livox_ros_driver2' with type 'ros.ament_cmake' and name 'livox_ros_driver2'
[0.349s] Level 1:colcon.colcon_core.package_identification:_identify(third_party/ndt_omp_ros2) by extensions ['ignore', 'ignore_ament_install']
[0.349s] Level 1:colcon.colcon_core.package_identification:_identify(third_party/ndt_omp_ros2) by extension 'ignore'
[0.350s] Level 1:colcon.colcon_core.package_identification:_identify(third_party/ndt_omp_ros2) by extension 'ignore_ament_install'
[0.350s] Level 1:colcon.colcon_core.package_identification:_identify(third_party/ndt_omp_ros2) by extensions ['colcon_pkg']
[0.350s] Level 1:colcon.colcon_core.package_identification:_identify(third_party/ndt_omp_ros2) by extension 'colcon_pkg'
[0.350s] Level 1:colcon.colcon_core.package_identification:_identify(third_party/ndt_omp_ros2) by extensions ['colcon_meta']
[0.350s] Level 1:colcon.colcon_core.package_identification:_identify(third_party/ndt_omp_ros2) by extension 'colcon_meta'
[0.350s] Level 1:colcon.colcon_core.package_identification:_identify(third_party/ndt_omp_ros2) by extensions ['ros']
[0.350s] Level 1:colcon.colcon_core.package_identification:_identify(third_party/ndt_omp_ros2) by extension 'ros'
[0.350s] DEBUG:colcon.colcon_core.package_identification:Package 'third_party/ndt_omp_ros2' with type 'ros.ament_cmake' and name 'ndt_omp_ros2'
[0.350s] Level 1:colcon.colcon_core.package_identification:_identify(third_party/relocalization_core) by extensions ['ignore', 'ignore_ament_install']
[0.350s] Level 1:colcon.colcon_core.package_identification:_identify(third_party/relocalization_core) by extension 'ignore'
[0.351s] Level 1:colcon.colcon_core.package_identification:_identify(third_party/relocalization_core) by extension 'ignore_ament_install'
[0.351s] Level 1:colcon.colcon_core.package_identification:_identify(third_party/relocalization_core) by extensions ['colcon_pkg']
[0.351s] Level 1:colcon.colcon_core.package_identification:_identify(third_party/relocalization_core) by extension 'colcon_pkg'
[0.351s] Level 1:colcon.colcon_core.package_identification:_identify(third_party/relocalization_core) by extensions ['colcon_meta']
[0.351s] Level 1:colcon.colcon_core.package_identification:_identify(third_party/relocalization_core) by extension 'colcon_meta'
[0.351s] Level 1:colcon.colcon_core.package_identification:_identify(third_party/relocalization_core) by extensions ['ros']
[0.351s] Level 1:colcon.colcon_core.package_identification:_identify(third_party/relocalization_core) by extension 'ros'
[0.351s] DEBUG:colcon.colcon_core.package_identification:Package 'third_party/relocalization_core' with type 'ros.ament_cmake' and name 'relocalization_core'
[0.351s] Level 1:colcon.colcon_core.package_identification:_identify(third_party/rpg_vikit_ros2_fisheye) by extensions ['ignore', 'ignore_ament_install']
[0.352s] Level 1:colcon.colcon_core.package_identification:_identify(third_party/rpg_vikit_ros2_fisheye) by extension 'ignore'
[0.352s] Level 1:colcon.colcon_core.package_identification:_identify(third_party/rpg_vikit_ros2_fisheye) by extension 'ignore_ament_install'
[0.352s] Level 1:colcon.colcon_core.package_identification:_identify(third_party/rpg_vikit_ros2_fisheye) by extensions ['colcon_pkg']
[0.352s] Level 1:colcon.colcon_core.package_identification:_identify(third_party/rpg_vikit_ros2_fisheye) by extension 'colcon_pkg'
[0.352s] Level 1:colcon.colcon_core.package_identification:_identify(third_party/rpg_vikit_ros2_fisheye) by extensions ['colcon_meta']
[0.352s] Level 1:colcon.colcon_core.package_identification:_identify(third_party/rpg_vikit_ros2_fisheye) by extension 'colcon_meta'
[0.352s] Level 1:colcon.colcon_core.package_identification:_identify(third_party/rpg_vikit_ros2_fisheye) by extensions ['ros']
[0.352s] Level 1:colcon.colcon_core.package_identification:_identify(third_party/rpg_vikit_ros2_fisheye) by extension 'ros'
[0.352s] Level 1:colcon.colcon_core.package_identification:_identify(third_party/rpg_vikit_ros2_fisheye) by extensions ['cmake', 'python']
[0.352s] Level 1:colcon.colcon_core.package_identification:_identify(third_party/rpg_vikit_ros2_fisheye) by extension 'cmake'
[0.352s] Level 1:colcon.colcon_core.package_identification:_identify(third_party/rpg_vikit_ros2_fisheye) by extension 'python'
[0.352s] Level 1:colcon.colcon_core.package_identification:_identify(third_party/rpg_vikit_ros2_fisheye) by extensions ['python_setup_py']
[0.352s] Level 1:colcon.colcon_core.package_identification:_identify(third_party/rpg_vikit_ros2_fisheye) by extension 'python_setup_py'
[0.352s] Level 1:colcon.colcon_core.package_identification:_identify(third_party/rpg_vikit_ros2_fisheye/vikit_common) by extensions ['ignore', 'ignore_ament_install']
[0.352s] Level 1:colcon.colcon_core.package_identification:_identify(third_party/rpg_vikit_ros2_fisheye/vikit_common) by extension 'ignore'
[0.352s] Level 1:colcon.colcon_core.package_identification:_identify(third_party/rpg_vikit_ros2_fisheye/vikit_common) by extension 'ignore_ament_install'
[0.352s] Level 1:colcon.colcon_core.package_identification:_identify(third_party/rpg_vikit_ros2_fisheye/vikit_common) by extensions ['colcon_pkg']
[0.352s] Level 1:colcon.colcon_core.package_identification:_identify(third_party/rpg_vikit_ros2_fisheye/vikit_common) by extension 'colcon_pkg'
[0.352s] Level 1:colcon.colcon_core.package_identification:_identify(third_party/rpg_vikit_ros2_fisheye/vikit_common) by extensions ['colcon_meta']
[0.352s] Level 1:colcon.colcon_core.package_identification:_identify(third_party/rpg_vikit_ros2_fisheye/vikit_common) by extension 'colcon_meta'
[0.352s] Level 1:colcon.colcon_core.package_identification:_identify(third_party/rpg_vikit_ros2_fisheye/vikit_common) by extensions ['ros']
[0.353s] Level 1:colcon.colcon_core.package_identification:_identify(third_party/rpg_vikit_ros2_fisheye/vikit_common) by extension 'ros'
[0.353s] DEBUG:colcon.colcon_core.package_identification:Package 'third_party/rpg_vikit_ros2_fisheye/vikit_common' with type 'ros.ament_cmake' and name 'vikit_common'
[0.353s] Level 1:colcon.colcon_core.package_identification:_identify(third_party/rpg_vikit_ros2_fisheye/vikit_ros) by extensions ['ignore', 'ignore_ament_install']
[0.353s] Level 1:colcon.colcon_core.package_identification:_identify(third_party/rpg_vikit_ros2_fisheye/vikit_ros) by extension 'ignore'
[0.353s] Level 1:colcon.colcon_core.package_identification:_identify(third_party/rpg_vikit_ros2_fisheye/vikit_ros) by extension 'ignore_ament_install'
[0.353s] Level 1:colcon.colcon_core.package_identification:_identify(third_party/rpg_vikit_ros2_fisheye/vikit_ros) by extensions ['colcon_pkg']
[0.353s] Level 1:colcon.colcon_core.package_identification:_identify(third_party/rpg_vikit_ros2_fisheye/vikit_ros) by extension 'colcon_pkg'
[0.353s] Level 1:colcon.colcon_core.package_identification:_identify(third_party/rpg_vikit_ros2_fisheye/vikit_ros) by extensions ['colcon_meta']
[0.353s] Level 1:colcon.colcon_core.package_identification:_identify(third_party/rpg_vikit_ros2_fisheye/vikit_ros) by extension 'colcon_meta'
[0.353s] Level 1:colcon.colcon_core.package_identification:_identify(third_party/rpg_vikit_ros2_fisheye/vikit_ros) by extensions ['ros']
[0.353s] Level 1:colcon.colcon_core.package_identification:_identify(third_party/rpg_vikit_ros2_fisheye/vikit_ros) by extension 'ros'
[0.354s] DEBUG:colcon.colcon_core.package_identification:Package 'third_party/rpg_vikit_ros2_fisheye/vikit_ros' with type 'ros.ament_cmake' and name 'vikit_ros'
[0.354s] Level 1:colcon.colcon_core.package_identification:_identify(third_party/ugv_sdk) by extensions ['ignore', 'ignore_ament_install']
[0.355s] Level 1:colcon.colcon_core.package_identification:_identify(third_party/ugv_sdk) by extension 'ignore'
[0.355s] Level 1:colcon.colcon_core.package_identification:_identify(third_party/ugv_sdk) by extension 'ignore_ament_install'
[0.355s] Level 1:colcon.colcon_core.package_identification:_identify(third_party/ugv_sdk) by extensions ['colcon_pkg']
[0.355s] Level 1:colcon.colcon_core.package_identification:_identify(third_party/ugv_sdk) by extension 'colcon_pkg'
[0.355s] Level 1:colcon.colcon_core.package_identification:_identify(third_party/ugv_sdk) by extensions ['colcon_meta']
[0.355s] Level 1:colcon.colcon_core.package_identification:_identify(third_party/ugv_sdk) by extension 'colcon_meta'
[0.355s] Level 1:colcon.colcon_core.package_identification:_identify(third_party/ugv_sdk) by extensions ['ros']
[0.355s] Level 1:colcon.colcon_core.package_identification:_identify(third_party/ugv_sdk) by extension 'ros'
[0.355s] DEBUG:colcon.colcon_core.package_identification:Package 'third_party/ugv_sdk' with type 'ros.ament_cmake' and name 'ugv_sdk'
[0.355s] Level 1:colcon.colcon_core.package_discovery:discover_packages(recursive) using defaults
[0.356s] Level 1:colcon.colcon_core.package_discovery:discover_packages(ignore) discover
[0.356s] Level 1:colcon.colcon_core.package_discovery:discover_packages(ignore) using defaults
[0.356s] Level 1:colcon.colcon_core.package_discovery:discover_packages(path) discover
[0.356s] Level 1:colcon.colcon_core.package_discovery:discover_packages(path) using defaults
