[0.014s] Invoking command in '/home/yangxuan/agt_navigation_runtime/build/vikit_ros': AMENT_PREFIX_PATH=/home/yangxuan/agt_navigation_runtime/install/vikit_common:${AMENT_PREFIX_PATH} CMAKE_PREFIX_PATH=/home/yangxuan/agt_navigation_runtime/install/vikit_common:/opt/ros/humble LD_LIBRARY_PATH=/home/yangxuan/agt_navigation_runtime/install/vikit_common/lib:/usr/lib/x86_64-linux-gnu/gazebo-11/plugins:/opt/ros/humble/opt/rviz_ogre_vendor/lib:/opt/ros/humble/lib/x86_64-linux-gnu:/opt/ros/humble/opt/ortools_vendor/lib:/opt/ros/humble/opt/openvdb_vendor/lib:/opt/ros/humble/lib /usr/bin/cmake /home/yangxuan/agt_navigation_runtime/third_party/rpg_vikit_ros2_fisheye/vikit_ros -DAMENT_CMAKE_SYMLINK_INSTALL=1 -DCMAKE_INSTALL_PREFIX=/home/yangxuan/agt_navigation_runtime/install/vikit_ros
[0.092s] -- The C compiler identification is GNU 11.4.0
[0.192s] -- The CXX compiler identification is GNU 11.4.0
[0.207s] -- Detecting C compiler ABI info
[0.322s] -- Detecting C compiler ABI info - done
[0.334s] -- Check for working C compiler: /usr/bin/cc - skipped
[0.334s] -- Detecting C compile features
[0.335s] -- Detecting C compile features - done
[0.339s] -- Detecting CXX compiler ABI info
[0.470s] -- Detecting CXX compiler ABI info - done
[0.486s] -- Check for working CXX compiler: /usr/bin/c++ - skipped
[0.486s] -- Detecting CXX compile features
[0.487s] -- Detecting CXX compile features - done
[0.492s] -- Found ament_cmake: 1.3.14 (/opt/ros/humble/share/ament_cmake/cmake)
[0.752s] -- Found Python3: /usr/bin/python3 (found version "3.10.12") found components: Interpreter 
[0.850s] -- Override CMake install command with custom implementation using symlinks instead of copying resources
[0.901s] -- Found rclcpp: 16.0.19 (/opt/ros/humble/share/rclcpp/cmake)
[0.971s] -- Found rosidl_generator_c: 3.1.8 (/opt/ros/humble/share/rosidl_generator_c/cmake)
[0.980s] -- Found rosidl_adapter: 3.1.8 (/opt/ros/humble/share/rosidl_adapter/cmake)
[0.994s] -- Found rosidl_generator_cpp: 3.1.8 (/opt/ros/humble/share/rosidl_generator_cpp/cmake)
[1.013s] -- Using all available rosidl_typesupport_c: rosidl_typesupport_fastrtps_c;rosidl_typesupport_introspection_c
[1.042s] -- Using all available rosidl_typesupport_cpp: rosidl_typesupport_fastrtps_cpp;rosidl_typesupport_introspection_cpp
[1.121s] -- Found rmw_implementation_cmake: 6.1.2 (/opt/ros/humble/share/rmw_implementation_cmake/cmake)
[1.126s] -- Found rmw_fastrtps_cpp: 6.2.10 (/opt/ros/humble/share/rmw_fastrtps_cpp/cmake)
[1.301s] -- Found OpenSSL: /usr/lib/x86_64-linux-gnu/libcrypto.so (found version "3.0.2")  
[1.359s] -- Found FastRTPS: /opt/ros/humble/include  
[1.423s] -- Using RMW implementation 'rmw_fastrtps_cpp' as default
[1.442s] -- Looking for pthread.h
[1.619s] -- Looking for pthread.h - found
[1.622s] -- Performing Test CMAKE_HAVE_LIBC_PTHREAD
[1.747s] -- Performing Test CMAKE_HAVE_LIBC_PTHREAD - Success
[1.750s] -- Found Threads: TRUE  
[1.833s] -- Found vikit_common: 0.0.0 (/home/yangxuan/agt_navigation_runtime/install/vikit_common/share/vikit_common/cmake)
[1.869s] -- Found visualization_msgs: 4.9.1 (/opt/ros/humble/share/visualization_msgs/cmake)
[1.953s] -- Found tf2_ros: 0.25.20 (/opt/ros/humble/share/tf2_ros/cmake)
[2.160s] -- Found OpenCV: /usr (found version "4.5.4") 
[2.164s] -- Found tf2_geometry_msgs: 0.25.20 (/opt/ros/humble/share/tf2_geometry_msgs/cmake)
[2.178s] -- Found eigen3_cmake_module: 0.1.1 (/opt/ros/humble/share/eigen3_cmake_module/cmake)
[2.180s] -- Found Eigen3: TRUE (found version "3.4.0") 
[2.180s] -- Ensuring Eigen3 include directory is part of orocos-kdl CMake target
[2.271s] -- Configuring done
[2.292s] -- Generating done
[2.298s] -- Build files have been written to: /home/yangxuan/agt_navigation_runtime/build/vikit_ros
[2.312s] Invoked command in '/home/yangxuan/agt_navigation_runtime/build/vikit_ros' returned '0': AMENT_PREFIX_PATH=/home/yangxuan/agt_navigation_runtime/install/vikit_common:${AMENT_PREFIX_PATH} CMAKE_PREFIX_PATH=/home/yangxuan/agt_navigation_runtime/install/vikit_common:/opt/ros/humble LD_LIBRARY_PATH=/home/yangxuan/agt_navigation_runtime/install/vikit_common/lib:/usr/lib/x86_64-linux-gnu/gazebo-11/plugins:/opt/ros/humble/opt/rviz_ogre_vendor/lib:/opt/ros/humble/lib/x86_64-linux-gnu:/opt/ros/humble/opt/ortools_vendor/lib:/opt/ros/humble/opt/openvdb_vendor/lib:/opt/ros/humble/lib /usr/bin/cmake /home/yangxuan/agt_navigation_runtime/third_party/rpg_vikit_ros2_fisheye/vikit_ros -DAMENT_CMAKE_SYMLINK_INSTALL=1 -DCMAKE_INSTALL_PREFIX=/home/yangxuan/agt_navigation_runtime/install/vikit_ros
[2.315s] Invoking command in '/home/yangxuan/agt_navigation_runtime/build/vikit_ros': AMENT_PREFIX_PATH=/home/yangxuan/agt_navigation_runtime/install/vikit_common:${AMENT_PREFIX_PATH} CMAKE_PREFIX_PATH=/home/yangxuan/agt_navigation_runtime/install/vikit_common:/opt/ros/humble LD_LIBRARY_PATH=/home/yangxuan/agt_navigation_runtime/install/vikit_common/lib:/usr/lib/x86_64-linux-gnu/gazebo-11/plugins:/opt/ros/humble/opt/rviz_ogre_vendor/lib:/opt/ros/humble/lib/x86_64-linux-gnu:/opt/ros/humble/opt/ortools_vendor/lib:/opt/ros/humble/opt/openvdb_vendor/lib:/opt/ros/humble/lib /usr/bin/cmake --build /home/yangxuan/agt_navigation_runtime/build/vikit_ros -- -j32 -l32
[2.394s] [ 50%] [32mBuilding CXX object CMakeFiles/vikit_ros.dir/src/output_helper.cpp.o[0m
[12.303s] [100%] [32m[1mLinking CXX shared library libvikit_ros.so[0m
[12.520s] [100%] Built target vikit_ros
[12.537s] Invoked command in '/home/yangxuan/agt_navigation_runtime/build/vikit_ros' returned '0': AMENT_PREFIX_PATH=/home/yangxuan/agt_navigation_runtime/install/vikit_common:${AMENT_PREFIX_PATH} CMAKE_PREFIX_PATH=/home/yangxuan/agt_navigation_runtime/install/vikit_common:/opt/ros/humble LD_LIBRARY_PATH=/home/yangxuan/agt_navigation_runtime/install/vikit_common/lib:/usr/lib/x86_64-linux-gnu/gazebo-11/plugins:/opt/ros/humble/opt/rviz_ogre_vendor/lib:/opt/ros/humble/lib/x86_64-linux-gnu:/opt/ros/humble/opt/ortools_vendor/lib:/opt/ros/humble/opt/openvdb_vendor/lib:/opt/ros/humble/lib /usr/bin/cmake --build /home/yangxuan/agt_navigation_runtime/build/vikit_ros -- -j32 -l32
[12.539s] Invoking command in '/home/yangxuan/agt_navigation_runtime/build/vikit_ros': AMENT_PREFIX_PATH=/home/yangxuan/agt_navigation_runtime/install/vikit_common:${AMENT_PREFIX_PATH} CMAKE_PREFIX_PATH=/home/yangxuan/agt_navigation_runtime/install/vikit_common:/opt/ros/humble LD_LIBRARY_PATH=/home/yangxuan/agt_navigation_runtime/install/vikit_common/lib:/usr/lib/x86_64-linux-gnu/gazebo-11/plugins:/opt/ros/humble/opt/rviz_ogre_vendor/lib:/opt/ros/humble/lib/x86_64-linux-gnu:/opt/ros/humble/opt/ortools_vendor/lib:/opt/ros/humble/opt/openvdb_vendor/lib:/opt/ros/humble/lib /usr/bin/cmake --install /home/yangxuan/agt_navigation_runtime/build/vikit_ros
[12.550s] -- Install configuration: "Release"
[12.551s] -- Execute custom install script
[12.552s] -- Symlinking: /home/yangxuan/agt_navigation_runtime/install/vikit_ros/include/vikit_ros/vikit/camera_loader.h
[12.565s] -- Symlinking: /home/yangxuan/agt_navigation_runtime/install/vikit_ros/include/vikit_ros/vikit/output_helper.h
[12.574s] -- Symlinking: /home/yangxuan/agt_navigation_runtime/install/vikit_ros/include/vikit_ros/vikit/params_helper.h
[12.588s] -- Symlinking: /home/yangxuan/agt_navigation_runtime/install/vikit_ros/share/vikit_ros/environment/library_path.sh
[12.601s] -- Symlinking: /home/yangxuan/agt_navigation_runtime/install/vikit_ros/share/vikit_ros/environment/library_path.dsv
[12.615s] -- Symlinking: /home/yangxuan/agt_navigation_runtime/install/vikit_ros/share/ament_index/resource_index/package_run_dependencies/vikit_ros
[12.628s] -- Symlinking: /home/yangxuan/agt_navigation_runtime/install/vikit_ros/share/ament_index/resource_index/parent_prefix_path/vikit_ros
[12.640s] -- Symlinking: /home/yangxuan/agt_navigation_runtime/install/vikit_ros/share/vikit_ros/environment/ament_prefix_path.sh
[12.653s] -- Symlinking: /home/yangxuan/agt_navigation_runtime/install/vikit_ros/share/vikit_ros/environment/ament_prefix_path.dsv
[12.665s] -- Symlinking: /home/yangxuan/agt_navigation_runtime/install/vikit_ros/share/vikit_ros/environment/path.sh
[12.678s] -- Symlinking: /home/yangxuan/agt_navigation_runtime/install/vikit_ros/share/vikit_ros/environment/path.dsv
[12.688s] -- Symlinking: /home/yangxuan/agt_navigation_runtime/install/vikit_ros/share/vikit_ros/local_setup.bash
[12.701s] -- Symlinking: /home/yangxuan/agt_navigation_runtime/install/vikit_ros/share/vikit_ros/local_setup.sh
[12.713s] -- Symlinking: /home/yangxuan/agt_navigation_runtime/install/vikit_ros/share/vikit_ros/local_setup.zsh
[12.726s] -- Symlinking: /home/yangxuan/agt_navigation_runtime/install/vikit_ros/share/vikit_ros/local_setup.dsv
[12.739s] -- Symlinking: /home/yangxuan/agt_navigation_runtime/install/vikit_ros/share/vikit_ros/package.dsv
[12.752s] -- Symlinking: /home/yangxuan/agt_navigation_runtime/install/vikit_ros/share/ament_index/resource_index/packages/vikit_ros
[12.765s] -- Symlinking: /home/yangxuan/agt_navigation_runtime/install/vikit_ros/share/vikit_ros/cmake/ament_cmake_export_dependencies-extras.cmake
[12.776s] -- Symlinking: /home/yangxuan/agt_navigation_runtime/install/vikit_ros/share/vikit_ros/cmake/ament_cmake_export_include_directories-extras.cmake
[12.788s] -- Symlinking: /home/yangxuan/agt_navigation_runtime/install/vikit_ros/share/vikit_ros/cmake/ament_cmake_export_libraries-extras.cmake
[12.797s] -- Symlinking: /home/yangxuan/agt_navigation_runtime/install/vikit_ros/share/vikit_ros/cmake/ament_cmake_export_targets-extras.cmake
[12.810s] -- Symlinking: /home/yangxuan/agt_navigation_runtime/install/vikit_ros/share/vikit_ros/cmake/vikit_rosConfig.cmake
[12.821s] -- Symlinking: /home/yangxuan/agt_navigation_runtime/install/vikit_ros/share/vikit_ros/cmake/vikit_rosConfig-version.cmake
[12.834s] -- Symlinking: /home/yangxuan/agt_navigation_runtime/install/vikit_ros/share/vikit_ros/package.xml
[12.846s] -- Installing: /home/yangxuan/agt_navigation_runtime/install/vikit_ros/lib/libvikit_ros.so
[12.846s] -- Set runtime path of "/home/yangxuan/agt_navigation_runtime/install/vikit_ros/lib/libvikit_ros.so" to ""
[12.846s] -- Installing: /home/yangxuan/agt_navigation_runtime/install/vikit_ros/share/vikit_ros/cmake/vikit_rosExport.cmake
[12.846s] -- Installing: /home/yangxuan/agt_navigation_runtime/install/vikit_ros/share/vikit_ros/cmake/vikit_rosExport-release.cmake
[12.849s] Invoked command in '/home/yangxuan/agt_navigation_runtime/build/vikit_ros' returned '0': AMENT_PREFIX_PATH=/home/yangxuan/agt_navigation_runtime/install/vikit_common:${AMENT_PREFIX_PATH} CMAKE_PREFIX_PATH=/home/yangxuan/agt_navigation_runtime/install/vikit_common:/opt/ros/humble LD_LIBRARY_PATH=/home/yangxuan/agt_navigation_runtime/install/vikit_common/lib:/usr/lib/x86_64-linux-gnu/gazebo-11/plugins:/opt/ros/humble/opt/rviz_ogre_vendor/lib:/opt/ros/humble/lib/x86_64-linux-gnu:/opt/ros/humble/opt/ortools_vendor/lib:/opt/ros/humble/opt/openvdb_vendor/lib:/opt/ros/humble/lib /usr/bin/cmake --install /home/yangxuan/agt_navigation_runtime/build/vikit_ros
