-- The C compiler identification is GNU 11.4.0
-- The CXX compiler identification is GNU 11.4.0
-- Detecting C compiler ABI info
-- Detecting C compiler ABI info - done
-- Check for working C compiler: /usr/bin/cc - skipped
-- Detecting C compile features
-- Detecting C compile features - done
-- Detecting CXX compiler ABI info
-- Detecting CXX compiler ABI info - done
-- Check for working CXX compiler: /usr/bin/c++ - skipped
-- Detecting CXX compile features
-- Detecting CXX compile features - done
-- Found ament_cmake: 1.3.14 (/opt/ros/humble/share/ament_cmake/cmake)
-- Found Python3: /usr/bin/python3 (found version "3.10.12") found components: Interpreter 
-- Override CMake install command with custom implementation using symlinks instead of copying resources
-- Found diagnostic_msgs: 4.9.1 (/opt/ros/humble/share/diagnostic_msgs/cmake)
-- Found rosidl_generator_c: 3.1.8 (/opt/ros/humble/share/rosidl_generator_c/cmake)
-- Found rosidl_adapter: 3.1.8 (/opt/ros/humble/share/rosidl_adapter/cmake)
-- Found rosidl_generator_cpp: 3.1.8 (/opt/ros/humble/share/rosidl_generator_cpp/cmake)
-- Using all available rosidl_typesupport_c: rosidl_typesupport_fastrtps_c;rosidl_typesupport_introspection_c
-- Using all available rosidl_typesupport_cpp: rosidl_typesupport_fastrtps_cpp;rosidl_typesupport_introspection_cpp
-- Found rclcpp: 16.0.19 (/opt/ros/humble/share/rclcpp/cmake)
-- Found rmw_implementation_cmake: 6.1.2 (/opt/ros/humble/share/rmw_implementation_cmake/cmake)
-- Found rmw_fastrtps_cpp: 6.2.10 (/opt/ros/humble/share/rmw_fastrtps_cpp/cmake)
-- Found OpenSSL: /usr/lib/x86_64-linux-gnu/libcrypto.so (found version "3.0.2")  
-- Found FastRTPS: /opt/ros/humble/include  
-- Using RMW implementation 'rmw_fastrtps_cpp' as default
-- Looking for pthread.h
-- Looking for pthread.h - found
-- Performing Test CMAKE_HAVE_LIBC_PTHREAD
-- Performing Test CMAKE_HAVE_LIBC_PTHREAD - Success
-- Found Threads: TRUE  
-- Found sensor_msgs: 4.9.1 (/opt/ros/humble/share/sensor_msgs/cmake)
-- agt_sensor_monitor: livox_ros_driver2 not found; LaserScan/standard sensor backends only
-- Found ament_cmake_gtest: 1.3.14 (/opt/ros/humble/share/ament_cmake_gtest/cmake)
-- Found gtest sources under '/opt/ros/humble/src/gtest_vendor': C++ tests using 'Google Test' will be built
-- Found ament_cmake_pytest: 1.3.14 (/opt/ros/humble/share/ament_cmake_pytest/cmake)
-- Configuring done
-- Generating done
-- Build files have been written to: /home/yangxuan/agt_navigation_runtime/build/agt_sensor_monitor
[ 10%] [32mBuilding CXX object gtest/CMakeFiles/gtest.dir/src/gtest-all.cc.o[0m
[ 20%] [32mBuilding CXX object CMakeFiles/stream_monitor.dir/src/stream_monitor.cpp.o[0m
[ 30%] [32mBuilding CXX object gtest/CMakeFiles/gtest_main.dir/src/gtest_main.cc.o[0m
[ 40%] [32m[1mLinking CXX static library libstream_monitor.a[0m
[ 40%] Built target stream_monitor
[ 50%] [32mBuilding CXX object CMakeFiles/agt_sensor_monitor_node.dir/src/sensor_monitor_node.cpp.o[0m
[ 60%] [32m[1mLinking CXX static library libgtest_main.a[0m
[ 60%] Built target gtest_main
[ 70%] [32m[1mLinking CXX static library libgtest.a[0m
[ 70%] Built target gtest
[ 80%] [32mBuilding CXX object CMakeFiles/test_stream_monitor.dir/test/test_stream_monitor.cpp.o[0m
[ 90%] [32m[1mLinking CXX executable test_stream_monitor[0m
[ 90%] Built target test_stream_monitor
[100%] [32m[1mLinking CXX executable agt_sensor_monitor_node[0m
[100%] Built target agt_sensor_monitor_node
-- Install configuration: ""
-- Execute custom install script
-- Symlinking: /home/yangxuan/agt_navigation_runtime/install/agt_sensor_monitor/lib/libstream_monitor.a
-- Symlinking: /home/yangxuan/agt_navigation_runtime/install/agt_sensor_monitor/lib/agt_sensor_monitor/agt_sensor_monitor_node
-- Symlinking: /home/yangxuan/agt_navigation_runtime/install/agt_sensor_monitor/share/agt_sensor_monitor/include/agt_sensor_monitor/sensor_monitor_node.hpp
-- Symlinking: /home/yangxuan/agt_navigation_runtime/install/agt_sensor_monitor/share/agt_sensor_monitor/include/agt_sensor_monitor/stream_monitor.hpp
-- Symlinking: /home/yangxuan/agt_navigation_runtime/install/agt_sensor_monitor/share/agt_sensor_monitor/config/sensor_monitor.yaml
-- Symlinking: /home/yangxuan/agt_navigation_runtime/install/agt_sensor_monitor/share/agt_sensor_monitor/launch/sensor_monitor.launch.py
-- Symlinking: /home/yangxuan/agt_navigation_runtime/install/agt_sensor_monitor/share/ament_index/resource_index/package_run_dependencies/agt_sensor_monitor
-- Symlinking: /home/yangxuan/agt_navigation_runtime/install/agt_sensor_monitor/share/ament_index/resource_index/parent_prefix_path/agt_sensor_monitor
-- Symlinking: /home/yangxuan/agt_navigation_runtime/install/agt_sensor_monitor/share/agt_sensor_monitor/environment/ament_prefix_path.sh
-- Symlinking: /home/yangxuan/agt_navigation_runtime/install/agt_sensor_monitor/share/agt_sensor_monitor/environment/ament_prefix_path.dsv
-- Symlinking: /home/yangxuan/agt_navigation_runtime/install/agt_sensor_monitor/share/agt_sensor_monitor/environment/path.sh
-- Symlinking: /home/yangxuan/agt_navigation_runtime/install/agt_sensor_monitor/share/agt_sensor_monitor/environment/path.dsv
-- Symlinking: /home/yangxuan/agt_navigation_runtime/install/agt_sensor_monitor/share/agt_sensor_monitor/local_setup.bash
-- Symlinking: /home/yangxuan/agt_navigation_runtime/install/agt_sensor_monitor/share/agt_sensor_monitor/local_setup.sh
-- Symlinking: /home/yangxuan/agt_navigation_runtime/install/agt_sensor_monitor/share/agt_sensor_monitor/local_setup.zsh
-- Symlinking: /home/yangxuan/agt_navigation_runtime/install/agt_sensor_monitor/share/agt_sensor_monitor/local_setup.dsv
-- Symlinking: /home/yangxuan/agt_navigation_runtime/install/agt_sensor_monitor/share/agt_sensor_monitor/package.dsv
-- Symlinking: /home/yangxuan/agt_navigation_runtime/install/agt_sensor_monitor/share/ament_index/resource_index/packages/agt_sensor_monitor
-- Symlinking: /home/yangxuan/agt_navigation_runtime/install/agt_sensor_monitor/share/agt_sensor_monitor/cmake/agt_sensor_monitorConfig.cmake
-- Symlinking: /home/yangxuan/agt_navigation_runtime/install/agt_sensor_monitor/share/agt_sensor_monitor/cmake/agt_sensor_monitorConfig-version.cmake
-- Symlinking: /home/yangxuan/agt_navigation_runtime/install/agt_sensor_monitor/share/agt_sensor_monitor/package.xml
