[0.042s] Invoking command in '/home/yangxuan/agt_navigation_runtime/build/agt_sensor_monitor': CMAKE_PREFIX_PATH=/opt/ros/humble /usr/bin/cmake /home/yangxuan/agt_navigation_runtime/src/agt_sensor_monitor -DAMENT_CMAKE_SYMLINK_INSTALL=1 -DCMAKE_INSTALL_PREFIX=/home/yangxuan/agt_navigation_runtime/install/agt_sensor_monitor
[0.313s] -- The C compiler identification is GNU 11.4.0
[0.397s] -- The CXX compiler identification is GNU 11.4.0
[0.412s] -- Detecting C compiler ABI info
[0.523s] -- Detecting C compiler ABI info - done
[0.535s] -- Check for working C compiler: /usr/bin/cc - skipped
[0.535s] -- Detecting C compile features
[0.536s] -- Detecting C compile features - done
[0.540s] -- Detecting CXX compiler ABI info
[0.659s] -- Detecting CXX compiler ABI info - done
[0.676s] -- Check for working CXX compiler: /usr/bin/c++ - skipped
[0.677s] -- Detecting CXX compile features
[0.678s] -- Detecting CXX compile features - done
[0.692s] -- Found ament_cmake: 1.3.14 (/opt/ros/humble/share/ament_cmake/cmake)
[0.986s] -- Found Python3: /usr/bin/python3 (found version "3.10.12") found components: Interpreter 
[1.216s] -- Override CMake install command with custom implementation using symlinks instead of copying resources
[1.330s] -- Found diagnostic_msgs: 4.9.1 (/opt/ros/humble/share/diagnostic_msgs/cmake)
[1.497s] -- Found rosidl_generator_c: 3.1.8 (/opt/ros/humble/share/rosidl_generator_c/cmake)
[1.505s] -- Found rosidl_adapter: 3.1.8 (/opt/ros/humble/share/rosidl_adapter/cmake)
[1.531s] -- Found rosidl_generator_cpp: 3.1.8 (/opt/ros/humble/share/rosidl_generator_cpp/cmake)
[1.557s] -- Using all available rosidl_typesupport_c: rosidl_typesupport_fastrtps_c;rosidl_typesupport_introspection_c
[1.585s] -- Using all available rosidl_typesupport_cpp: rosidl_typesupport_fastrtps_cpp;rosidl_typesupport_introspection_cpp
[1.672s] -- Found rclcpp: 16.0.19 (/opt/ros/humble/share/rclcpp/cmake)
[1.770s] -- Found rmw_implementation_cmake: 6.1.2 (/opt/ros/humble/share/rmw_implementation_cmake/cmake)
[1.779s] -- Found rmw_fastrtps_cpp: 6.2.10 (/opt/ros/humble/share/rmw_fastrtps_cpp/cmake)
[2.302s] -- Found OpenSSL: /usr/lib/x86_64-linux-gnu/libcrypto.so (found version "3.0.2")  
[2.514s] -- Found FastRTPS: /opt/ros/humble/include  
[2.672s] -- Using RMW implementation 'rmw_fastrtps_cpp' as default
[2.721s] -- Looking for pthread.h
[2.939s] -- Looking for pthread.h - found
[2.939s] -- Performing Test CMAKE_HAVE_LIBC_PTHREAD
[3.221s] -- Performing Test CMAKE_HAVE_LIBC_PTHREAD - Success
[3.228s] -- Found Threads: TRUE  
[3.361s] -- Found sensor_msgs: 4.9.1 (/opt/ros/humble/share/sensor_msgs/cmake)
[3.531s] -- agt_sensor_monitor: livox_ros_driver2 not found; LaserScan/standard sensor backends only
[3.543s] -- Found ament_cmake_gtest: 1.3.14 (/opt/ros/humble/share/ament_cmake_gtest/cmake)
[3.558s] -- Found gtest sources under '/opt/ros/humble/src/gtest_vendor': C++ tests using 'Google Test' will be built
[3.570s] -- Found ament_cmake_pytest: 1.3.14 (/opt/ros/humble/share/ament_cmake_pytest/cmake)
[8.854s] -- Configuring done
[8.895s] -- Generating done
[8.913s] -- Build files have been written to: /home/yangxuan/agt_navigation_runtime/build/agt_sensor_monitor
[8.948s] Invoked command in '/home/yangxuan/agt_navigation_runtime/build/agt_sensor_monitor' returned '0': CMAKE_PREFIX_PATH=/opt/ros/humble /usr/bin/cmake /home/yangxuan/agt_navigation_runtime/src/agt_sensor_monitor -DAMENT_CMAKE_SYMLINK_INSTALL=1 -DCMAKE_INSTALL_PREFIX=/home/yangxuan/agt_navigation_runtime/install/agt_sensor_monitor
[8.950s] Invoking command in '/home/yangxuan/agt_navigation_runtime/build/agt_sensor_monitor': CMAKE_PREFIX_PATH=/opt/ros/humble /usr/bin/cmake --build /home/yangxuan/agt_navigation_runtime/build/agt_sensor_monitor -- -j32 -l32
[9.066s] [ 10%] [32mBuilding CXX object gtest/CMakeFiles/gtest.dir/src/gtest-all.cc.o[0m
[9.066s] [ 20%] [32mBuilding CXX object CMakeFiles/stream_monitor.dir/src/stream_monitor.cpp.o[0m
[9.077s] [ 30%] [32mBuilding CXX object gtest/CMakeFiles/gtest_main.dir/src/gtest_main.cc.o[0m
[10.335s] [ 40%] [32m[1mLinking CXX static library libstream_monitor.a[0m
[10.411s] [ 40%] Built target stream_monitor
[10.453s] [ 50%] [32mBuilding CXX object CMakeFiles/agt_sensor_monitor_node.dir/src/sensor_monitor_node.cpp.o[0m
[11.409s] [ 60%] [32m[1mLinking CXX static library libgtest_main.a[0m
[11.467s] [ 60%] Built target gtest_main
[15.586s] [ 70%] [32m[1mLinking CXX static library libgtest.a[0m
[15.711s] [ 70%] Built target gtest
[15.754s] [ 80%] [32mBuilding CXX object CMakeFiles/test_stream_monitor.dir/test/test_stream_monitor.cpp.o[0m
[18.342s] [ 90%] [32m[1mLinking CXX executable test_stream_monitor[0m
[18.586s] [ 90%] Built target test_stream_monitor
[47.116s] [100%] [32m[1mLinking CXX executable agt_sensor_monitor_node[0m
[48.543s] [100%] Built target agt_sensor_monitor_node
[48.556s] Invoked command in '/home/yangxuan/agt_navigation_runtime/build/agt_sensor_monitor' returned '0': CMAKE_PREFIX_PATH=/opt/ros/humble /usr/bin/cmake --build /home/yangxuan/agt_navigation_runtime/build/agt_sensor_monitor -- -j32 -l32
[48.558s] Invoking command in '/home/yangxuan/agt_navigation_runtime/build/agt_sensor_monitor': CMAKE_PREFIX_PATH=/opt/ros/humble /usr/bin/cmake --install /home/yangxuan/agt_navigation_runtime/build/agt_sensor_monitor
[48.570s] -- Install configuration: ""
[48.571s] -- Execute custom install script
[48.571s] -- Symlinking: /home/yangxuan/agt_navigation_runtime/install/agt_sensor_monitor/lib/libstream_monitor.a
[48.584s] -- Symlinking: /home/yangxuan/agt_navigation_runtime/install/agt_sensor_monitor/lib/agt_sensor_monitor/agt_sensor_monitor_node
[48.597s] -- Symlinking: /home/yangxuan/agt_navigation_runtime/install/agt_sensor_monitor/share/agt_sensor_monitor/include/agt_sensor_monitor/sensor_monitor_node.hpp
[48.609s] -- Symlinking: /home/yangxuan/agt_navigation_runtime/install/agt_sensor_monitor/share/agt_sensor_monitor/include/agt_sensor_monitor/stream_monitor.hpp
[48.619s] -- Symlinking: /home/yangxuan/agt_navigation_runtime/install/agt_sensor_monitor/share/agt_sensor_monitor/config/sensor_monitor.yaml
[48.631s] -- Symlinking: /home/yangxuan/agt_navigation_runtime/install/agt_sensor_monitor/share/agt_sensor_monitor/launch/sensor_monitor.launch.py
[48.644s] -- Symlinking: /home/yangxuan/agt_navigation_runtime/install/agt_sensor_monitor/share/ament_index/resource_index/package_run_dependencies/agt_sensor_monitor
[48.657s] -- Symlinking: /home/yangxuan/agt_navigation_runtime/install/agt_sensor_monitor/share/ament_index/resource_index/parent_prefix_path/agt_sensor_monitor
[48.669s] -- Symlinking: /home/yangxuan/agt_navigation_runtime/install/agt_sensor_monitor/share/agt_sensor_monitor/environment/ament_prefix_path.sh
[48.680s] -- Symlinking: /home/yangxuan/agt_navigation_runtime/install/agt_sensor_monitor/share/agt_sensor_monitor/environment/ament_prefix_path.dsv
[48.689s] -- Symlinking: /home/yangxuan/agt_navigation_runtime/install/agt_sensor_monitor/share/agt_sensor_monitor/environment/path.sh
[48.702s] -- Symlinking: /home/yangxuan/agt_navigation_runtime/install/agt_sensor_monitor/share/agt_sensor_monitor/environment/path.dsv
[48.710s] -- Symlinking: /home/yangxuan/agt_navigation_runtime/install/agt_sensor_monitor/share/agt_sensor_monitor/local_setup.bash
[48.723s] -- Symlinking: /home/yangxuan/agt_navigation_runtime/install/agt_sensor_monitor/share/agt_sensor_monitor/local_setup.sh
[48.737s] -- Symlinking: /home/yangxuan/agt_navigation_runtime/install/agt_sensor_monitor/share/agt_sensor_monitor/local_setup.zsh
[48.749s] -- Symlinking: /home/yangxuan/agt_navigation_runtime/install/agt_sensor_monitor/share/agt_sensor_monitor/local_setup.dsv
[48.763s] -- Symlinking: /home/yangxuan/agt_navigation_runtime/install/agt_sensor_monitor/share/agt_sensor_monitor/package.dsv
[48.772s] -- Symlinking: /home/yangxuan/agt_navigation_runtime/install/agt_sensor_monitor/share/ament_index/resource_index/packages/agt_sensor_monitor
[48.785s] -- Symlinking: /home/yangxuan/agt_navigation_runtime/install/agt_sensor_monitor/share/agt_sensor_monitor/cmake/agt_sensor_monitorConfig.cmake
[48.799s] -- Symlinking: /home/yangxuan/agt_navigation_runtime/install/agt_sensor_monitor/share/agt_sensor_monitor/cmake/agt_sensor_monitorConfig-version.cmake
[48.808s] -- Symlinking: /home/yangxuan/agt_navigation_runtime/install/agt_sensor_monitor/share/agt_sensor_monitor/package.xml
[48.824s] Invoked command in '/home/yangxuan/agt_navigation_runtime/build/agt_sensor_monitor' returned '0': CMAKE_PREFIX_PATH=/opt/ros/humble /usr/bin/cmake --install /home/yangxuan/agt_navigation_runtime/build/agt_sensor_monitor
