-- The C compiler identification is GNU 11.4.0
-- The CXX compiler identification is GNU 11.4.0
-- Detecting C compiler ABI info
-- Detecting C compiler ABI info - done
-- Check for working C compiler: /usr/bin/cc - skipped
-- Detecting C compile features
-- Detecting C compile features - done
-- Detecting CXX compiler ABI info
-- Detecting CXX compiler ABI info - done
-- Check for working CXX compiler: /usr/bin/c++ - skipped
-- Detecting CXX compile features
-- Detecting CXX compile features - done
-- Found ament_cmake: 1.3.14 (/opt/ros/humble/share/ament_cmake/cmake)
-- Found Python3: /usr/bin/python3 (found version "3.10.12") found components: Interpreter 
-- Override CMake install command with custom implementation using symlinks instead of copying resources
-- Found OpenMP_C: -fopenmp (found version "4.5") 
-- Found OpenMP_CXX: -fopenmp (found version "4.5") 
-- Found OpenMP: TRUE (found version "4.5")  
-- Checking for module 'eigen3'
--   Found eigen3, version 3.4.0
-- Found Eigen: /usr/include/eigen3 (Required is at least version "3.1") 
-- Eigen found (include: /usr/include/eigen3, version: 3.4.0)
-- Found Boost: /usr/lib/x86_64-linux-gnu/cmake/Boost-1.74.0/BoostConfig.cmake (found suitable version "1.74.0", minimum required is "1.65.0") found components: system filesystem date_time iostreams serialization 
-- Checking for module 'flann'
--   Found flann, version 1.9.1
-- Found FLANN: /usr/lib/x86_64-linux-gnu/libflann_cpp.so  
-- FLANN found (include: /usr/include, lib: /usr/lib/x86_64-linux-gnu/libflann_cpp.so)
-- Checking for module 'libusb-1.0'
--   Found libusb-1.0, version 1.0.25
-- Found libusb: /usr/lib/x86_64-linux-gnu/libusb-1.0.so  
-- Found OpenNI: /usr/lib/libOpenNI.so;libusb::libusb (found version "1.5.4.0") 
-- OpenNI found (version: 1.5.4.0, include: /usr/include/ni, lib: /usr/lib/libOpenNI.so;libusb::libusb)
-- Found OpenNI2: /usr/lib/x86_64-linux-gnu/libOpenNI2.so;libusb::libusb (found version "2.2.0.33") 
-- OpenNI2 found (version: 2.2.0.33, include: /usr/include/openni2, lib: /usr/lib/x86_64-linux-gnu/libOpenNI2.so;libusb::libusb)
-- Looking for pthread.h
-- Looking for pthread.h - found
-- Performing Test CMAKE_HAVE_LIBC_PTHREAD
-- Performing Test CMAKE_HAVE_LIBC_PTHREAD - Success
-- Found Threads: TRUE  
-- Found GLEW: /usr/lib/x86_64-linux-gnu/libGLEW.so  
-- Found OpenGL: /usr/lib/x86_64-linux-gnu/libOpenGL.so  found components: OpenGL GLX 
-- Found MPI_C: /usr/lib/x86_64-linux-gnu/libmpi.so (found version "3.1") 
-- Found MPI: TRUE (found version "3.1") found components: C 
-- Found JsonCpp: /usr/lib/x86_64-linux-gnu/libjsoncpp.so (found suitable version "1.9.5", minimum required is "0.7.0") 
-- Found ZLIB: /usr/lib/x86_64-linux-gnu/libz.so (found version "1.2.11") 
-- Found PNG: /usr/lib/x86_64-linux-gnu/libpng.so (found version "1.6.37") 
-- Found Eigen3: /usr/include/eigen3 (found version "3.4.0") 
-- Found X11: /usr/include   
-- Looking for XOpenDisplay in /usr/lib/x86_64-linux-gnu/libX11.so;/usr/lib/x86_64-linux-gnu/libXext.so
-- Looking for XOpenDisplay in /usr/lib/x86_64-linux-gnu/libX11.so;/usr/lib/x86_64-linux-gnu/libXext.so - found
-- Looking for gethostbyname
-- Looking for gethostbyname - found
-- Looking for connect
-- Looking for connect - found
-- Looking for remove
-- Looking for remove - found
-- Looking for shmat
-- Looking for shmat - found
-- Looking for IceConnectionNumber in ICE
-- Looking for IceConnectionNumber in ICE - found
-- Found EXPAT: /usr/lib/x86_64-linux-gnu/libexpat.so (found version "2.4.7") 
-- Found double-conversion: /usr/lib/x86_64-linux-gnu/libdouble-conversion.so  
-- Found LZ4: /usr/lib/x86_64-linux-gnu/liblz4.so (found version "1.9.3") 
-- Found LZMA: /usr/lib/x86_64-linux-gnu/liblzma.so (found version "5.2.5") 
-- Found JPEG: /usr/lib/x86_64-linux-gnu/libjpeg.so (found version "80") 
-- Found TIFF: /usr/lib/x86_64-linux-gnu/libtiff.so (found version "4.3.0")  
-- Found Freetype: /usr/lib/x86_64-linux-gnu/libfreetype.so (found version "2.11.1") 
-- Found utf8cpp: /usr/include/utf8cpp  
-- Eigen found (include: /usr/include/eigen3, version: 3.4.0)
-- looking for PCL_COMMON
-- Found PCL_COMMON: /usr/lib/x86_64-linux-gnu/libpcl_common.so  
-- looking for PCL_KDTREE
-- Found PCL_KDTREE: /usr/lib/x86_64-linux-gnu/libpcl_kdtree.so  
-- looking for PCL_OCTREE
-- Found PCL_OCTREE: /usr/lib/x86_64-linux-gnu/libpcl_octree.so  
-- looking for PCL_SEARCH
-- Found PCL_SEARCH: /usr/lib/x86_64-linux-gnu/libpcl_search.so  
-- looking for PCL_SAMPLE_CONSENSUS
-- Found PCL_SAMPLE_CONSENSUS: /usr/lib/x86_64-linux-gnu/libpcl_sample_consensus.so  
-- looking for PCL_FILTERS
-- Found PCL_FILTERS: /usr/lib/x86_64-linux-gnu/libpcl_filters.so  
-- looking for PCL_IO
-- Found PCL_IO: /usr/lib/x86_64-linux-gnu/libpcl_io.so  
-- looking for PCL_2D
-- Found PCL_2D: /usr/include/pcl-1.12  
-- looking for PCL_FEATURES
-- Found PCL_FEATURES: /usr/lib/x86_64-linux-gnu/libpcl_features.so  
-- looking for PCL_REGISTRATION
-- Found PCL_REGISTRATION: /usr/lib/x86_64-linux-gnu/libpcl_registration.so  
-- Found PCL: pcl_common;pcl_kdtree;pcl_octree;pcl_search;pcl_sample_consensus;pcl_filters;pcl_io;pcl_features;pcl_registration;Boost::system;Boost::filesystem;Boost::date_time;Boost::iostreams;Boost::serialization;/usr/lib/libOpenNI.so;libusb::libusb;/usr/lib/x86_64-linux-gnu/libOpenNI2.so;libusb::libusb;VTK::ChartsCore;VTK::CommonColor;VTK::CommonComputationalGeometry;VTK::CommonCore;VTK::CommonDataModel;VTK::CommonExecutionModel;VTK::CommonMath;VTK::CommonMisc;VTK::CommonTransforms;VTK::FiltersCore;VTK::FiltersExtraction;VTK::FiltersGeneral;VTK::FiltersGeometry;VTK::FiltersModeling;VTK::FiltersSources;VTK::ImagingCore;VTK::ImagingSources;VTK::InteractionImage;VTK::InteractionStyle;VTK::InteractionWidgets;VTK::IOCore;VTK::IOGeometry;VTK::IOImage;VTK::IOLegacy;VTK::IOPLY;VTK::RenderingAnnotation;VTK::RenderingCore;VTK::RenderingContext2D;VTK::RenderingLOD;VTK::RenderingFreeType;VTK::ViewsCore;VTK::ViewsContext2D;VTK::RenderingOpenGL2;VTK::GUISupportQt;FLANN::FLANN  
-- Found ndt_omp_ros2: 0.0.0 (/home/yangxuan/agt_navigation_runtime/install/ndt_omp_ros2/share/ndt_omp_ros2/cmake)
-- Found rosidl_generator_c: 3.1.8 (/opt/ros/humble/share/rosidl_generator_c/cmake)
-- Found rosidl_adapter: 3.1.8 (/opt/ros/humble/share/rosidl_adapter/cmake)
-- Found rosidl_generator_cpp: 3.1.8 (/opt/ros/humble/share/rosidl_generator_cpp/cmake)
-- Using all available rosidl_typesupport_c: rosidl_typesupport_fastrtps_c;rosidl_typesupport_introspection_c
-- Using all available rosidl_typesupport_cpp: rosidl_typesupport_fastrtps_cpp;rosidl_typesupport_introspection_cpp
-- Found rmw_implementation_cmake: 6.1.2 (/opt/ros/humble/share/rmw_implementation_cmake/cmake)
-- Found rmw_fastrtps_cpp: 6.2.10 (/opt/ros/humble/share/rmw_fastrtps_cpp/cmake)
-- Found OpenSSL: /usr/lib/x86_64-linux-gnu/libcrypto.so (found version "3.0.2")  
-- Found FastRTPS: /opt/ros/humble/include  
-- Using RMW implementation 'rmw_fastrtps_cpp' as default
-- Found ament_cmake_gtest: 1.3.14 (/opt/ros/humble/share/ament_cmake_gtest/cmake)
-- Found gtest sources under '/opt/ros/humble/src/gtest_vendor': C++ tests using 'Google Test' will be built
-- Found ament_lint_auto: 0.12.15 (/opt/ros/humble/share/ament_lint_auto/cmake)
-- Added test 'cppcheck' to perform static code analysis on C / C++ code
-- Configured cppcheck include dirs: $<BUILD_INTERFACE:/home/yangxuan/agt_navigation_runtime/third_party/relocalization_core/include>
-- Configured cppcheck exclude dirs and/or files: 
-- Added test 'lint_cmake' to check CMake code style
-- Added test 'uncrustify' to check C / C++ code style
-- Configured uncrustify additional arguments: 
-- Added test 'xmllint' to check XML markup files
-- Configuring done
-- Generating done
-- Build files have been written to: /home/yangxuan/agt_navigation_runtime/build/relocalization_core
[  8%] [32mBuilding CXX object CMakeFiles/relocalization_core.dir/src/map_store.cpp.o[0m
[ 16%] [32mBuilding CXX object gtest/CMakeFiles/gtest_main.dir/src/gtest_main.cc.o[0m
[ 58%] [32mBuilding CXX object CMakeFiles/relocalization_core.dir/src/relocalizer.cpp.o[0m
[ 58%] [32mBuilding CXX object CMakeFiles/relocalization_core.dir/src/scan_preprocessor.cpp.o[0m
[ 58%] [32mBuilding CXX object CMakeFiles/relocalization_core.dir/src/backends/ndt_backend.cpp.o[0m
[ 58%] [32mBuilding CXX object gtest/CMakeFiles/gtest.dir/src/gtest-all.cc.o[0m
[ 58%] [32mBuilding CXX object CMakeFiles/relocalization_core.dir/src/backends/icp_backend.cpp.o[0m
[ 66%] [32m[1mLinking CXX static library libgtest_main.a[0m
[ 66%] Built target gtest_main
[ 75%] [32m[1mLinking CXX static library libgtest.a[0m
[ 75%] Built target gtest
[ 83%] [32m[1mLinking CXX shared library librelocalization_core.so[0m
[ 83%] Built target relocalization_core
[ 91%] [32mBuilding CXX object CMakeFiles/test_relocalizer.dir/test/test_relocalizer.cpp.o[0m
[100%] [32m[1mLinking CXX executable test_relocalizer[0m
[100%] Built target test_relocalizer
-- Install configuration: ""
-- Execute custom install script
-- Symlinking: /home/yangxuan/agt_navigation_runtime/install/relocalization_core/include/relocalization_core/backends/icp_backend.hpp
-- Symlinking: /home/yangxuan/agt_navigation_runtime/install/relocalization_core/include/relocalization_core/backends/ndt_backend.hpp
-- Symlinking: /home/yangxuan/agt_navigation_runtime/install/relocalization_core/include/relocalization_core/config.hpp
-- Symlinking: /home/yangxuan/agt_navigation_runtime/install/relocalization_core/include/relocalization_core/map_store.hpp
-- Symlinking: /home/yangxuan/agt_navigation_runtime/install/relocalization_core/include/relocalization_core/registration_backend.hpp
-- Symlinking: /home/yangxuan/agt_navigation_runtime/install/relocalization_core/include/relocalization_core/relocalizer.hpp
-- Symlinking: /home/yangxuan/agt_navigation_runtime/install/relocalization_core/include/relocalization_core/scan_preprocessor.hpp
-- Symlinking: /home/yangxuan/agt_navigation_runtime/install/relocalization_core/include/relocalization_core/types.hpp
-- Symlinking: /home/yangxuan/agt_navigation_runtime/install/relocalization_core/share/relocalization_core/environment/library_path.sh
-- Symlinking: /home/yangxuan/agt_navigation_runtime/install/relocalization_core/share/relocalization_core/environment/library_path.dsv
-- Symlinking: /home/yangxuan/agt_navigation_runtime/install/relocalization_core/share/ament_index/resource_index/package_run_dependencies/relocalization_core
-- Symlinking: /home/yangxuan/agt_navigation_runtime/install/relocalization_core/share/ament_index/resource_index/parent_prefix_path/relocalization_core
-- Symlinking: /home/yangxuan/agt_navigation_runtime/install/relocalization_core/share/relocalization_core/environment/ament_prefix_path.sh
-- Symlinking: /home/yangxuan/agt_navigation_runtime/install/relocalization_core/share/relocalization_core/environment/ament_prefix_path.dsv
-- Symlinking: /home/yangxuan/agt_navigation_runtime/install/relocalization_core/share/relocalization_core/environment/path.sh
-- Symlinking: /home/yangxuan/agt_navigation_runtime/install/relocalization_core/share/relocalization_core/environment/path.dsv
-- Symlinking: /home/yangxuan/agt_navigation_runtime/install/relocalization_core/share/relocalization_core/local_setup.bash
-- Symlinking: /home/yangxuan/agt_navigation_runtime/install/relocalization_core/share/relocalization_core/local_setup.sh
-- Symlinking: /home/yangxuan/agt_navigation_runtime/install/relocalization_core/share/relocalization_core/local_setup.zsh
-- Symlinking: /home/yangxuan/agt_navigation_runtime/install/relocalization_core/share/relocalization_core/local_setup.dsv
-- Symlinking: /home/yangxuan/agt_navigation_runtime/install/relocalization_core/share/relocalization_core/package.dsv
-- Symlinking: /home/yangxuan/agt_navigation_runtime/install/relocalization_core/share/ament_index/resource_index/packages/relocalization_core
-- Symlinking: /home/yangxuan/agt_navigation_runtime/install/relocalization_core/share/relocalization_core/cmake/ament_cmake_export_include_directories-extras.cmake
-- Symlinking: /home/yangxuan/agt_navigation_runtime/install/relocalization_core/share/relocalization_core/cmake/ament_cmake_export_libraries-extras.cmake
-- Symlinking: /home/yangxuan/agt_navigation_runtime/install/relocalization_core/share/relocalization_core/cmake/ament_cmake_export_targets-extras.cmake
-- Symlinking: /home/yangxuan/agt_navigation_runtime/install/relocalization_core/share/relocalization_core/cmake/relocalization_coreConfig.cmake
-- Symlinking: /home/yangxuan/agt_navigation_runtime/install/relocalization_core/share/relocalization_core/cmake/relocalization_coreConfig-version.cmake
-- Symlinking: /home/yangxuan/agt_navigation_runtime/install/relocalization_core/share/relocalization_core/package.xml
-- Installing: /home/yangxuan/agt_navigation_runtime/install/relocalization_core/lib/librelocalization_core.so
-- Set runtime path of "/home/yangxuan/agt_navigation_runtime/install/relocalization_core/lib/librelocalization_core.so" to ""
-- Installing: /home/yangxuan/agt_navigation_runtime/install/relocalization_core/share/relocalization_core/cmake/export_relocalization_coreExport.cmake
-- Installing: /home/yangxuan/agt_navigation_runtime/install/relocalization_core/share/relocalization_core/cmake/export_relocalization_coreExport-noconfig.cmake
