[0.046s] Invoking command in '/home/yangxuan/agt_navigation_runtime/build/agt_localization_fusion': CMAKE_PREFIX_PATH=/opt/ros/humble /usr/bin/cmake /home/yangxuan/agt_navigation_runtime/src/agt_localization_fusion -DAMENT_CMAKE_SYMLINK_INSTALL=1 -DCMAKE_INSTALL_PREFIX=/home/yangxuan/agt_navigation_runtime/install/agt_localization_fusion
[0.317s] -- The C compiler identification is GNU 11.4.0
[0.421s] -- The CXX compiler identification is GNU 11.4.0
[0.435s] -- Detecting C compiler ABI info
[0.558s] -- Detecting C compiler ABI info - done
[0.573s] -- Check for working C compiler: /usr/bin/cc - skipped
[0.574s] -- Detecting C compile features
[0.574s] -- Detecting C compile features - done
[0.580s] -- Detecting CXX compiler ABI info
[0.715s] -- Detecting CXX compiler ABI info - done
[0.726s] -- Check for working CXX compiler: /usr/bin/c++ - skipped
[0.727s] -- Detecting CXX compile features
[0.727s] -- Detecting CXX compile features - done
[0.733s] -- Found ament_cmake: 1.3.14 (/opt/ros/humble/share/ament_cmake/cmake)
[0.984s] -- Found Python3: /usr/bin/python3 (found version "3.10.12") found components: Interpreter 
[1.226s] -- Override CMake install command with custom implementation using symlinks instead of copying resources
[1.452s] -- Configuring done
[1.456s] -- Generating done
[1.458s] -- Build files have been written to: /home/yangxuan/agt_navigation_runtime/build/agt_localization_fusion
[1.466s] Invoked command in '/home/yangxuan/agt_navigation_runtime/build/agt_localization_fusion' returned '0': CMAKE_PREFIX_PATH=/opt/ros/humble /usr/bin/cmake /home/yangxuan/agt_navigation_runtime/src/agt_localization_fusion -DAMENT_CMAKE_SYMLINK_INSTALL=1 -DCMAKE_INSTALL_PREFIX=/home/yangxuan/agt_navigation_runtime/install/agt_localization_fusion
[1.470s] Invoking command in '/home/yangxuan/agt_navigation_runtime/build/agt_localization_fusion': CMAKE_PREFIX_PATH=/opt/ros/humble /usr/bin/cmake --build /home/yangxuan/agt_navigation_runtime/build/agt_localization_fusion -- -j32 -l32
[1.534s] Invoked command in '/home/yangxuan/agt_navigation_runtime/build/agt_localization_fusion' returned '0': CMAKE_PREFIX_PATH=/opt/ros/humble /usr/bin/cmake --build /home/yangxuan/agt_navigation_runtime/build/agt_localization_fusion -- -j32 -l32
[1.553s] Invoking command in '/home/yangxuan/agt_navigation_runtime/build/agt_localization_fusion': CMAKE_PREFIX_PATH=/opt/ros/humble /usr/bin/cmake --install /home/yangxuan/agt_navigation_runtime/build/agt_localization_fusion
[1.567s] -- Install configuration: ""
[1.568s] -- Execute custom install script
[1.569s] -- Symlinking: /home/yangxuan/agt_navigation_runtime/install/agt_localization_fusion/share/agt_localization_fusion/launch/README.md
[1.587s] -- Symlinking: /home/yangxuan/agt_navigation_runtime/install/agt_localization_fusion/share/agt_localization_fusion/config/README.md
[1.606s] -- Symlinking: /home/yangxuan/agt_navigation_runtime/install/agt_localization_fusion/share/agt_localization_fusion/src/README.md
[1.622s] -- Symlinking: /home/yangxuan/agt_navigation_runtime/install/agt_localization_fusion/share/ament_index/resource_index/package_run_dependencies/agt_localization_fusion
[1.639s] -- Symlinking: /home/yangxuan/agt_navigation_runtime/install/agt_localization_fusion/share/ament_index/resource_index/parent_prefix_path/agt_localization_fusion
[1.656s] -- Symlinking: /home/yangxuan/agt_navigation_runtime/install/agt_localization_fusion/share/agt_localization_fusion/environment/ament_prefix_path.sh
[1.675s] -- Symlinking: /home/yangxuan/agt_navigation_runtime/install/agt_localization_fusion/share/agt_localization_fusion/environment/ament_prefix_path.dsv
[1.688s] -- Symlinking: /home/yangxuan/agt_navigation_runtime/install/agt_localization_fusion/share/agt_localization_fusion/environment/path.sh
[1.707s] -- Symlinking: /home/yangxuan/agt_navigation_runtime/install/agt_localization_fusion/share/agt_localization_fusion/environment/path.dsv
[1.725s] -- Symlinking: /home/yangxuan/agt_navigation_runtime/install/agt_localization_fusion/share/agt_localization_fusion/local_setup.bash
[1.746s] -- Symlinking: /home/yangxuan/agt_navigation_runtime/install/agt_localization_fusion/share/agt_localization_fusion/local_setup.sh
[1.763s] -- Symlinking: /home/yangxuan/agt_navigation_runtime/install/agt_localization_fusion/share/agt_localization_fusion/local_setup.zsh
[1.785s] -- Symlinking: /home/yangxuan/agt_navigation_runtime/install/agt_localization_fusion/share/agt_localization_fusion/local_setup.dsv
[1.804s] -- Symlinking: /home/yangxuan/agt_navigation_runtime/install/agt_localization_fusion/share/agt_localization_fusion/package.dsv
[1.825s] -- Symlinking: /home/yangxuan/agt_navigation_runtime/install/agt_localization_fusion/share/ament_index/resource_index/packages/agt_localization_fusion
[1.850s] -- Symlinking: /home/yangxuan/agt_navigation_runtime/install/agt_localization_fusion/share/agt_localization_fusion/cmake/agt_localization_fusionConfig.cmake
[2.215s] -- Symlinking: /home/yangxuan/agt_navigation_runtime/install/agt_localization_fusion/share/agt_localization_fusion/cmake/agt_localization_fusionConfig-version.cmake
[2.233s] -- Symlinking: /home/yangxuan/agt_navigation_runtime/install/agt_localization_fusion/share/agt_localization_fusion/package.xml
[2.270s] Invoked command in '/home/yangxuan/agt_navigation_runtime/build/agt_localization_fusion' returned '0': CMAKE_PREFIX_PATH=/opt/ros/humble /usr/bin/cmake --install /home/yangxuan/agt_navigation_runtime/build/agt_localization_fusion
