[0.027s] Invoking command in '/home/yangxuan/agt_navigation_runtime/build/bunker_base': AMENT_PREFIX_PATH=/home/yangxuan/agt_navigation_runtime/install/ugv_sdk:/home/yangxuan/agt_navigation_runtime/install/bunker_msgs:${AMENT_PREFIX_PATH} CMAKE_PREFIX_PATH=/home/yangxuan/agt_navigation_runtime/install/ugv_sdk:/home/yangxuan/agt_navigation_runtime/install/bunker_msgs:/opt/ros/humble LD_LIBRARY_PATH=/home/yangxuan/agt_navigation_runtime/install/ugv_sdk/lib:/home/yangxuan/agt_navigation_runtime/install/bunker_msgs/lib:/usr/lib/x86_64-linux-gnu/gazebo-11/plugins:/opt/ros/humble/opt/rviz_ogre_vendor/lib:/opt/ros/humble/lib/x86_64-linux-gnu:/opt/ros/humble/opt/ortools_vendor/lib:/opt/ros/humble/opt/openvdb_vendor/lib:/opt/ros/humble/lib PYTHONPATH=/home/yangxuan/agt_navigation_runtime/install/bunker_msgs/local/lib/python3.10/dist-packages:${PYTHONPATH} /usr/bin/cmake /home/yangxuan/agt_navigation_runtime/third_party/bunker_ros2/bunker_base -DAMENT_CMAKE_SYMLINK_INSTALL=1 -DCMAKE_INSTALL_PREFIX=/home/yangxuan/agt_navigation_runtime/install/bunker_base
[0.145s] -- The C compiler identification is GNU 11.4.0
[0.267s] -- The CXX compiler identification is GNU 11.4.0
[0.284s] -- Detecting C compiler ABI info
[0.435s] -- Detecting C compiler ABI info - done
[0.450s] -- Check for working C compiler: /usr/bin/cc - skipped
[0.451s] -- Detecting C compile features
[0.452s] -- Detecting C compile features - done
[0.459s] -- Detecting CXX compiler ABI info
[0.634s] -- Detecting CXX compiler ABI info - done
[0.652s] -- Check for working CXX compiler: /usr/bin/c++ - skipped
[0.653s] -- Detecting CXX compile features
[0.654s] -- Detecting CXX compile features - done
[0.661s] -- Found ament_cmake: 1.3.14 (/opt/ros/humble/share/ament_cmake/cmake)
[1.018s] -- Found Python3: /usr/bin/python3 (found version "3.10.12") found components: Interpreter 
[1.157s] -- Override CMake install command with custom implementation using symlinks instead of copying resources
[1.282s] -- Found rclcpp: 16.0.19 (/opt/ros/humble/share/rclcpp/cmake)
[1.404s] -- Found rosidl_generator_c: 3.1.8 (/opt/ros/humble/share/rosidl_generator_c/cmake)
[1.419s] -- Found rosidl_adapter: 3.1.8 (/opt/ros/humble/share/rosidl_adapter/cmake)
[1.443s] -- Found rosidl_generator_cpp: 3.1.8 (/opt/ros/humble/share/rosidl_generator_cpp/cmake)
[1.474s] -- Using all available rosidl_typesupport_c: rosidl_typesupport_fastrtps_c;rosidl_typesupport_introspection_c
[1.513s] -- Using all available rosidl_typesupport_cpp: rosidl_typesupport_fastrtps_cpp;rosidl_typesupport_introspection_cpp
[1.627s] -- Found rmw_implementation_cmake: 6.1.2 (/opt/ros/humble/share/rmw_implementation_cmake/cmake)
[1.632s] -- Found rmw_fastrtps_cpp: 6.2.10 (/opt/ros/humble/share/rmw_fastrtps_cpp/cmake)
[2.014s] -- Found OpenSSL: /usr/lib/x86_64-linux-gnu/libcrypto.so (found version "3.0.2")  
[2.098s] -- Found FastRTPS: /opt/ros/humble/include  
[2.228s] -- Using RMW implementation 'rmw_fastrtps_cpp' as default
[2.255s] -- Looking for pthread.h
[2.486s] -- Looking for pthread.h - found
[2.487s] -- Performing Test CMAKE_HAVE_LIBC_PTHREAD
[2.676s] -- Performing Test CMAKE_HAVE_LIBC_PTHREAD - Success
[2.679s] -- Found Threads: TRUE  
[2.878s] -- Found geometry_msgs: 4.9.1 (/opt/ros/humble/share/geometry_msgs/cmake)
[2.925s] -- Found nav_msgs: 4.9.1 (/opt/ros/humble/share/nav_msgs/cmake)
[2.970s] -- Found sensor_msgs: 4.9.1 (/opt/ros/humble/share/sensor_msgs/cmake)
[3.003s] -- Found tf2: 0.25.20 (/opt/ros/humble/share/tf2/cmake)
[3.019s] -- Found tf2_ros: 0.25.20 (/opt/ros/humble/share/tf2_ros/cmake)
[3.141s] -- Found tf2_geometry_msgs: 0.25.20 (/opt/ros/humble/share/tf2_geometry_msgs/cmake)
[3.169s] -- Found eigen3_cmake_module: 0.1.1 (/opt/ros/humble/share/eigen3_cmake_module/cmake)
[3.171s] -- Found Eigen3: TRUE (found version "3.4.0") 
[3.172s] -- Ensuring Eigen3 include directory is part of orocos-kdl CMake target
[3.173s] -- Found bunker_msgs: 0.1.0 (/home/yangxuan/agt_navigation_runtime/install/bunker_msgs/share/bunker_msgs/cmake)
[3.212s] -- Found ament_lint_auto: 0.12.15 (/opt/ros/humble/share/ament_lint_auto/cmake)
[3.436s] -- Added test 'copyright' to check source files copyright and LICENSE
[3.439s] -- Added test 'cppcheck' to perform static code analysis on C / C++ code
[3.441s] -- Configured cppcheck include dirs: /home/yangxuan/agt_navigation_runtime/third_party/bunker_ros2/bunker_base/include
[3.442s] -- Configured cppcheck exclude dirs and/or files: 
[3.442s] -- Added test 'cpplint' to check C / C++ code against the Google style
[3.443s] -- Configured cpplint exclude dirs and/or files: 
[3.443s] -- Added test 'flake8' to check Python code syntax and style conventions
[3.443s] -- Added test 'lint_cmake' to check CMake code style
[3.443s] -- Added test 'pep257' to check Python code against some of the docstring style conventions in PEP 257
[3.447s] -- Added test 'uncrustify' to check C / C++ code style
[3.447s] -- Configured uncrustify additional arguments: 
[3.447s] -- Added test 'xmllint' to check XML markup files
[3.449s] -- Configuring done
[3.481s] -- Generating done
[3.492s] -- Build files have been written to: /home/yangxuan/agt_navigation_runtime/build/bunker_base
[3.519s] Invoked command in '/home/yangxuan/agt_navigation_runtime/build/bunker_base' returned '0': AMENT_PREFIX_PATH=/home/yangxuan/agt_navigation_runtime/install/ugv_sdk:/home/yangxuan/agt_navigation_runtime/install/bunker_msgs:${AMENT_PREFIX_PATH} CMAKE_PREFIX_PATH=/home/yangxuan/agt_navigation_runtime/install/ugv_sdk:/home/yangxuan/agt_navigation_runtime/install/bunker_msgs:/opt/ros/humble LD_LIBRARY_PATH=/home/yangxuan/agt_navigation_runtime/install/ugv_sdk/lib:/home/yangxuan/agt_navigation_runtime/install/bunker_msgs/lib:/usr/lib/x86_64-linux-gnu/gazebo-11/plugins:/opt/ros/humble/opt/rviz_ogre_vendor/lib:/opt/ros/humble/lib/x86_64-linux-gnu:/opt/ros/humble/opt/ortools_vendor/lib:/opt/ros/humble/opt/openvdb_vendor/lib:/opt/ros/humble/lib PYTHONPATH=/home/yangxuan/agt_navigation_runtime/install/bunker_msgs/local/lib/python3.10/dist-packages:${PYTHONPATH} /usr/bin/cmake /home/yangxuan/agt_navigation_runtime/third_party/bunker_ros2/bunker_base -DAMENT_CMAKE_SYMLINK_INSTALL=1 -DCMAKE_INSTALL_PREFIX=/home/yangxuan/agt_navigation_runtime/install/bunker_base
[3.523s] Invoking command in '/home/yangxuan/agt_navigation_runtime/build/bunker_base': AMENT_PREFIX_PATH=/home/yangxuan/agt_navigation_runtime/install/ugv_sdk:/home/yangxuan/agt_navigation_runtime/install/bunker_msgs:${AMENT_PREFIX_PATH} CMAKE_PREFIX_PATH=/home/yangxuan/agt_navigation_runtime/install/ugv_sdk:/home/yangxuan/agt_navigation_runtime/install/bunker_msgs:/opt/ros/humble LD_LIBRARY_PATH=/home/yangxuan/agt_navigation_runtime/install/ugv_sdk/lib:/home/yangxuan/agt_navigation_runtime/install/bunker_msgs/lib:/usr/lib/x86_64-linux-gnu/gazebo-11/plugins:/opt/ros/humble/opt/rviz_ogre_vendor/lib:/opt/ros/humble/lib/x86_64-linux-gnu:/opt/ros/humble/opt/ortools_vendor/lib:/opt/ros/humble/opt/openvdb_vendor/lib:/opt/ros/humble/lib PYTHONPATH=/home/yangxuan/agt_navigation_runtime/install/bunker_msgs/local/lib/python3.10/dist-packages:${PYTHONPATH} /usr/bin/cmake --build /home/yangxuan/agt_navigation_runtime/build/bunker_base -- -j32 -l32
[3.631s] [ 33%] [32mBuilding CXX object CMakeFiles/bunker_base_node.dir/src/bunker_base_ros.cpp.o[0m
[3.631s] [ 66%] [32mBuilding CXX object CMakeFiles/bunker_base_node.dir/src/bunker_base_node.cpp.o[0m
[24.104s] [100%] [32m[1mLinking CXX executable bunker_base_node[0m
[25.329s] [100%] Built target bunker_base_node
[25.360s] Invoked command in '/home/yangxuan/agt_navigation_runtime/build/bunker_base' returned '0': AMENT_PREFIX_PATH=/home/yangxuan/agt_navigation_runtime/install/ugv_sdk:/home/yangxuan/agt_navigation_runtime/install/bunker_msgs:${AMENT_PREFIX_PATH} CMAKE_PREFIX_PATH=/home/yangxuan/agt_navigation_runtime/install/ugv_sdk:/home/yangxuan/agt_navigation_runtime/install/bunker_msgs:/opt/ros/humble LD_LIBRARY_PATH=/home/yangxuan/agt_navigation_runtime/install/ugv_sdk/lib:/home/yangxuan/agt_navigation_runtime/install/bunker_msgs/lib:/usr/lib/x86_64-linux-gnu/gazebo-11/plugins:/opt/ros/humble/opt/rviz_ogre_vendor/lib:/opt/ros/humble/lib/x86_64-linux-gnu:/opt/ros/humble/opt/ortools_vendor/lib:/opt/ros/humble/opt/openvdb_vendor/lib:/opt/ros/humble/lib PYTHONPATH=/home/yangxuan/agt_navigation_runtime/install/bunker_msgs/local/lib/python3.10/dist-packages:${PYTHONPATH} /usr/bin/cmake --build /home/yangxuan/agt_navigation_runtime/build/bunker_base -- -j32 -l32
[25.383s] Invoking command in '/home/yangxuan/agt_navigation_runtime/build/bunker_base': AMENT_PREFIX_PATH=/home/yangxuan/agt_navigation_runtime/install/ugv_sdk:/home/yangxuan/agt_navigation_runtime/install/bunker_msgs:${AMENT_PREFIX_PATH} CMAKE_PREFIX_PATH=/home/yangxuan/agt_navigation_runtime/install/ugv_sdk:/home/yangxuan/agt_navigation_runtime/install/bunker_msgs:/opt/ros/humble LD_LIBRARY_PATH=/home/yangxuan/agt_navigation_runtime/install/ugv_sdk/lib:/home/yangxuan/agt_navigation_runtime/install/bunker_msgs/lib:/usr/lib/x86_64-linux-gnu/gazebo-11/plugins:/opt/ros/humble/opt/rviz_ogre_vendor/lib:/opt/ros/humble/lib/x86_64-linux-gnu:/opt/ros/humble/opt/ortools_vendor/lib:/opt/ros/humble/opt/openvdb_vendor/lib:/opt/ros/humble/lib PYTHONPATH=/home/yangxuan/agt_navigation_runtime/install/bunker_msgs/local/lib/python3.10/dist-packages:${PYTHONPATH} /usr/bin/cmake --install /home/yangxuan/agt_navigation_runtime/build/bunker_base
[25.412s] -- Install configuration: ""
[25.412s] -- Execute custom install script
[25.412s] -- Symlinking: /home/yangxuan/agt_navigation_runtime/install/bunker_base/lib/bunker_base/bunker_base_node
[25.444s] -- Symlinking: /home/yangxuan/agt_navigation_runtime/install/bunker_base/share/bunker_base//launch/bunker_base.launch.py
[25.470s] -- Symlinking: /home/yangxuan/agt_navigation_runtime/install/bunker_base/share/ament_index/resource_index/package_run_dependencies/bunker_base
[25.495s] -- Symlinking: /home/yangxuan/agt_navigation_runtime/install/bunker_base/share/ament_index/resource_index/parent_prefix_path/bunker_base
[25.526s] -- Symlinking: /home/yangxuan/agt_navigation_runtime/install/bunker_base/share/bunker_base/environment/ament_prefix_path.sh
[25.560s] -- Symlinking: /home/yangxuan/agt_navigation_runtime/install/bunker_base/share/bunker_base/environment/ament_prefix_path.dsv
[25.579s] -- Symlinking: /home/yangxuan/agt_navigation_runtime/install/bunker_base/share/bunker_base/environment/path.sh
[25.595s] -- Symlinking: /home/yangxuan/agt_navigation_runtime/install/bunker_base/share/bunker_base/environment/path.dsv
[25.617s] -- Symlinking: /home/yangxuan/agt_navigation_runtime/install/bunker_base/share/bunker_base/local_setup.bash
[25.635s] -- Symlinking: /home/yangxuan/agt_navigation_runtime/install/bunker_base/share/bunker_base/local_setup.sh
[25.659s] -- Symlinking: /home/yangxuan/agt_navigation_runtime/install/bunker_base/share/bunker_base/local_setup.zsh
[25.681s] -- Symlinking: /home/yangxuan/agt_navigation_runtime/install/bunker_base/share/bunker_base/local_setup.dsv
[25.704s] -- Symlinking: /home/yangxuan/agt_navigation_runtime/install/bunker_base/share/bunker_base/package.dsv
[25.733s] -- Symlinking: /home/yangxuan/agt_navigation_runtime/install/bunker_base/share/ament_index/resource_index/packages/bunker_base
[25.775s] -- Symlinking: /home/yangxuan/agt_navigation_runtime/install/bunker_base/share/bunker_base/cmake/bunker_baseConfig.cmake
[25.813s] -- Symlinking: /home/yangxuan/agt_navigation_runtime/install/bunker_base/share/bunker_base/cmake/bunker_baseConfig-version.cmake
[25.851s] -- Symlinking: /home/yangxuan/agt_navigation_runtime/install/bunker_base/share/bunker_base/package.xml
[25.897s] Invoked command in '/home/yangxuan/agt_navigation_runtime/build/bunker_base' returned '0': AMENT_PREFIX_PATH=/home/yangxuan/agt_navigation_runtime/install/ugv_sdk:/home/yangxuan/agt_navigation_runtime/install/bunker_msgs:${AMENT_PREFIX_PATH} CMAKE_PREFIX_PATH=/home/yangxuan/agt_navigation_runtime/install/ugv_sdk:/home/yangxuan/agt_navigation_runtime/install/bunker_msgs:/opt/ros/humble LD_LIBRARY_PATH=/home/yangxuan/agt_navigation_runtime/install/ugv_sdk/lib:/home/yangxuan/agt_navigation_runtime/install/bunker_msgs/lib:/usr/lib/x86_64-linux-gnu/gazebo-11/plugins:/opt/ros/humble/opt/rviz_ogre_vendor/lib:/opt/ros/humble/lib/x86_64-linux-gnu:/opt/ros/humble/opt/ortools_vendor/lib:/opt/ros/humble/opt/openvdb_vendor/lib:/opt/ros/humble/lib PYTHONPATH=/home/yangxuan/agt_navigation_runtime/install/bunker_msgs/local/lib/python3.10/dist-packages:${PYTHONPATH} /usr/bin/cmake --install /home/yangxuan/agt_navigation_runtime/build/bunker_base
