[0.022s] Invoking command in '/home/yangxuan/agt_navigation_runtime/build/agt_chassis': AMENT_PREFIX_PATH=/home/yangxuan/agt_navigation_runtime/install/bunker_base:/home/yangxuan/agt_navigation_runtime/install/agt_safety:/home/yangxuan/agt_navigation_runtime/install/ugv_sdk:/home/yangxuan/agt_navigation_runtime/install/bunker_msgs:/home/yangxuan/agt_navigation_runtime/install/agt_interfaces:${AMENT_PREFIX_PATH} CMAKE_PREFIX_PATH=/home/yangxuan/agt_navigation_runtime/install/bunker_base:/home/yangxuan/agt_navigation_runtime/install/agt_safety:/home/yangxuan/agt_navigation_runtime/install/ugv_sdk:/home/yangxuan/agt_navigation_runtime/install/bunker_msgs:/home/yangxuan/agt_navigation_runtime/install/agt_interfaces:/opt/ros/humble LD_LIBRARY_PATH=/home/yangxuan/agt_navigation_runtime/install/ugv_sdk/lib:/home/yangxuan/agt_navigation_runtime/install/bunker_msgs/lib:/home/yangxuan/agt_navigation_runtime/install/agt_interfaces/lib:/usr/lib/x86_64-linux-gnu/gazebo-11/plugins:/opt/ros/humble/opt/rviz_ogre_vendor/lib:/opt/ros/humble/lib/x86_64-linux-gnu:/opt/ros/humble/opt/ortools_vendor/lib:/opt/ros/humble/opt/openvdb_vendor/lib:/opt/ros/humble/lib PYTHONPATH=/home/yangxuan/agt_navigation_runtime/install/bunker_msgs/local/lib/python3.10/dist-packages:/home/yangxuan/agt_navigation_runtime/install/agt_interfaces/local/lib/python3.10/dist-packages:${PYTHONPATH} /usr/bin/cmake /home/yangxuan/agt_navigation_runtime/src/agt_chassis -DAMENT_CMAKE_SYMLINK_INSTALL=1 -DCMAKE_INSTALL_PREFIX=/home/yangxuan/agt_navigation_runtime/install/agt_chassis
[0.109s] -- The C compiler identification is GNU 11.4.0
[0.196s] -- The CXX compiler identification is GNU 11.4.0
[0.207s] -- Detecting C compiler ABI info
[0.305s] -- Detecting C compiler ABI info - done
[0.319s] -- Check for working C compiler: /usr/bin/cc - skipped
[0.320s] -- Detecting C compile features
[0.320s] -- Detecting C compile features - done
[0.326s] -- Detecting CXX compiler ABI info
[0.430s] -- Detecting CXX compiler ABI info - done
[0.444s] -- Check for working CXX compiler: /usr/bin/c++ - skipped
[0.445s] -- Detecting CXX compile features
[0.446s] -- Detecting CXX compile features - done
[0.452s] -- Found ament_cmake: 1.3.14 (/opt/ros/humble/share/ament_cmake/cmake)
[0.666s] -- Found Python3: /usr/bin/python3 (found version "3.10.12") found components: Interpreter 
[0.768s] -- Override CMake install command with custom implementation using symlinks instead of copying resources
[0.956s] -- Configuring done
[0.959s] -- Generating done
[0.962s] -- Build files have been written to: /home/yangxuan/agt_navigation_runtime/build/agt_chassis
[0.969s] Invoked command in '/home/yangxuan/agt_navigation_runtime/build/agt_chassis' returned '0': AMENT_PREFIX_PATH=/home/yangxuan/agt_navigation_runtime/install/bunker_base:/home/yangxuan/agt_navigation_runtime/install/agt_safety:/home/yangxuan/agt_navigation_runtime/install/ugv_sdk:/home/yangxuan/agt_navigation_runtime/install/bunker_msgs:/home/yangxuan/agt_navigation_runtime/install/agt_interfaces:${AMENT_PREFIX_PATH} CMAKE_PREFIX_PATH=/home/yangxuan/agt_navigation_runtime/install/bunker_base:/home/yangxuan/agt_navigation_runtime/install/agt_safety:/home/yangxuan/agt_navigation_runtime/install/ugv_sdk:/home/yangxuan/agt_navigation_runtime/install/bunker_msgs:/home/yangxuan/agt_navigation_runtime/install/agt_interfaces:/opt/ros/humble LD_LIBRARY_PATH=/home/yangxuan/agt_navigation_runtime/install/ugv_sdk/lib:/home/yangxuan/agt_navigation_runtime/install/bunker_msgs/lib:/home/yangxuan/agt_navigation_runtime/install/agt_interfaces/lib:/usr/lib/x86_64-linux-gnu/gazebo-11/plugins:/opt/ros/humble/opt/rviz_ogre_vendor/lib:/opt/ros/humble/lib/x86_64-linux-gnu:/opt/ros/humble/opt/ortools_vendor/lib:/opt/ros/humble/opt/openvdb_vendor/lib:/opt/ros/humble/lib PYTHONPATH=/home/yangxuan/agt_navigation_runtime/install/bunker_msgs/local/lib/python3.10/dist-packages:/home/yangxuan/agt_navigation_runtime/install/agt_interfaces/local/lib/python3.10/dist-packages:${PYTHONPATH} /usr/bin/cmake /home/yangxuan/agt_navigation_runtime/src/agt_chassis -DAMENT_CMAKE_SYMLINK_INSTALL=1 -DCMAKE_INSTALL_PREFIX=/home/yangxuan/agt_navigation_runtime/install/agt_chassis
[0.971s] Invoking command in '/home/yangxuan/agt_navigation_runtime/build/agt_chassis': AMENT_PREFIX_PATH=/home/yangxuan/agt_navigation_runtime/install/bunker_base:/home/yangxuan/agt_navigation_runtime/install/agt_safety:/home/yangxuan/agt_navigation_runtime/install/ugv_sdk:/home/yangxuan/agt_navigation_runtime/install/bunker_msgs:/home/yangxuan/agt_navigation_runtime/install/agt_interfaces:${AMENT_PREFIX_PATH} CMAKE_PREFIX_PATH=/home/yangxuan/agt_navigation_runtime/install/bunker_base:/home/yangxuan/agt_navigation_runtime/install/agt_safety:/home/yangxuan/agt_navigation_runtime/install/ugv_sdk:/home/yangxuan/agt_navigation_runtime/install/bunker_msgs:/home/yangxuan/agt_navigation_runtime/install/agt_interfaces:/opt/ros/humble LD_LIBRARY_PATH=/home/yangxuan/agt_navigation_runtime/install/ugv_sdk/lib:/home/yangxuan/agt_navigation_runtime/install/bunker_msgs/lib:/home/yangxuan/agt_navigation_runtime/install/agt_interfaces/lib:/usr/lib/x86_64-linux-gnu/gazebo-11/plugins:/opt/ros/humble/opt/rviz_ogre_vendor/lib:/opt/ros/humble/lib/x86_64-linux-gnu:/opt/ros/humble/opt/ortools_vendor/lib:/opt/ros/humble/opt/openvdb_vendor/lib:/opt/ros/humble/lib PYTHONPATH=/home/yangxuan/agt_navigation_runtime/install/bunker_msgs/local/lib/python3.10/dist-packages:/home/yangxuan/agt_navigation_runtime/install/agt_interfaces/local/lib/python3.10/dist-packages:${PYTHONPATH} /usr/bin/cmake --build /home/yangxuan/agt_navigation_runtime/build/agt_chassis -- -j32 -l32
[1.022s] Invoked command in '/home/yangxuan/agt_navigation_runtime/build/agt_chassis' returned '0': AMENT_PREFIX_PATH=/home/yangxuan/agt_navigation_runtime/install/bunker_base:/home/yangxuan/agt_navigation_runtime/install/agt_safety:/home/yangxuan/agt_navigation_runtime/install/ugv_sdk:/home/yangxuan/agt_navigation_runtime/install/bunker_msgs:/home/yangxuan/agt_navigation_runtime/install/agt_interfaces:${AMENT_PREFIX_PATH} CMAKE_PREFIX_PATH=/home/yangxuan/agt_navigation_runtime/install/bunker_base:/home/yangxuan/agt_navigation_runtime/install/agt_safety:/home/yangxuan/agt_navigation_runtime/install/ugv_sdk:/home/yangxuan/agt_navigation_runtime/install/bunker_msgs:/home/yangxuan/agt_navigation_runtime/install/agt_interfaces:/opt/ros/humble LD_LIBRARY_PATH=/home/yangxuan/agt_navigation_runtime/install/ugv_sdk/lib:/home/yangxuan/agt_navigation_runtime/install/bunker_msgs/lib:/home/yangxuan/agt_navigation_runtime/install/agt_interfaces/lib:/usr/lib/x86_64-linux-gnu/gazebo-11/plugins:/opt/ros/humble/opt/rviz_ogre_vendor/lib:/opt/ros/humble/lib/x86_64-linux-gnu:/opt/ros/humble/opt/ortools_vendor/lib:/opt/ros/humble/opt/openvdb_vendor/lib:/opt/ros/humble/lib PYTHONPATH=/home/yangxuan/agt_navigation_runtime/install/bunker_msgs/local/lib/python3.10/dist-packages:/home/yangxuan/agt_navigation_runtime/install/agt_interfaces/local/lib/python3.10/dist-packages:${PYTHONPATH} /usr/bin/cmake --build /home/yangxuan/agt_navigation_runtime/build/agt_chassis -- -j32 -l32
[1.024s] Invoking command in '/home/yangxuan/agt_navigation_runtime/build/agt_chassis': AMENT_PREFIX_PATH=/home/yangxuan/agt_navigation_runtime/install/bunker_base:/home/yangxuan/agt_navigation_runtime/install/agt_safety:/home/yangxuan/agt_navigation_runtime/install/ugv_sdk:/home/yangxuan/agt_navigation_runtime/install/bunker_msgs:/home/yangxuan/agt_navigation_runtime/install/agt_interfaces:${AMENT_PREFIX_PATH} CMAKE_PREFIX_PATH=/home/yangxuan/agt_navigation_runtime/install/bunker_base:/home/yangxuan/agt_navigation_runtime/install/agt_safety:/home/yangxuan/agt_navigation_runtime/install/ugv_sdk:/home/yangxuan/agt_navigation_runtime/install/bunker_msgs:/home/yangxuan/agt_navigation_runtime/install/agt_interfaces:/opt/ros/humble LD_LIBRARY_PATH=/home/yangxuan/agt_navigation_runtime/install/ugv_sdk/lib:/home/yangxuan/agt_navigation_runtime/install/bunker_msgs/lib:/home/yangxuan/agt_navigation_runtime/install/agt_interfaces/lib:/usr/lib/x86_64-linux-gnu/gazebo-11/plugins:/opt/ros/humble/opt/rviz_ogre_vendor/lib:/opt/ros/humble/lib/x86_64-linux-gnu:/opt/ros/humble/opt/ortools_vendor/lib:/opt/ros/humble/opt/openvdb_vendor/lib:/opt/ros/humble/lib PYTHONPATH=/home/yangxuan/agt_navigation_runtime/install/bunker_msgs/local/lib/python3.10/dist-packages:/home/yangxuan/agt_navigation_runtime/install/agt_interfaces/local/lib/python3.10/dist-packages:${PYTHONPATH} /usr/bin/cmake --install /home/yangxuan/agt_navigation_runtime/build/agt_chassis
[1.036s] -- Install configuration: ""
[1.037s] -- Execute custom install script
[1.037s] -- Symlinking: /home/yangxuan/agt_navigation_runtime/install/agt_chassis/lib/agt_chassis/chassis_command_guard.py
[1.054s] -- Symlinking: /home/yangxuan/agt_navigation_runtime/install/agt_chassis/lib/agt_chassis/bunker_status_bridge.py
[1.070s] -- Symlinking: /home/yangxuan/agt_navigation_runtime/install/agt_chassis/share/agt_chassis/launch/bunker.launch.py
[1.085s] -- Symlinking: /home/yangxuan/agt_navigation_runtime/install/agt_chassis/share/agt_chassis/config/bunker.yaml
[1.099s] -- Symlinking: /home/yangxuan/agt_navigation_runtime/install/agt_chassis/share/ament_index/resource_index/package_run_dependencies/agt_chassis
[1.114s] -- Symlinking: /home/yangxuan/agt_navigation_runtime/install/agt_chassis/share/ament_index/resource_index/parent_prefix_path/agt_chassis
[1.129s] -- Symlinking: /home/yangxuan/agt_navigation_runtime/install/agt_chassis/share/agt_chassis/environment/ament_prefix_path.sh
[1.140s] -- Symlinking: /home/yangxuan/agt_navigation_runtime/install/agt_chassis/share/agt_chassis/environment/ament_prefix_path.dsv
[1.155s] -- Symlinking: /home/yangxuan/agt_navigation_runtime/install/agt_chassis/share/agt_chassis/environment/path.sh
[1.165s] -- Symlinking: /home/yangxuan/agt_navigation_runtime/install/agt_chassis/share/agt_chassis/environment/path.dsv
[1.175s] -- Symlinking: /home/yangxuan/agt_navigation_runtime/install/agt_chassis/share/agt_chassis/local_setup.bash
[1.189s] -- Symlinking: /home/yangxuan/agt_navigation_runtime/install/agt_chassis/share/agt_chassis/local_setup.sh
[1.203s] -- Symlinking: /home/yangxuan/agt_navigation_runtime/install/agt_chassis/share/agt_chassis/local_setup.zsh
[1.218s] -- Symlinking: /home/yangxuan/agt_navigation_runtime/install/agt_chassis/share/agt_chassis/local_setup.dsv
[1.227s] -- Symlinking: /home/yangxuan/agt_navigation_runtime/install/agt_chassis/share/agt_chassis/package.dsv
[1.242s] -- Symlinking: /home/yangxuan/agt_navigation_runtime/install/agt_chassis/share/ament_index/resource_index/packages/agt_chassis
[1.254s] -- Symlinking: /home/yangxuan/agt_navigation_runtime/install/agt_chassis/share/agt_chassis/cmake/agt_chassisConfig.cmake
[1.268s] -- Symlinking: /home/yangxuan/agt_navigation_runtime/install/agt_chassis/share/agt_chassis/cmake/agt_chassisConfig-version.cmake
[1.283s] -- Symlinking: /home/yangxuan/agt_navigation_runtime/install/agt_chassis/share/agt_chassis/package.xml
[1.301s] Invoked command in '/home/yangxuan/agt_navigation_runtime/build/agt_chassis' returned '0': AMENT_PREFIX_PATH=/home/yangxuan/agt_navigation_runtime/install/bunker_base:/home/yangxuan/agt_navigation_runtime/install/agt_safety:/home/yangxuan/agt_navigation_runtime/install/ugv_sdk:/home/yangxuan/agt_navigation_runtime/install/bunker_msgs:/home/yangxuan/agt_navigation_runtime/install/agt_interfaces:${AMENT_PREFIX_PATH} CMAKE_PREFIX_PATH=/home/yangxuan/agt_navigation_runtime/install/bunker_base:/home/yangxuan/agt_navigation_runtime/install/agt_safety:/home/yangxuan/agt_navigation_runtime/install/ugv_sdk:/home/yangxuan/agt_navigation_runtime/install/bunker_msgs:/home/yangxuan/agt_navigation_runtime/install/agt_interfaces:/opt/ros/humble LD_LIBRARY_PATH=/home/yangxuan/agt_navigation_runtime/install/ugv_sdk/lib:/home/yangxuan/agt_navigation_runtime/install/bunker_msgs/lib:/home/yangxuan/agt_navigation_runtime/install/agt_interfaces/lib:/usr/lib/x86_64-linux-gnu/gazebo-11/plugins:/opt/ros/humble/opt/rviz_ogre_vendor/lib:/opt/ros/humble/lib/x86_64-linux-gnu:/opt/ros/humble/opt/ortools_vendor/lib:/opt/ros/humble/opt/openvdb_vendor/lib:/opt/ros/humble/lib PYTHONPATH=/home/yangxuan/agt_navigation_runtime/install/bunker_msgs/local/lib/python3.10/dist-packages:/home/yangxuan/agt_navigation_runtime/install/agt_interfaces/local/lib/python3.10/dist-packages:${PYTHONPATH} /usr/bin/cmake --install /home/yangxuan/agt_navigation_runtime/build/agt_chassis
