-- The C compiler identification is GNU 11.4.0
-- The CXX compiler identification is GNU 11.4.0
-- Detecting C compiler ABI info
-- Detecting C compiler ABI info - done
-- Check for working C compiler: /usr/bin/cc - skipped
-- Detecting C compile features
-- Detecting C compile features - done
-- Detecting CXX compiler ABI info
-- Detecting CXX compiler ABI info - done
-- Check for working CXX compiler: /usr/bin/c++ - skipped
-- Detecting CXX compile features
-- Detecting CXX compile features - done
-- Found ament_cmake: 1.3.14 (/opt/ros/humble/share/ament_cmake/cmake)
-- Found Python3: /usr/bin/python3 (found version "3.10.12") found components: Interpreter 
-- Override CMake install command with custom implementation using symlinks instead of copying resources
-- Found ament_index_cpp: 1.4.1 (/opt/ros/humble/share/ament_index_cpp/cmake)
-- Found agt_interfaces: 0.1.0 (/home/yangxuan/agt_navigation_runtime/install/agt_interfaces/share/agt_interfaces/cmake)
-- Found rosidl_generator_c: 3.1.8 (/opt/ros/humble/share/rosidl_generator_c/cmake)
-- Found rosidl_adapter: 3.1.8 (/opt/ros/humble/share/rosidl_adapter/cmake)
-- Found rosidl_generator_cpp: 3.1.8 (/opt/ros/humble/share/rosidl_generator_cpp/cmake)
-- Using all available rosidl_typesupport_c: rosidl_typesupport_fastrtps_c;rosidl_typesupport_introspection_c
-- Using all available rosidl_typesupport_cpp: rosidl_typesupport_fastrtps_cpp;rosidl_typesupport_introspection_cpp
-- Found behaviortree_cpp: 4.9.0 (/opt/ros/humble/share/behaviortree_cpp/cmake)
-- Found rclcpp: 16.0.19 (/opt/ros/humble/share/rclcpp/cmake)
-- Found rmw_implementation_cmake: 6.1.2 (/opt/ros/humble/share/rmw_implementation_cmake/cmake)
-- Found rmw_fastrtps_cpp: 6.2.10 (/opt/ros/humble/share/rmw_fastrtps_cpp/cmake)
-- Found OpenSSL: /usr/lib/x86_64-linux-gnu/libcrypto.so (found version "3.0.2")  
-- Found FastRTPS: /opt/ros/humble/include  
-- Using RMW implementation 'rmw_fastrtps_cpp' as default
-- Looking for pthread.h
-- Looking for pthread.h - found
-- Performing Test CMAKE_HAVE_LIBC_PTHREAD
-- Performing Test CMAKE_HAVE_LIBC_PTHREAD - Success
-- Found Threads: TRUE  
-- Found rclcpp_action: 16.0.19 (/opt/ros/humble/share/rclcpp_action/cmake)
-- Found ament_cmake_gtest: 1.3.14 (/opt/ros/humble/share/ament_cmake_gtest/cmake)
-- Found ament_cmake_pytest: 1.3.14 (/opt/ros/humble/share/ament_cmake_pytest/cmake)
-- Found gtest sources under '/opt/ros/humble/src/gtest_vendor': C++ tests using 'Google Test' will be built
-- Configuring done
-- Generating done
-- Build files have been written to: /home/yangxuan/agt_navigation_runtime/build/agt_bt_executor
[  4%] [32mBuilding CXX object CMakeFiles/agt_bt_executor.dir/src/execute_waypoint_task_action.cpp.o[0m
[  8%] [32mBuilding CXX object CMakeFiles/agt_bt_executor.dir/src/is_task_ready.cpp.o[0m
[ 16%] [32mBuilding CXX object gtest/CMakeFiles/gtest_main.dir/src/gtest_main.cc.o[0m
[ 16%] [32mBuilding CXX object CMakeFiles/agt_bt_executor.dir/src/bt_factory.cpp.o[0m
[ 20%] [32mBuilding CXX object CMakeFiles/agt_bt_executor.dir/src/relocalize_action.cpp.o[0m
[ 24%] [32mBuilding CXX object gtest/CMakeFiles/gtest.dir/src/gtest-all.cc.o[0m
[ 28%] [32m[1mLinking CXX static library libgtest_main.a[0m
[ 28%] Built target gtest_main
[ 32%] [32m[1mLinking CXX static library libgtest.a[0m
[ 32%] Built target gtest
[ 36%] [32m[1mLinking CXX shared library libagt_bt_executor.so[0m
[ 36%] Built target agt_bt_executor
[ 40%] [32mBuilding CXX object CMakeFiles/test_v25_06_waypoint_mission.dir/test/test_v25_06_waypoint_mission.cpp.o[0m
[ 44%] [32mBuilding CXX object CMakeFiles/bt_executor_node.dir/src/bt_executor_node.cpp.o[0m
[ 48%] [32mBuilding CXX object CMakeFiles/test_is_task_ready_cpp.dir/test/test_is_task_ready.cpp.o[0m
[ 52%] [32mBuilding CXX object CMakeFiles/bt_smoke_runner.dir/src/bt_smoke_runner.cpp.o[0m
[ 56%] [32mBuilding CXX object CMakeFiles/test_execute_waypoint_action_cpp.dir/test/test_execute_waypoint_action.cpp.o[0m
[ 60%] [32mBuilding CXX object CMakeFiles/test_bt_factory.dir/test/test_bt_factory.cpp.o[0m
[ 64%] [32mBuilding CXX object CMakeFiles/test_bt_executor_node.dir/test/test_bt_executor_node.cpp.o[0m
[ 68%] [32mBuilding CXX object CMakeFiles/test_relocalize_action_cpp.dir/test/test_relocalize_action.cpp.o[0m
[ 72%] [32m[1mLinking CXX executable test_bt_executor_node[0m
[ 72%] Built target test_bt_executor_node
[ 76%] [32m[1mLinking CXX executable bt_smoke_runner[0m
[ 76%] Built target bt_smoke_runner
[ 80%] [32m[1mLinking CXX executable test_relocalize_action_cpp[0m
[ 84%] [32m[1mLinking CXX executable test_v25_06_waypoint_mission[0m
[ 84%] Built target test_v25_06_waypoint_mission
[ 88%] [32m[1mLinking CXX executable test_bt_factory[0m
[ 88%] Built target test_relocalize_action_cpp
[ 88%] Built target test_bt_factory
[ 92%] [32m[1mLinking CXX executable bt_executor_node[0m
[ 96%] [32m[1mLinking CXX executable test_is_task_ready_cpp[0m
[ 96%] Built target bt_executor_node
[ 96%] Built target test_is_task_ready_cpp
[100%] [32m[1mLinking CXX executable test_execute_waypoint_action_cpp[0m
[100%] Built target test_execute_waypoint_action_cpp
-- Install configuration: ""
-- Execute custom install script
-- Symlinking: /home/yangxuan/agt_navigation_runtime/install/agt_bt_executor/lib/libagt_bt_executor.so
-- Symlinking: /home/yangxuan/agt_navigation_runtime/install/agt_bt_executor/lib/agt_bt_executor/bt_smoke_runner
-- Symlinking: /home/yangxuan/agt_navigation_runtime/install/agt_bt_executor/lib/agt_bt_executor/bt_executor_node
-- Symlinking: /home/yangxuan/agt_navigation_runtime/install/agt_bt_executor/include/agt_bt_executor/bt_executor_node.hpp
-- Symlinking: /home/yangxuan/agt_navigation_runtime/install/agt_bt_executor/include/agt_bt_executor/bt_factory.hpp
-- Symlinking: /home/yangxuan/agt_navigation_runtime/install/agt_bt_executor/include/agt_bt_executor/execute_waypoint_task_action.hpp
-- Symlinking: /home/yangxuan/agt_navigation_runtime/install/agt_bt_executor/include/agt_bt_executor/is_task_ready.hpp
-- Symlinking: /home/yangxuan/agt_navigation_runtime/install/agt_bt_executor/include/agt_bt_executor/relocalize_action.hpp
-- Symlinking: /home/yangxuan/agt_navigation_runtime/install/agt_bt_executor/include/agt_bt_executor/ros_action_node.hpp
-- Symlinking: /home/yangxuan/agt_navigation_runtime/install/agt_bt_executor/share/agt_bt_executor/behavior_trees/agt_bt_node_models.xml
-- Symlinking: /home/yangxuan/agt_navigation_runtime/install/agt_bt_executor/share/agt_bt_executor/behavior_trees/v25_05_smoke.xml
-- Symlinking: /home/yangxuan/agt_navigation_runtime/install/agt_bt_executor/share/agt_bt_executor/behavior_trees/v25_06_waypoint_mission.xml
-- Symlinking: /home/yangxuan/agt_navigation_runtime/install/agt_bt_executor/share/agt_bt_executor/config/bt_executor.yaml
-- Symlinking: /home/yangxuan/agt_navigation_runtime/install/agt_bt_executor/share/agt_bt_executor/launch/bt_smoke.launch.py
-- Symlinking: /home/yangxuan/agt_navigation_runtime/install/agt_bt_executor/share/ament_index/resource_index/package_run_dependencies/agt_bt_executor
-- Symlinking: /home/yangxuan/agt_navigation_runtime/install/agt_bt_executor/share/ament_index/resource_index/parent_prefix_path/agt_bt_executor
-- Symlinking: /home/yangxuan/agt_navigation_runtime/install/agt_bt_executor/share/agt_bt_executor/environment/ament_prefix_path.sh
-- Symlinking: /home/yangxuan/agt_navigation_runtime/install/agt_bt_executor/share/agt_bt_executor/environment/ament_prefix_path.dsv
-- Symlinking: /home/yangxuan/agt_navigation_runtime/install/agt_bt_executor/share/agt_bt_executor/environment/path.sh
-- Symlinking: /home/yangxuan/agt_navigation_runtime/install/agt_bt_executor/share/agt_bt_executor/environment/path.dsv
-- Symlinking: /home/yangxuan/agt_navigation_runtime/install/agt_bt_executor/share/agt_bt_executor/local_setup.bash
-- Symlinking: /home/yangxuan/agt_navigation_runtime/install/agt_bt_executor/share/agt_bt_executor/local_setup.sh
-- Symlinking: /home/yangxuan/agt_navigation_runtime/install/agt_bt_executor/share/agt_bt_executor/local_setup.zsh
-- Symlinking: /home/yangxuan/agt_navigation_runtime/install/agt_bt_executor/share/agt_bt_executor/local_setup.dsv
-- Symlinking: /home/yangxuan/agt_navigation_runtime/install/agt_bt_executor/share/agt_bt_executor/package.dsv
-- Symlinking: /home/yangxuan/agt_navigation_runtime/install/agt_bt_executor/share/ament_index/resource_index/packages/agt_bt_executor
-- Symlinking: /home/yangxuan/agt_navigation_runtime/install/agt_bt_executor/share/agt_bt_executor/cmake/agt_bt_executorConfig.cmake
-- Symlinking: /home/yangxuan/agt_navigation_runtime/install/agt_bt_executor/share/agt_bt_executor/cmake/agt_bt_executorConfig-version.cmake
-- Symlinking: /home/yangxuan/agt_navigation_runtime/install/agt_bt_executor/share/agt_bt_executor/package.xml
