-- The C compiler identification is GNU 11.4.0
-- The CXX compiler identification is GNU 11.4.0
-- Detecting C compiler ABI info
-- Detecting C compiler ABI info - done
-- Check for working C compiler: /usr/bin/cc - skipped
-- Detecting C compile features
-- Detecting C compile features - done
-- Detecting CXX compiler ABI info
-- Detecting CXX compiler ABI info - done
-- Check for working CXX compiler: /usr/bin/c++ - skipped
-- Detecting CXX compile features
-- Detecting CXX compile features - done
-- Found ament_cmake: 1.3.14 (/opt/ros/humble/share/ament_cmake/cmake)
-- Found Python3: /usr/bin/python3 (found version "3.10.12") found components: Interpreter 
-- Override CMake install command with custom implementation using symlinks instead of copying resources
-- Found ament_cmake_pytest: 1.3.14 (/opt/ros/humble/share/ament_cmake_pytest/cmake)
-- Configuring done
-- Generating done
-- Build files have been written to: /home/yangxuan/agt_navigation_runtime/build/agt_mission_manager
Built target ament_cmake_python_symlink_agt_mission_manager
running egg_info
creating agt_mission_manager.egg-info
writing agt_mission_manager.egg-info/PKG-INFO
writing dependency_links to agt_mission_manager.egg-info/dependency_links.txt
writing top-level names to agt_mission_manager.egg-info/top_level.txt
writing manifest file 'agt_mission_manager.egg-info/SOURCES.txt'
reading manifest file 'agt_mission_manager.egg-info/SOURCES.txt'
writing manifest file 'agt_mission_manager.egg-info/SOURCES.txt'
Built target ament_cmake_python_build_agt_mission_manager_egg
-- Install configuration: ""
-- Execute custom install script
-- Symlinking: /home/yangxuan/agt_navigation_runtime/install/agt_mission_manager/share/agt_mission_manager/environment/pythonpath.sh
-- Symlinking: /home/yangxuan/agt_navigation_runtime/install/agt_mission_manager/share/agt_mission_manager/environment/pythonpath.dsv
-- Symlinking: /home/yangxuan/agt_navigation_runtime/install/agt_mission_manager/local/lib/python3.10/dist-packages/agt_mission_manager-0.1.0-py3.10.egg-info/PKG-INFO
-- Symlinking: /home/yangxuan/agt_navigation_runtime/install/agt_mission_manager/local/lib/python3.10/dist-packages/agt_mission_manager-0.1.0-py3.10.egg-info/SOURCES.txt
-- Symlinking: /home/yangxuan/agt_navigation_runtime/install/agt_mission_manager/local/lib/python3.10/dist-packages/agt_mission_manager-0.1.0-py3.10.egg-info/dependency_links.txt
-- Symlinking: /home/yangxuan/agt_navigation_runtime/install/agt_mission_manager/local/lib/python3.10/dist-packages/agt_mission_manager-0.1.0-py3.10.egg-info/top_level.txt
-- Symlinking: /home/yangxuan/agt_navigation_runtime/install/agt_mission_manager/local/lib/python3.10/dist-packages/agt_mission_manager/__init__.py
-- Symlinking: /home/yangxuan/agt_navigation_runtime/install/agt_mission_manager/local/lib/python3.10/dist-packages/agt_mission_manager/audit_log.py
-- Symlinking: /home/yangxuan/agt_navigation_runtime/install/agt_mission_manager/local/lib/python3.10/dist-packages/agt_mission_manager/bt_mission_executor.py
-- Symlinking: /home/yangxuan/agt_navigation_runtime/install/agt_mission_manager/local/lib/python3.10/dist-packages/agt_mission_manager/mission_executor.py
-- Symlinking: /home/yangxuan/agt_navigation_runtime/install/agt_mission_manager/local/lib/python3.10/dist-packages/agt_mission_manager/mission_fsm.py
-- Symlinking: /home/yangxuan/agt_navigation_runtime/install/agt_mission_manager/local/lib/python3.10/dist-packages/agt_mission_manager/mission_model.py
-- Symlinking: /home/yangxuan/agt_navigation_runtime/install/agt_mission_manager/local/lib/python3.10/dist-packages/agt_mission_manager/mission_schema.py
-- Symlinking: /home/yangxuan/agt_navigation_runtime/install/agt_mission_manager/local/lib/python3.10/dist-packages/agt_mission_manager/mission_storage.py
-- Symlinking: /home/yangxuan/agt_navigation_runtime/install/agt_mission_manager/lib/agt_mission_manager/mission_manager_node.py
-- Symlinking: /home/yangxuan/agt_navigation_runtime/install/agt_mission_manager/share/agt_mission_manager/config/mission_manager.yaml
-- Symlinking: /home/yangxuan/agt_navigation_runtime/install/agt_mission_manager/share/agt_mission_manager/launch/mission_manager.launch.py
-- Symlinking: /home/yangxuan/agt_navigation_runtime/install/agt_mission_manager/share/ament_index/resource_index/package_run_dependencies/agt_mission_manager
-- Symlinking: /home/yangxuan/agt_navigation_runtime/install/agt_mission_manager/share/ament_index/resource_index/parent_prefix_path/agt_mission_manager
-- Symlinking: /home/yangxuan/agt_navigation_runtime/install/agt_mission_manager/share/agt_mission_manager/environment/ament_prefix_path.sh
-- Symlinking: /home/yangxuan/agt_navigation_runtime/install/agt_mission_manager/share/agt_mission_manager/environment/ament_prefix_path.dsv
-- Symlinking: /home/yangxuan/agt_navigation_runtime/install/agt_mission_manager/share/agt_mission_manager/environment/path.sh
-- Symlinking: /home/yangxuan/agt_navigation_runtime/install/agt_mission_manager/share/agt_mission_manager/environment/path.dsv
-- Symlinking: /home/yangxuan/agt_navigation_runtime/install/agt_mission_manager/share/agt_mission_manager/local_setup.bash
-- Symlinking: /home/yangxuan/agt_navigation_runtime/install/agt_mission_manager/share/agt_mission_manager/local_setup.sh
-- Symlinking: /home/yangxuan/agt_navigation_runtime/install/agt_mission_manager/share/agt_mission_manager/local_setup.zsh
-- Symlinking: /home/yangxuan/agt_navigation_runtime/install/agt_mission_manager/share/agt_mission_manager/local_setup.dsv
-- Symlinking: /home/yangxuan/agt_navigation_runtime/install/agt_mission_manager/share/agt_mission_manager/package.dsv
-- Symlinking: /home/yangxuan/agt_navigation_runtime/install/agt_mission_manager/share/ament_index/resource_index/packages/agt_mission_manager
-- Symlinking: /home/yangxuan/agt_navigation_runtime/install/agt_mission_manager/share/agt_mission_manager/cmake/agt_mission_managerConfig.cmake
-- Symlinking: /home/yangxuan/agt_navigation_runtime/install/agt_mission_manager/share/agt_mission_manager/cmake/agt_mission_managerConfig-version.cmake
-- Symlinking: /home/yangxuan/agt_navigation_runtime/install/agt_mission_manager/share/agt_mission_manager/package.xml
Listing '/home/yangxuan/agt_navigation_runtime/install/agt_mission_manager/local/lib/python3.10/dist-packages/agt_mission_manager'...
Compiling '/home/yangxuan/agt_navigation_runtime/install/agt_mission_manager/local/lib/python3.10/dist-packages/agt_mission_manager/__init__.py'...
Compiling '/home/yangxuan/agt_navigation_runtime/install/agt_mission_manager/local/lib/python3.10/dist-packages/agt_mission_manager/audit_log.py'...
Compiling '/home/yangxuan/agt_navigation_runtime/install/agt_mission_manager/local/lib/python3.10/dist-packages/agt_mission_manager/bt_mission_executor.py'...
Compiling '/home/yangxuan/agt_navigation_runtime/install/agt_mission_manager/local/lib/python3.10/dist-packages/agt_mission_manager/mission_executor.py'...
Compiling '/home/yangxuan/agt_navigation_runtime/install/agt_mission_manager/local/lib/python3.10/dist-packages/agt_mission_manager/mission_fsm.py'...
Compiling '/home/yangxuan/agt_navigation_runtime/install/agt_mission_manager/local/lib/python3.10/dist-packages/agt_mission_manager/mission_model.py'...
Compiling '/home/yangxuan/agt_navigation_runtime/install/agt_mission_manager/local/lib/python3.10/dist-packages/agt_mission_manager/mission_schema.py'...
Compiling '/home/yangxuan/agt_navigation_runtime/install/agt_mission_manager/local/lib/python3.10/dist-packages/agt_mission_manager/mission_storage.py'...
