[0.013s] Invoking command in '/home/yangxuan/agt_navigation_runtime/build/agt_mission_manager': AMENT_PREFIX_PATH=/home/yangxuan/agt_navigation_runtime/install/agt_navigation:/home/yangxuan/agt_navigation_runtime/install/agt_bt_executor:/home/yangxuan/agt_navigation_runtime/install/agt_interfaces:${AMENT_PREFIX_PATH} CMAKE_PREFIX_PATH=/home/yangxuan/agt_navigation_runtime/install/agt_navigation:/home/yangxuan/agt_navigation_runtime/install/agt_bt_executor:/home/yangxuan/agt_navigation_runtime/install/agt_interfaces:/opt/ros/humble LD_LIBRARY_PATH=/home/yangxuan/agt_navigation_runtime/install/agt_bt_executor/lib:/home/yangxuan/agt_navigation_runtime/install/agt_interfaces/lib:/usr/lib/x86_64-linux-gnu/gazebo-11/plugins:/opt/ros/humble/opt/rviz_ogre_vendor/lib:/opt/ros/humble/lib/x86_64-linux-gnu:/opt/ros/humble/opt/ortools_vendor/lib:/opt/ros/humble/opt/openvdb_vendor/lib:/opt/ros/humble/lib PYTHONPATH=/home/yangxuan/agt_navigation_runtime/install/agt_navigation/local/lib/python3.10/dist-packages:/home/yangxuan/agt_navigation_runtime/install/agt_interfaces/local/lib/python3.10/dist-packages:${PYTHONPATH} /usr/bin/cmake /home/yangxuan/agt_navigation_runtime/src/agt_mission_manager -DAMENT_CMAKE_SYMLINK_INSTALL=1 -DCMAKE_INSTALL_PREFIX=/home/yangxuan/agt_navigation_runtime/install/agt_mission_manager
[0.077s] -- The C compiler identification is GNU 11.4.0
[0.152s] -- The CXX compiler identification is GNU 11.4.0
[0.160s] -- Detecting C compiler ABI info
[0.258s] -- Detecting C compiler ABI info - done
[0.266s] -- Check for working C compiler: /usr/bin/cc - skipped
[0.266s] -- Detecting C compile features
[0.266s] -- Detecting C compile features - done
[0.270s] -- Detecting CXX compiler ABI info
[0.366s] -- Detecting CXX compiler ABI info - done
[0.378s] -- Check for working CXX compiler: /usr/bin/c++ - skipped
[0.378s] -- Detecting CXX compile features
[0.379s] -- Detecting CXX compile features - done
[0.384s] -- Found ament_cmake: 1.3.14 (/opt/ros/humble/share/ament_cmake/cmake)
[0.537s] -- Found Python3: /usr/bin/python3 (found version "3.10.12") found components: Interpreter 
[0.609s] -- Override CMake install command with custom implementation using symlinks instead of copying resources
[0.763s] -- Found ament_cmake_pytest: 1.3.14 (/opt/ros/humble/share/ament_cmake_pytest/cmake)
[6.766s] -- Configuring done
[6.778s] -- Generating done
[6.779s] -- Build files have been written to: /home/yangxuan/agt_navigation_runtime/build/agt_mission_manager
[6.783s] Invoked command in '/home/yangxuan/agt_navigation_runtime/build/agt_mission_manager' returned '0': AMENT_PREFIX_PATH=/home/yangxuan/agt_navigation_runtime/install/agt_navigation:/home/yangxuan/agt_navigation_runtime/install/agt_bt_executor:/home/yangxuan/agt_navigation_runtime/install/agt_interfaces:${AMENT_PREFIX_PATH} CMAKE_PREFIX_PATH=/home/yangxuan/agt_navigation_runtime/install/agt_navigation:/home/yangxuan/agt_navigation_runtime/install/agt_bt_executor:/home/yangxuan/agt_navigation_runtime/install/agt_interfaces:/opt/ros/humble LD_LIBRARY_PATH=/home/yangxuan/agt_navigation_runtime/install/agt_bt_executor/lib:/home/yangxuan/agt_navigation_runtime/install/agt_interfaces/lib:/usr/lib/x86_64-linux-gnu/gazebo-11/plugins:/opt/ros/humble/opt/rviz_ogre_vendor/lib:/opt/ros/humble/lib/x86_64-linux-gnu:/opt/ros/humble/opt/ortools_vendor/lib:/opt/ros/humble/opt/openvdb_vendor/lib:/opt/ros/humble/lib PYTHONPATH=/home/yangxuan/agt_navigation_runtime/install/agt_navigation/local/lib/python3.10/dist-packages:/home/yangxuan/agt_navigation_runtime/install/agt_interfaces/local/lib/python3.10/dist-packages:${PYTHONPATH} /usr/bin/cmake /home/yangxuan/agt_navigation_runtime/src/agt_mission_manager -DAMENT_CMAKE_SYMLINK_INSTALL=1 -DCMAKE_INSTALL_PREFIX=/home/yangxuan/agt_navigation_runtime/install/agt_mission_manager
[6.785s] Invoking command in '/home/yangxuan/agt_navigation_runtime/build/agt_mission_manager': AMENT_PREFIX_PATH=/home/yangxuan/agt_navigation_runtime/install/agt_navigation:/home/yangxuan/agt_navigation_runtime/install/agt_bt_executor:/home/yangxuan/agt_navigation_runtime/install/agt_interfaces:${AMENT_PREFIX_PATH} CMAKE_PREFIX_PATH=/home/yangxuan/agt_navigation_runtime/install/agt_navigation:/home/yangxuan/agt_navigation_runtime/install/agt_bt_executor:/home/yangxuan/agt_navigation_runtime/install/agt_interfaces:/opt/ros/humble LD_LIBRARY_PATH=/home/yangxuan/agt_navigation_runtime/install/agt_bt_executor/lib:/home/yangxuan/agt_navigation_runtime/install/agt_interfaces/lib:/usr/lib/x86_64-linux-gnu/gazebo-11/plugins:/opt/ros/humble/opt/rviz_ogre_vendor/lib:/opt/ros/humble/lib/x86_64-linux-gnu:/opt/ros/humble/opt/ortools_vendor/lib:/opt/ros/humble/opt/openvdb_vendor/lib:/opt/ros/humble/lib PYTHONPATH=/home/yangxuan/agt_navigation_runtime/install/agt_navigation/local/lib/python3.10/dist-packages:/home/yangxuan/agt_navigation_runtime/install/agt_interfaces/local/lib/python3.10/dist-packages:${PYTHONPATH} /usr/bin/cmake --build /home/yangxuan/agt_navigation_runtime/build/agt_mission_manager -- -j32 -l32
[6.838s] Built target ament_cmake_python_symlink_agt_mission_manager
[7.060s] running egg_info
[7.061s] creating agt_mission_manager.egg-info
[7.061s] writing agt_mission_manager.egg-info/PKG-INFO
[7.061s] writing dependency_links to agt_mission_manager.egg-info/dependency_links.txt
[7.062s] writing top-level names to agt_mission_manager.egg-info/top_level.txt
[7.062s] writing manifest file 'agt_mission_manager.egg-info/SOURCES.txt'
[7.065s] reading manifest file 'agt_mission_manager.egg-info/SOURCES.txt'
[7.065s] writing manifest file 'agt_mission_manager.egg-info/SOURCES.txt'
[7.094s] Built target ament_cmake_python_build_agt_mission_manager_egg
[7.105s] Invoked command in '/home/yangxuan/agt_navigation_runtime/build/agt_mission_manager' returned '0': AMENT_PREFIX_PATH=/home/yangxuan/agt_navigation_runtime/install/agt_navigation:/home/yangxuan/agt_navigation_runtime/install/agt_bt_executor:/home/yangxuan/agt_navigation_runtime/install/agt_interfaces:${AMENT_PREFIX_PATH} CMAKE_PREFIX_PATH=/home/yangxuan/agt_navigation_runtime/install/agt_navigation:/home/yangxuan/agt_navigation_runtime/install/agt_bt_executor:/home/yangxuan/agt_navigation_runtime/install/agt_interfaces:/opt/ros/humble LD_LIBRARY_PATH=/home/yangxuan/agt_navigation_runtime/install/agt_bt_executor/lib:/home/yangxuan/agt_navigation_runtime/install/agt_interfaces/lib:/usr/lib/x86_64-linux-gnu/gazebo-11/plugins:/opt/ros/humble/opt/rviz_ogre_vendor/lib:/opt/ros/humble/lib/x86_64-linux-gnu:/opt/ros/humble/opt/ortools_vendor/lib:/opt/ros/humble/opt/openvdb_vendor/lib:/opt/ros/humble/lib PYTHONPATH=/home/yangxuan/agt_navigation_runtime/install/agt_navigation/local/lib/python3.10/dist-packages:/home/yangxuan/agt_navigation_runtime/install/agt_interfaces/local/lib/python3.10/dist-packages:${PYTHONPATH} /usr/bin/cmake --build /home/yangxuan/agt_navigation_runtime/build/agt_mission_manager -- -j32 -l32
[7.106s] Invoking command in '/home/yangxuan/agt_navigation_runtime/build/agt_mission_manager': AMENT_PREFIX_PATH=/home/yangxuan/agt_navigation_runtime/install/agt_navigation:/home/yangxuan/agt_navigation_runtime/install/agt_bt_executor:/home/yangxuan/agt_navigation_runtime/install/agt_interfaces:${AMENT_PREFIX_PATH} CMAKE_PREFIX_PATH=/home/yangxuan/agt_navigation_runtime/install/agt_navigation:/home/yangxuan/agt_navigation_runtime/install/agt_bt_executor:/home/yangxuan/agt_navigation_runtime/install/agt_interfaces:/opt/ros/humble LD_LIBRARY_PATH=/home/yangxuan/agt_navigation_runtime/install/agt_bt_executor/lib:/home/yangxuan/agt_navigation_runtime/install/agt_interfaces/lib:/usr/lib/x86_64-linux-gnu/gazebo-11/plugins:/opt/ros/humble/opt/rviz_ogre_vendor/lib:/opt/ros/humble/lib/x86_64-linux-gnu:/opt/ros/humble/opt/ortools_vendor/lib:/opt/ros/humble/opt/openvdb_vendor/lib:/opt/ros/humble/lib PYTHONPATH=/home/yangxuan/agt_navigation_runtime/install/agt_navigation/local/lib/python3.10/dist-packages:/home/yangxuan/agt_navigation_runtime/install/agt_interfaces/local/lib/python3.10/dist-packages:${PYTHONPATH} /usr/bin/cmake --install /home/yangxuan/agt_navigation_runtime/build/agt_mission_manager
[7.116s] -- Install configuration: ""
[7.116s] -- Execute custom install script
[7.117s] -- Symlinking: /home/yangxuan/agt_navigation_runtime/install/agt_mission_manager/share/agt_mission_manager/environment/pythonpath.sh
[7.127s] -- Symlinking: /home/yangxuan/agt_navigation_runtime/install/agt_mission_manager/share/agt_mission_manager/environment/pythonpath.dsv
[7.135s] -- Symlinking: /home/yangxuan/agt_navigation_runtime/install/agt_mission_manager/local/lib/python3.10/dist-packages/agt_mission_manager-0.1.0-py3.10.egg-info/PKG-INFO
[7.144s] -- Symlinking: /home/yangxuan/agt_navigation_runtime/install/agt_mission_manager/local/lib/python3.10/dist-packages/agt_mission_manager-0.1.0-py3.10.egg-info/SOURCES.txt
[7.152s] -- Symlinking: /home/yangxuan/agt_navigation_runtime/install/agt_mission_manager/local/lib/python3.10/dist-packages/agt_mission_manager-0.1.0-py3.10.egg-info/dependency_links.txt
[7.159s] -- Symlinking: /home/yangxuan/agt_navigation_runtime/install/agt_mission_manager/local/lib/python3.10/dist-packages/agt_mission_manager-0.1.0-py3.10.egg-info/top_level.txt
[7.167s] -- Symlinking: /home/yangxuan/agt_navigation_runtime/install/agt_mission_manager/local/lib/python3.10/dist-packages/agt_mission_manager/__init__.py
[7.175s] -- Symlinking: /home/yangxuan/agt_navigation_runtime/install/agt_mission_manager/local/lib/python3.10/dist-packages/agt_mission_manager/audit_log.py
[7.183s] -- Symlinking: /home/yangxuan/agt_navigation_runtime/install/agt_mission_manager/local/lib/python3.10/dist-packages/agt_mission_manager/bt_mission_executor.py
[7.194s] -- Symlinking: /home/yangxuan/agt_navigation_runtime/install/agt_mission_manager/local/lib/python3.10/dist-packages/agt_mission_manager/mission_executor.py
[7.205s] -- Symlinking: /home/yangxuan/agt_navigation_runtime/install/agt_mission_manager/local/lib/python3.10/dist-packages/agt_mission_manager/mission_fsm.py
[7.213s] -- Symlinking: /home/yangxuan/agt_navigation_runtime/install/agt_mission_manager/local/lib/python3.10/dist-packages/agt_mission_manager/mission_model.py
[7.224s] -- Symlinking: /home/yangxuan/agt_navigation_runtime/install/agt_mission_manager/local/lib/python3.10/dist-packages/agt_mission_manager/mission_schema.py
[7.234s] -- Symlinking: /home/yangxuan/agt_navigation_runtime/install/agt_mission_manager/local/lib/python3.10/dist-packages/agt_mission_manager/mission_storage.py
[7.243s] -- Symlinking: /home/yangxuan/agt_navigation_runtime/install/agt_mission_manager/lib/agt_mission_manager/mission_manager_node.py
[7.253s] -- Symlinking: /home/yangxuan/agt_navigation_runtime/install/agt_mission_manager/share/agt_mission_manager/config/mission_manager.yaml
[7.263s] -- Symlinking: /home/yangxuan/agt_navigation_runtime/install/agt_mission_manager/share/agt_mission_manager/launch/mission_manager.launch.py
[7.271s] -- Symlinking: /home/yangxuan/agt_navigation_runtime/install/agt_mission_manager/share/ament_index/resource_index/package_run_dependencies/agt_mission_manager
[7.280s] -- Symlinking: /home/yangxuan/agt_navigation_runtime/install/agt_mission_manager/share/ament_index/resource_index/parent_prefix_path/agt_mission_manager
[7.289s] -- Symlinking: /home/yangxuan/agt_navigation_runtime/install/agt_mission_manager/share/agt_mission_manager/environment/ament_prefix_path.sh
[7.299s] -- Symlinking: /home/yangxuan/agt_navigation_runtime/install/agt_mission_manager/share/agt_mission_manager/environment/ament_prefix_path.dsv
[7.307s] -- Symlinking: /home/yangxuan/agt_navigation_runtime/install/agt_mission_manager/share/agt_mission_manager/environment/path.sh
[7.316s] -- Symlinking: /home/yangxuan/agt_navigation_runtime/install/agt_mission_manager/share/agt_mission_manager/environment/path.dsv
[7.324s] -- Symlinking: /home/yangxuan/agt_navigation_runtime/install/agt_mission_manager/share/agt_mission_manager/local_setup.bash
[7.332s] -- Symlinking: /home/yangxuan/agt_navigation_runtime/install/agt_mission_manager/share/agt_mission_manager/local_setup.sh
[7.343s] -- Symlinking: /home/yangxuan/agt_navigation_runtime/install/agt_mission_manager/share/agt_mission_manager/local_setup.zsh
[7.352s] -- Symlinking: /home/yangxuan/agt_navigation_runtime/install/agt_mission_manager/share/agt_mission_manager/local_setup.dsv
[7.359s] -- Symlinking: /home/yangxuan/agt_navigation_runtime/install/agt_mission_manager/share/agt_mission_manager/package.dsv
[7.371s] -- Symlinking: /home/yangxuan/agt_navigation_runtime/install/agt_mission_manager/share/ament_index/resource_index/packages/agt_mission_manager
[7.380s] -- Symlinking: /home/yangxuan/agt_navigation_runtime/install/agt_mission_manager/share/agt_mission_manager/cmake/agt_mission_managerConfig.cmake
[7.387s] -- Symlinking: /home/yangxuan/agt_navigation_runtime/install/agt_mission_manager/share/agt_mission_manager/cmake/agt_mission_managerConfig-version.cmake
[7.396s] -- Symlinking: /home/yangxuan/agt_navigation_runtime/install/agt_mission_manager/share/agt_mission_manager/package.xml
[7.449s] Listing '/home/yangxuan/agt_navigation_runtime/install/agt_mission_manager/local/lib/python3.10/dist-packages/agt_mission_manager'...
[7.449s] Compiling '/home/yangxuan/agt_navigation_runtime/install/agt_mission_manager/local/lib/python3.10/dist-packages/agt_mission_manager/__init__.py'...
[7.450s] Compiling '/home/yangxuan/agt_navigation_runtime/install/agt_mission_manager/local/lib/python3.10/dist-packages/agt_mission_manager/audit_log.py'...
[7.450s] Compiling '/home/yangxuan/agt_navigation_runtime/install/agt_mission_manager/local/lib/python3.10/dist-packages/agt_mission_manager/bt_mission_executor.py'...
[7.450s] Compiling '/home/yangxuan/agt_navigation_runtime/install/agt_mission_manager/local/lib/python3.10/dist-packages/agt_mission_manager/mission_executor.py'...
[7.450s] Compiling '/home/yangxuan/agt_navigation_runtime/install/agt_mission_manager/local/lib/python3.10/dist-packages/agt_mission_manager/mission_fsm.py'...
[7.450s] Compiling '/home/yangxuan/agt_navigation_runtime/install/agt_mission_manager/local/lib/python3.10/dist-packages/agt_mission_manager/mission_model.py'...
[7.450s] Compiling '/home/yangxuan/agt_navigation_runtime/install/agt_mission_manager/local/lib/python3.10/dist-packages/agt_mission_manager/mission_schema.py'...
[7.450s] Compiling '/home/yangxuan/agt_navigation_runtime/install/agt_mission_manager/local/lib/python3.10/dist-packages/agt_mission_manager/mission_storage.py'...
[7.456s] Invoked command in '/home/yangxuan/agt_navigation_runtime/build/agt_mission_manager' returned '0': AMENT_PREFIX_PATH=/home/yangxuan/agt_navigation_runtime/install/agt_navigation:/home/yangxuan/agt_navigation_runtime/install/agt_bt_executor:/home/yangxuan/agt_navigation_runtime/install/agt_interfaces:${AMENT_PREFIX_PATH} CMAKE_PREFIX_PATH=/home/yangxuan/agt_navigation_runtime/install/agt_navigation:/home/yangxuan/agt_navigation_runtime/install/agt_bt_executor:/home/yangxuan/agt_navigation_runtime/install/agt_interfaces:/opt/ros/humble LD_LIBRARY_PATH=/home/yangxuan/agt_navigation_runtime/install/agt_bt_executor/lib:/home/yangxuan/agt_navigation_runtime/install/agt_interfaces/lib:/usr/lib/x86_64-linux-gnu/gazebo-11/plugins:/opt/ros/humble/opt/rviz_ogre_vendor/lib:/opt/ros/humble/lib/x86_64-linux-gnu:/opt/ros/humble/opt/ortools_vendor/lib:/opt/ros/humble/opt/openvdb_vendor/lib:/opt/ros/humble/lib PYTHONPATH=/home/yangxuan/agt_navigation_runtime/install/agt_navigation/local/lib/python3.10/dist-packages:/home/yangxuan/agt_navigation_runtime/install/agt_interfaces/local/lib/python3.10/dist-packages:${PYTHONPATH} /usr/bin/cmake --install /home/yangxuan/agt_navigation_runtime/build/agt_mission_manager
