-- The C compiler identification is GNU 11.4.0
-- The CXX compiler identification is GNU 11.4.0
-- Detecting C compiler ABI info
-- Detecting C compiler ABI info - done
-- Check for working C compiler: /usr/bin/cc - skipped
-- Detecting C compile features
-- Detecting C compile features - done
-- Detecting CXX compiler ABI info
-- Detecting CXX compiler ABI info - done
-- Check for working CXX compiler: /usr/bin/c++ - skipped
-- Detecting CXX compile features
-- Detecting CXX compile features - done
-- Found ament_cmake: 1.3.14 (/opt/ros/humble/share/ament_cmake/cmake)
-- Found Python3: /usr/bin/python3 (found version "3.10.12") found components: Interpreter 
-- Override CMake install command with custom implementation using symlinks instead of copying resources
-- Found ament_cmake_pytest: 1.3.14 (/opt/ros/humble/share/ament_cmake_pytest/cmake)
-- Configuring done
-- Generating done
-- Build files have been written to: /home/yangxuan/agt_navigation_runtime/build/agt_experiment_manager
Built target ament_cmake_python_symlink_agt_experiment_manager
running egg_info
creating agt_experiment_manager.egg-info
writing agt_experiment_manager.egg-info/PKG-INFO
writing dependency_links to agt_experiment_manager.egg-info/dependency_links.txt
writing top-level names to agt_experiment_manager.egg-info/top_level.txt
writing manifest file 'agt_experiment_manager.egg-info/SOURCES.txt'
reading manifest file 'agt_experiment_manager.egg-info/SOURCES.txt'
writing manifest file 'agt_experiment_manager.egg-info/SOURCES.txt'
Built target ament_cmake_python_build_agt_experiment_manager_egg
-- Install configuration: ""
-- Execute custom install script
-- Symlinking: /home/yangxuan/agt_navigation_runtime/install/agt_experiment_manager/share/agt_experiment_manager/environment/pythonpath.sh
-- Symlinking: /home/yangxuan/agt_navigation_runtime/install/agt_experiment_manager/share/agt_experiment_manager/environment/pythonpath.dsv
-- Symlinking: /home/yangxuan/agt_navigation_runtime/install/agt_experiment_manager/local/lib/python3.10/dist-packages/agt_experiment_manager-0.1.0-py3.10.egg-info/PKG-INFO
-- Symlinking: /home/yangxuan/agt_navigation_runtime/install/agt_experiment_manager/local/lib/python3.10/dist-packages/agt_experiment_manager-0.1.0-py3.10.egg-info/SOURCES.txt
-- Symlinking: /home/yangxuan/agt_navigation_runtime/install/agt_experiment_manager/local/lib/python3.10/dist-packages/agt_experiment_manager-0.1.0-py3.10.egg-info/dependency_links.txt
-- Symlinking: /home/yangxuan/agt_navigation_runtime/install/agt_experiment_manager/local/lib/python3.10/dist-packages/agt_experiment_manager-0.1.0-py3.10.egg-info/top_level.txt
-- Symlinking: /home/yangxuan/agt_navigation_runtime/install/agt_experiment_manager/local/lib/python3.10/dist-packages/agt_experiment_manager/__init__.py
-- Symlinking: /home/yangxuan/agt_navigation_runtime/install/agt_experiment_manager/local/lib/python3.10/dist-packages/agt_experiment_manager/facade.py
-- Symlinking: /home/yangxuan/agt_navigation_runtime/install/agt_experiment_manager/local/lib/python3.10/dist-packages/agt_experiment_manager/manager.py
-- Symlinking: /home/yangxuan/agt_navigation_runtime/install/agt_experiment_manager/lib/agt_experiment_manager/experiment_manager_node.py
-- Symlinking: /home/yangxuan/agt_navigation_runtime/install/agt_experiment_manager/share/agt_experiment_manager/launch/README.md
-- Symlinking: /home/yangxuan/agt_navigation_runtime/install/agt_experiment_manager/share/agt_experiment_manager/launch/experiment_manager.launch.py
-- Symlinking: /home/yangxuan/agt_navigation_runtime/install/agt_experiment_manager/share/agt_experiment_manager/config/README.md
-- Symlinking: /home/yangxuan/agt_navigation_runtime/install/agt_experiment_manager/share/agt_experiment_manager/config/bag_profiles.yaml
-- Symlinking: /home/yangxuan/agt_navigation_runtime/install/agt_experiment_manager/share/ament_index/resource_index/package_run_dependencies/agt_experiment_manager
-- Symlinking: /home/yangxuan/agt_navigation_runtime/install/agt_experiment_manager/share/ament_index/resource_index/parent_prefix_path/agt_experiment_manager
-- Symlinking: /home/yangxuan/agt_navigation_runtime/install/agt_experiment_manager/share/agt_experiment_manager/environment/ament_prefix_path.sh
-- Symlinking: /home/yangxuan/agt_navigation_runtime/install/agt_experiment_manager/share/agt_experiment_manager/environment/ament_prefix_path.dsv
-- Symlinking: /home/yangxuan/agt_navigation_runtime/install/agt_experiment_manager/share/agt_experiment_manager/environment/path.sh
-- Symlinking: /home/yangxuan/agt_navigation_runtime/install/agt_experiment_manager/share/agt_experiment_manager/environment/path.dsv
-- Symlinking: /home/yangxuan/agt_navigation_runtime/install/agt_experiment_manager/share/agt_experiment_manager/local_setup.bash
-- Symlinking: /home/yangxuan/agt_navigation_runtime/install/agt_experiment_manager/share/agt_experiment_manager/local_setup.sh
-- Symlinking: /home/yangxuan/agt_navigation_runtime/install/agt_experiment_manager/share/agt_experiment_manager/local_setup.zsh
-- Symlinking: /home/yangxuan/agt_navigation_runtime/install/agt_experiment_manager/share/agt_experiment_manager/local_setup.dsv
-- Symlinking: /home/yangxuan/agt_navigation_runtime/install/agt_experiment_manager/share/agt_experiment_manager/package.dsv
-- Symlinking: /home/yangxuan/agt_navigation_runtime/install/agt_experiment_manager/share/ament_index/resource_index/packages/agt_experiment_manager
-- Symlinking: /home/yangxuan/agt_navigation_runtime/install/agt_experiment_manager/share/agt_experiment_manager/cmake/agt_experiment_managerConfig.cmake
-- Symlinking: /home/yangxuan/agt_navigation_runtime/install/agt_experiment_manager/share/agt_experiment_manager/cmake/agt_experiment_managerConfig-version.cmake
-- Symlinking: /home/yangxuan/agt_navigation_runtime/install/agt_experiment_manager/share/agt_experiment_manager/package.xml
Listing '/home/yangxuan/agt_navigation_runtime/install/agt_experiment_manager/local/lib/python3.10/dist-packages/agt_experiment_manager'...
Compiling '/home/yangxuan/agt_navigation_runtime/install/agt_experiment_manager/local/lib/python3.10/dist-packages/agt_experiment_manager/__init__.py'...
Compiling '/home/yangxuan/agt_navigation_runtime/install/agt_experiment_manager/local/lib/python3.10/dist-packages/agt_experiment_manager/facade.py'...
Compiling '/home/yangxuan/agt_navigation_runtime/install/agt_experiment_manager/local/lib/python3.10/dist-packages/agt_experiment_manager/manager.py'...
