[0.016s] Invoking command in '/home/yangxuan/agt_navigation_runtime/build/agt_experiment_manager': AMENT_PREFIX_PATH=/home/yangxuan/agt_navigation_runtime/install/agt_interfaces:${AMENT_PREFIX_PATH} CMAKE_PREFIX_PATH=/home/yangxuan/agt_navigation_runtime/install/agt_interfaces:/opt/ros/humble LD_LIBRARY_PATH=/home/yangxuan/agt_navigation_runtime/install/agt_interfaces/lib:/usr/lib/x86_64-linux-gnu/gazebo-11/plugins:/opt/ros/humble/opt/rviz_ogre_vendor/lib:/opt/ros/humble/lib/x86_64-linux-gnu:/opt/ros/humble/opt/ortools_vendor/lib:/opt/ros/humble/opt/openvdb_vendor/lib:/opt/ros/humble/lib PYTHONPATH=/home/yangxuan/agt_navigation_runtime/install/agt_interfaces/local/lib/python3.10/dist-packages:${PYTHONPATH} /usr/bin/cmake /home/yangxuan/agt_navigation_runtime/src/agt_experiment_manager -DAMENT_CMAKE_SYMLINK_INSTALL=1 -DCMAKE_INSTALL_PREFIX=/home/yangxuan/agt_navigation_runtime/install/agt_experiment_manager
[0.081s] -- The C compiler identification is GNU 11.4.0
[0.168s] -- The CXX compiler identification is GNU 11.4.0
[0.180s] -- Detecting C compiler ABI info
[0.271s] -- Detecting C compiler ABI info - done
[0.284s] -- Check for working C compiler: /usr/bin/cc - skipped
[0.284s] -- Detecting C compile features
[0.285s] -- Detecting C compile features - done
[0.290s] -- Detecting CXX compiler ABI info
[0.400s] -- Detecting CXX compiler ABI info - done
[0.413s] -- Check for working CXX compiler: /usr/bin/c++ - skipped
[0.414s] -- Detecting CXX compile features
[0.415s] -- Detecting CXX compile features - done
[0.419s] -- Found ament_cmake: 1.3.14 (/opt/ros/humble/share/ament_cmake/cmake)
[0.641s] -- Found Python3: /usr/bin/python3 (found version "3.10.12") found components: Interpreter 
[0.736s] -- Override CMake install command with custom implementation using symlinks instead of copying resources
[0.905s] -- Found ament_cmake_pytest: 1.3.14 (/opt/ros/humble/share/ament_cmake_pytest/cmake)
[4.543s] -- Configuring done
[4.546s] -- Generating done
[4.547s] -- Build files have been written to: /home/yangxuan/agt_navigation_runtime/build/agt_experiment_manager
[4.552s] Invoked command in '/home/yangxuan/agt_navigation_runtime/build/agt_experiment_manager' returned '0': AMENT_PREFIX_PATH=/home/yangxuan/agt_navigation_runtime/install/agt_interfaces:${AMENT_PREFIX_PATH} CMAKE_PREFIX_PATH=/home/yangxuan/agt_navigation_runtime/install/agt_interfaces:/opt/ros/humble LD_LIBRARY_PATH=/home/yangxuan/agt_navigation_runtime/install/agt_interfaces/lib:/usr/lib/x86_64-linux-gnu/gazebo-11/plugins:/opt/ros/humble/opt/rviz_ogre_vendor/lib:/opt/ros/humble/lib/x86_64-linux-gnu:/opt/ros/humble/opt/ortools_vendor/lib:/opt/ros/humble/opt/openvdb_vendor/lib:/opt/ros/humble/lib PYTHONPATH=/home/yangxuan/agt_navigation_runtime/install/agt_interfaces/local/lib/python3.10/dist-packages:${PYTHONPATH} /usr/bin/cmake /home/yangxuan/agt_navigation_runtime/src/agt_experiment_manager -DAMENT_CMAKE_SYMLINK_INSTALL=1 -DCMAKE_INSTALL_PREFIX=/home/yangxuan/agt_navigation_runtime/install/agt_experiment_manager
[4.554s] Invoking command in '/home/yangxuan/agt_navigation_runtime/build/agt_experiment_manager': AMENT_PREFIX_PATH=/home/yangxuan/agt_navigation_runtime/install/agt_interfaces:${AMENT_PREFIX_PATH} CMAKE_PREFIX_PATH=/home/yangxuan/agt_navigation_runtime/install/agt_interfaces:/opt/ros/humble LD_LIBRARY_PATH=/home/yangxuan/agt_navigation_runtime/install/agt_interfaces/lib:/usr/lib/x86_64-linux-gnu/gazebo-11/plugins:/opt/ros/humble/opt/rviz_ogre_vendor/lib:/opt/ros/humble/lib/x86_64-linux-gnu:/opt/ros/humble/opt/ortools_vendor/lib:/opt/ros/humble/opt/openvdb_vendor/lib:/opt/ros/humble/lib PYTHONPATH=/home/yangxuan/agt_navigation_runtime/install/agt_interfaces/local/lib/python3.10/dist-packages:${PYTHONPATH} /usr/bin/cmake --build /home/yangxuan/agt_navigation_runtime/build/agt_experiment_manager -- -j32 -l32
[4.630s] Built target ament_cmake_python_symlink_agt_experiment_manager
[5.208s] running egg_info
[5.210s] creating agt_experiment_manager.egg-info
[5.210s] writing agt_experiment_manager.egg-info/PKG-INFO
[5.210s] writing dependency_links to agt_experiment_manager.egg-info/dependency_links.txt
[5.211s] writing top-level names to agt_experiment_manager.egg-info/top_level.txt
[5.211s] writing manifest file 'agt_experiment_manager.egg-info/SOURCES.txt'
[5.217s] reading manifest file 'agt_experiment_manager.egg-info/SOURCES.txt'
[5.217s] writing manifest file 'agt_experiment_manager.egg-info/SOURCES.txt'
[5.266s] Built target ament_cmake_python_build_agt_experiment_manager_egg
[5.283s] Invoked command in '/home/yangxuan/agt_navigation_runtime/build/agt_experiment_manager' returned '0': AMENT_PREFIX_PATH=/home/yangxuan/agt_navigation_runtime/install/agt_interfaces:${AMENT_PREFIX_PATH} CMAKE_PREFIX_PATH=/home/yangxuan/agt_navigation_runtime/install/agt_interfaces:/opt/ros/humble LD_LIBRARY_PATH=/home/yangxuan/agt_navigation_runtime/install/agt_interfaces/lib:/usr/lib/x86_64-linux-gnu/gazebo-11/plugins:/opt/ros/humble/opt/rviz_ogre_vendor/lib:/opt/ros/humble/lib/x86_64-linux-gnu:/opt/ros/humble/opt/ortools_vendor/lib:/opt/ros/humble/opt/openvdb_vendor/lib:/opt/ros/humble/lib PYTHONPATH=/home/yangxuan/agt_navigation_runtime/install/agt_interfaces/local/lib/python3.10/dist-packages:${PYTHONPATH} /usr/bin/cmake --build /home/yangxuan/agt_navigation_runtime/build/agt_experiment_manager -- -j32 -l32
[5.286s] Invoking command in '/home/yangxuan/agt_navigation_runtime/build/agt_experiment_manager': AMENT_PREFIX_PATH=/home/yangxuan/agt_navigation_runtime/install/agt_interfaces:${AMENT_PREFIX_PATH} CMAKE_PREFIX_PATH=/home/yangxuan/agt_navigation_runtime/install/agt_interfaces:/opt/ros/humble LD_LIBRARY_PATH=/home/yangxuan/agt_navigation_runtime/install/agt_interfaces/lib:/usr/lib/x86_64-linux-gnu/gazebo-11/plugins:/opt/ros/humble/opt/rviz_ogre_vendor/lib:/opt/ros/humble/lib/x86_64-linux-gnu:/opt/ros/humble/opt/ortools_vendor/lib:/opt/ros/humble/opt/openvdb_vendor/lib:/opt/ros/humble/lib PYTHONPATH=/home/yangxuan/agt_navigation_runtime/install/agt_interfaces/local/lib/python3.10/dist-packages:${PYTHONPATH} /usr/bin/cmake --install /home/yangxuan/agt_navigation_runtime/build/agt_experiment_manager
[5.298s] -- Install configuration: ""
[5.298s] -- Execute custom install script
[5.299s] -- Symlinking: /home/yangxuan/agt_navigation_runtime/install/agt_experiment_manager/share/agt_experiment_manager/environment/pythonpath.sh
[5.313s] -- Symlinking: /home/yangxuan/agt_navigation_runtime/install/agt_experiment_manager/share/agt_experiment_manager/environment/pythonpath.dsv
[5.327s] -- Symlinking: /home/yangxuan/agt_navigation_runtime/install/agt_experiment_manager/local/lib/python3.10/dist-packages/agt_experiment_manager-0.1.0-py3.10.egg-info/PKG-INFO
[5.342s] -- Symlinking: /home/yangxuan/agt_navigation_runtime/install/agt_experiment_manager/local/lib/python3.10/dist-packages/agt_experiment_manager-0.1.0-py3.10.egg-info/SOURCES.txt
[5.356s] -- Symlinking: /home/yangxuan/agt_navigation_runtime/install/agt_experiment_manager/local/lib/python3.10/dist-packages/agt_experiment_manager-0.1.0-py3.10.egg-info/dependency_links.txt
[5.370s] -- Symlinking: /home/yangxuan/agt_navigation_runtime/install/agt_experiment_manager/local/lib/python3.10/dist-packages/agt_experiment_manager-0.1.0-py3.10.egg-info/top_level.txt
[5.383s] -- Symlinking: /home/yangxuan/agt_navigation_runtime/install/agt_experiment_manager/local/lib/python3.10/dist-packages/agt_experiment_manager/__init__.py
[5.397s] -- Symlinking: /home/yangxuan/agt_navigation_runtime/install/agt_experiment_manager/local/lib/python3.10/dist-packages/agt_experiment_manager/facade.py
[5.411s] -- Symlinking: /home/yangxuan/agt_navigation_runtime/install/agt_experiment_manager/local/lib/python3.10/dist-packages/agt_experiment_manager/manager.py
[5.425s] -- Symlinking: /home/yangxuan/agt_navigation_runtime/install/agt_experiment_manager/lib/agt_experiment_manager/experiment_manager_node.py
[5.440s] -- Symlinking: /home/yangxuan/agt_navigation_runtime/install/agt_experiment_manager/share/agt_experiment_manager/launch/README.md
[5.454s] -- Symlinking: /home/yangxuan/agt_navigation_runtime/install/agt_experiment_manager/share/agt_experiment_manager/launch/experiment_manager.launch.py
[5.466s] -- Symlinking: /home/yangxuan/agt_navigation_runtime/install/agt_experiment_manager/share/agt_experiment_manager/config/README.md
[5.479s] -- Symlinking: /home/yangxuan/agt_navigation_runtime/install/agt_experiment_manager/share/agt_experiment_manager/config/bag_profiles.yaml
[5.493s] -- Symlinking: /home/yangxuan/agt_navigation_runtime/install/agt_experiment_manager/share/ament_index/resource_index/package_run_dependencies/agt_experiment_manager
[5.507s] -- Symlinking: /home/yangxuan/agt_navigation_runtime/install/agt_experiment_manager/share/ament_index/resource_index/parent_prefix_path/agt_experiment_manager
[5.522s] -- Symlinking: /home/yangxuan/agt_navigation_runtime/install/agt_experiment_manager/share/agt_experiment_manager/environment/ament_prefix_path.sh
[5.536s] -- Symlinking: /home/yangxuan/agt_navigation_runtime/install/agt_experiment_manager/share/agt_experiment_manager/environment/ament_prefix_path.dsv
[5.550s] -- Symlinking: /home/yangxuan/agt_navigation_runtime/install/agt_experiment_manager/share/agt_experiment_manager/environment/path.sh
[5.562s] -- Symlinking: /home/yangxuan/agt_navigation_runtime/install/agt_experiment_manager/share/agt_experiment_manager/environment/path.dsv
[5.575s] -- Symlinking: /home/yangxuan/agt_navigation_runtime/install/agt_experiment_manager/share/agt_experiment_manager/local_setup.bash
[5.589s] -- Symlinking: /home/yangxuan/agt_navigation_runtime/install/agt_experiment_manager/share/agt_experiment_manager/local_setup.sh
[5.602s] -- Symlinking: /home/yangxuan/agt_navigation_runtime/install/agt_experiment_manager/share/agt_experiment_manager/local_setup.zsh
[5.616s] -- Symlinking: /home/yangxuan/agt_navigation_runtime/install/agt_experiment_manager/share/agt_experiment_manager/local_setup.dsv
[5.629s] -- Symlinking: /home/yangxuan/agt_navigation_runtime/install/agt_experiment_manager/share/agt_experiment_manager/package.dsv
[5.642s] -- Symlinking: /home/yangxuan/agt_navigation_runtime/install/agt_experiment_manager/share/ament_index/resource_index/packages/agt_experiment_manager
[5.655s] -- Symlinking: /home/yangxuan/agt_navigation_runtime/install/agt_experiment_manager/share/agt_experiment_manager/cmake/agt_experiment_managerConfig.cmake
[5.669s] -- Symlinking: /home/yangxuan/agt_navigation_runtime/install/agt_experiment_manager/share/agt_experiment_manager/cmake/agt_experiment_managerConfig-version.cmake
[5.681s] -- Symlinking: /home/yangxuan/agt_navigation_runtime/install/agt_experiment_manager/share/agt_experiment_manager/package.xml
[5.778s] Listing '/home/yangxuan/agt_navigation_runtime/install/agt_experiment_manager/local/lib/python3.10/dist-packages/agt_experiment_manager'...
[5.778s] Compiling '/home/yangxuan/agt_navigation_runtime/install/agt_experiment_manager/local/lib/python3.10/dist-packages/agt_experiment_manager/__init__.py'...
[5.778s] Compiling '/home/yangxuan/agt_navigation_runtime/install/agt_experiment_manager/local/lib/python3.10/dist-packages/agt_experiment_manager/facade.py'...
[5.778s] Compiling '/home/yangxuan/agt_navigation_runtime/install/agt_experiment_manager/local/lib/python3.10/dist-packages/agt_experiment_manager/manager.py'...
[5.788s] Invoked command in '/home/yangxuan/agt_navigation_runtime/build/agt_experiment_manager' returned '0': AMENT_PREFIX_PATH=/home/yangxuan/agt_navigation_runtime/install/agt_interfaces:${AMENT_PREFIX_PATH} CMAKE_PREFIX_PATH=/home/yangxuan/agt_navigation_runtime/install/agt_interfaces:/opt/ros/humble LD_LIBRARY_PATH=/home/yangxuan/agt_navigation_runtime/install/agt_interfaces/lib:/usr/lib/x86_64-linux-gnu/gazebo-11/plugins:/opt/ros/humble/opt/rviz_ogre_vendor/lib:/opt/ros/humble/lib/x86_64-linux-gnu:/opt/ros/humble/opt/ortools_vendor/lib:/opt/ros/humble/opt/openvdb_vendor/lib:/opt/ros/humble/lib PYTHONPATH=/home/yangxuan/agt_navigation_runtime/install/agt_interfaces/local/lib/python3.10/dist-packages:${PYTHONPATH} /usr/bin/cmake --install /home/yangxuan/agt_navigation_runtime/build/agt_experiment_manager
